Component: ARM Compiler 5.06 update 7 (build 960) Tool: armlink [4d3601]

==============================================================================

Section Cross References

    main.o(.text) refers to rtx_kernel.o(.text) for osKernelGetState
    main.o(.text) refers to stm32f4xx_hal_cortex.o(.text) for HAL_NVIC_EnableIRQ
    main.o(.text) refers to stm32f4xx_hal_gpio.o(.text) for HAL_GPIO_Init
    main.o(.text) refers to stm32f4xx_hal_rcc.o(.text) for HAL_RCC_OscConfig
    main.o(.text) refers to stm32f4xx_hal.o(.text) for HAL_GetREVID
    main.o(.text) refers to system_stm32f4xx_1.o(.text) for SystemCoreClockUpdate
    main.o(.text) refers to lcd.o(.text) for LCD_reset
    main.o(.text) refers to adc.o(.text) for ADC1_pins_F429ZI_config
    main.o(.text) refers to rtc.o(.text) for init_RTC
    main.o(.text) refers to rtx_thread.o(.text) for osThreadNew
    main.o(.text) refers to system_stm32f4xx_1.o(.data) for SystemCoreClock
    main.o(.text) refers to main.o(.data) for .data
    main.o(.text) refers to main.o(.bss) for .bss
    main.o(.text) refers to http_server.o(.constdata) for app_main_attr
    main.o(.text) refers to http_server.o(.text) for app_main
    http_server.o(.text) refers to adc.o(.text) for ADC_getVoltage
    http_server.o(.text) refers to ffixi.o(.text) for __aeabi_f2iz
    http_server.o(.text) refers to rtx_thread.o(.text) for osThreadFlagsSet
    http_server.o(.text) refers to net_sys.o(i.netIF_GetOption) for netIF_GetOption
    http_server.o(.text) refers to net_addr.o(i.netIP_ntoa) for netIP_ntoa
    http_server.o(.text) refers to lcd.o(.text) for Clean_L1
    http_server.o(.text) refers to printfa.o(i.__0sprintf) for __2sprintf
    http_server.o(.text) refers to conf_leds.o(.text) for LED_Initialize
    http_server.o(.text) refers to net_sys.o(i.netInitialize) for netInitialize
    http_server.o(.text) refers to rtx_delay.o(.text) for osDelay
    http_server.o(.text) refers to sntp.o(.text) for get_time
    http_server.o(.text) refers to thlcd.o(.text) for Init_ThLCD
    http_server.o(.text) refers to thalarm.o(.text) for Init_ThAlarm
    http_server.o(.text) refers to main.o(.bss) for adc
    http_server.o(.text) refers to http_server.o(.data) for .data
    http_server.o(.text) refers to http_server.o(.bss) for .bss
    http_server.o(.constdata) refers to http_server.o(.bss) for app_main_stk
    http_server_cgi.o(.text) refers to net_http_server.o(i.netCGI_GetEnvVar) for netCGI_GetEnvVar
    http_server_cgi.o(.text) refers to net_addr.o(i.netIP_aton) for netIP_aton
    http_server_cgi.o(.text) refers to net_sys.o(i.netIF_SetOption) for netIF_SetOption
    http_server_cgi.o(.text) refers to strcmp.o(.text) for strcmp
    http_server_cgi.o(.text) refers to strncmp.o(.text) for strncmp
    http_server_cgi.o(.text) refers to conf_leds.o(.text) for LED_SetOut
    http_server_cgi.o(.text) refers to stm32f4xx_hal_gpio.o(.text) for HAL_GPIO_TogglePin
    http_server_cgi.o(.text) refers to net_http_server.o(i.netHTTPs_LoginActive) for netHTTPs_LoginActive
    http_server_cgi.o(.text) refers to strcpy.o(.text) for strcpy
    http_server_cgi.o(.text) refers to net_http_server.o(i.netHTTPs_SetPassword) for netHTTPs_SetPassword
    http_server_cgi.o(.text) refers to rtx_thread.o(.text) for osThreadFlagsSet
    http_server_cgi.o(.text) refers to net_sys.o(i.netIF_GetOption) for netIF_GetOption
    http_server_cgi.o(.text) refers to net_addr.o(i.netIP_ntoa) for netIP_ntoa
    http_server_cgi.o(.text) refers to printfa.o(i.__0sprintf) for __2sprintf
    http_server_cgi.o(.text) refers to net_tcp.o(i.netTCP_GetState) for netTCP_GetState
    http_server_cgi.o(.text) refers to net_tcp.o(i.netTCP_GetPeer) for netTCP_GetPeer
    http_server_cgi.o(.text) refers to net_tcp.o(i.netTCP_GetTimer) for netTCP_GetTimer
    http_server_cgi.o(.text) refers to net_tcp.o(i.netTCP_GetLocalPort) for netTCP_GetLocalPort
    http_server_cgi.o(.text) refers to http_server_cgi.o(.bss) for .bss
    http_server_cgi.o(.text) refers to http_server_cgi.o(.data) for .data
    http_server_cgi.o(.text) refers to http_server.o(.data) for LEDrun
    http_server_cgi.o(.text) refers to http_server.o(.data) for TID_Display
    http_server_cgi.o(.text) refers to http_server_cgi.o(.conststring) for .conststring
    http_server_cgi.o(.text) refers to net_http_server.o(i.netHTTPs_GetPassword) for netHTTPs_GetPassword
    http_server_cgi.o(.text) refers to net_http_server.o(i.netHTTPs_GetLanguage) for netHTTPs_GetLanguage
    http_server_cgi.o(.text) refers to http_server.o(.text) for AD_in
    http_server_cgi.o(.text) refers to ffltui.o(.text) for __aeabi_ui2f
    http_server_cgi.o(.text) refers to fmul.o(.text) for __aeabi_fmul
    http_server_cgi.o(.text) refers to fscalb.o(.text) for __ARM_scalbnf
    http_server_cgi.o(.text) refers to f2d.o(.text) for __aeabi_f2d
    http_server_cgi.o(.text) refers to rtc.o(.text) for get_tiempo_fecha
    http_server_cgi.o(.text) refers to memcpya.o(.text) for __aeabi_memcpy
[...]
    netETH_ReceiveRaw                        0x08013967   Thumb Code     2  net_eth.o(i.netETH_ReceiveRaw)
    netETH_Thread                            0x08013969   Thumb Code   114  net_eth.o(i.netETH_Thread)
    netHTTPs_AcceptClient                    0x080139db   Thumb Code     4  net_http_server.o(i.netHTTPs_AcceptClient)
    netHTTPs_CheckAccount                    0x080139df   Thumb Code     4  net_http_server_auth.o(i.netHTTPs_CheckAccount)
    netHTTPs_FileAccess                      0x080139e3   Thumb Code     4  net_http_server.o(i.netHTTPs_FileAccess)
    netHTTPs_GetLanguage                     0x080139e9   Thumb Code    24  net_http_server.o(i.netHTTPs_GetLanguage)
    netHTTPs_GetPassword                     0x08013a09   Thumb Code     6  net_http_server.o(i.netHTTPs_GetPassword)
    netHTTPs_LoginActive                     0x08013a15   Thumb Code     6  net_http_server.o(i.netHTTPs_LoginActive)
    netHTTPs_SetPassword                     0x08013a21   Thumb Code    78  net_http_server.o(i.netHTTPs_SetPassword)
    netIF_GetOption                          0x08013a79   Thumb Code   128  net_sys.o(i.netIF_GetOption)
    netIF_SetOption                          0x08013b01   Thumb Code   124  net_sys.o(i.netIF_SetOption)
    netIP_aton                               0x08013b85   Thumb Code    26  net_addr.o(i.netIP_aton)
    netIP_ntoa                               0x08013b9f   Thumb Code    50  net_addr.o(i.netIP_ntoa)
    netInitialize                            0x08013bd1   Thumb Code   156  net_sys.o(i.netInitialize)
    netMAC_aton                              0x08013c7d   Thumb Code   140  net_addr.o(i.netMAC_aton)
    netSNTPc_GetTime                         0x08013d09   Thumb Code    28  net_sntp_client_core.o(i.netSNTPc_GetTime)
    netTCP_GetLocalPort                      0x08013d25   Thumb Code     4  net_tcp.o(i.netTCP_GetLocalPort)
    netTCP_GetPeer                           0x08013d29   Thumb Code    32  net_tcp.o(i.netTCP_GetPeer)
    netTCP_GetState                          0x08013d49   Thumb Code     4  net_tcp.o(i.netTCP_GetState)
    netTCP_GetTimer                          0x08013d4d   Thumb Code     4  net_tcp.o(i.netTCP_GetTimer)
    net_addr4_aton                           0x08013d51   Thumb Code   124  net_addr.o(i.net_addr4_aton)
    net_addr4_to_mac                         0x08013dcd   Thumb Code    30  net_addr.o(i.net_addr4_to_mac)
    net_addr6_aton                           0x08013ded   Thumb Code   230  net_addr.o(i.net_addr6_aton)
    net_addr6_comp                           0x08013ed3   Thumb Code    40  net_addr.o(i.net_addr6_comp)
    net_addr6_copy                           0x08013efb   Thumb Code    18  net_addr.o(i.net_addr6_copy)
    net_addr6_create                         0x08013f0d   Thumb Code    70  net_addr.o(i.net_addr6_create)
    net_addr6_get_solicited                  0x08013f59   Thumb Code    34  net_addr.o(i.net_addr6_get_solicited)
    net_addr6_is_linklocal                   0x08013f81   Thumb Code    24  net_addr.o(i.net_addr6_is_linklocal)
    net_addr6_is_onlink                      0x08013f99   Thumb Code   110  net_addr.o(i.net_addr6_is_onlink)
    net_addr6_is_solicited                   0x08014007   Thumb Code    72  net_addr.o(i.net_addr6_is_solicited)
    net_addr6_is_unspec                      0x0801404f   Thumb Code    24  net_addr.o(i.net_addr6_is_unspec)
    net_addr6_to_mac                         0x08014067   Thumb Code    14  net_addr.o(i.net_addr6_to_mac)
    net_addr_comp                            0x08014075   Thumb Code    44  net_addr.o(i.net_addr_comp)
    net_addr_copy                            0x080140a1   Thumb Code    38  net_addr.o(i.net_addr_copy)
    net_addr_find_route                      0x080140c7   Thumb Code    26  net_addr.o(i.net_addr_find_route)
    net_addr_get_local                       0x080140e1   Thumb Code    26  net_addr.o(i.net_addr_get_local)
    net_addr_is_unspec                       0x08014101   Thumb Code    34  net_addr.o(i.net_addr_is_unspec)
    net_arp_cache_add                        0x08014125   Thumb Code   276  net_arp.o(i.net_arp_cache_add)
    net_arp_cache_early                      0x08014241   Thumb Code   180  net_arp.o(i.net_arp_cache_early)
    net_arp_cache_find                       0x080142fd   Thumb Code   224  net_arp.o(i.net_arp_cache_find)
    net_arp_cache_init                       0x080143e9   Thumb Code    64  net_arp.o(i.net_arp_cache_init)
    net_arp_cache_run                        0x08014431   Thumb Code    22  net_arp.o(i.net_arp_cache_run)
    net_arp_enqueue                          0x0801444d   Thumb Code   114  net_arp.o(i.net_arp_enqueue)
    net_arp_notify                           0x080144c5   Thumb Code    32  net_arp.o(i.net_arp_notify)
    net_arp_process                          0x080144e5   Thumb Code   536  net_arp.o(i.net_arp_process)
    net_atoi                                 0x08014709   Thumb Code    66  net_common.o(i.net_atoi)
    net_base64_decode                        0x0801474d   Thumb Code   114  net_base64.o(i.net_base64_decode)
    net_chksum_buf                           0x080147c5   Thumb Code    48  net_common.o(i.net_chksum_buf)
    net_crc_buf                              0x080147f5   Thumb Code    30  net_common.o(i.net_crc_buf)
    net_eth_callback                         0x08014813   Thumb Code    14  net_eth.o(i.net_eth_callback)
    net_eth_config_mcast                     0x08014821   Thumb Code   104  net_eth.o(i.net_eth_config_mcast)
    net_eth_get_option                       0x08014889   Thumb Code   234  net_eth.o(i.net_eth_get_option)
    net_eth_iface_init                       0x08014975   Thumb Code    22  net_eth.o(i.net_eth_iface_init)
    net_eth_iface_run                        0x08014991   Thumb Code    22  net_eth.o(i.net_eth_iface_run)
    net_eth_output                           0x080149ad   Thumb Code   164  net_eth.o(i.net_eth_output)
    net_eth_send_frame                       0x08014a55   Thumb Code   462  net_eth.o(i.net_eth_send_frame)
    net_eth_set_option                       0x08014c35   Thumb Code   610  net_eth.o(i.net_eth_set_option)
    net_http_server_init                     0x08014ea5   Thumb Code   212  net_http_server.o(i.net_http_server_init)
    net_http_server_run                      0x08014f8d   Thumb Code    30  net_http_server.o(i.net_http_server_run)
    net_icmp6_init                           0x08014fb5   Thumb Code    20  net_icmp6.o(i.net_icmp6_init)
    net_icmp6_process                        0x08014fcd   Thumb Code   542  net_icmp6.o(i.net_icmp6_process)
    net_icmp6_send                           0x08015205   Thumb Code   122  net_icmp6.o(i.net_icmp6_send)
    net_icmp6_send_echo                      0x08015289   Thumb Code    78  net_icmp6.o(i.net_icmp6_send_echo)
    net_icmp_init                            0x080152e1   Thumb Code    20  net_icmp.o(i.net_icmp_init)
    net_icmp_process                         0x080152f9   Thumb Code   430  net_icmp.o(i.net_icmp_process)
    net_icmp_send_echo                       0x080154c1   Thumb Code   142  net_icmp.o(i.net_icmp_send_echo)
    net_if_map_all                           0x08015561   Thumb Code     6  net_sys.o(i.net_if_map_all)
    net_ip4_chk_frame                        0x0801556d   Thumb Code   372  net_ip4.o(i.net_ip4_chk_frame)
    net_ip4_chksum                           0x080156f9   Thumb Code    44  net_ip4.o(i.net_ip4_chksum)
    net_ip4_chksum_buf                       0x08015725   Thumb Code     6  net_ip4.o(i.net_ip4_chksum_buf)
    net_ip4_find_route                       0x0801572d   Thumb Code   104  net_ip4.o(i.net_ip4_find_route)
    net_ip4_frag_add                         0x080157ad   Thumb Code   284  net_ip4_frag.o(i.net_ip4_frag_add)
    net_ip4_frag_get                         0x080158d1   Thumb Code   168  net_ip4_frag.o(i.net_ip4_frag_get)
    net_ip4_frag_init                        0x0801597d   Thumb Code    12  net_ip4_frag.o(i.net_ip4_frag_init)
    net_ip4_frag_run                         0x0801598d   Thumb Code    50  net_ip4_frag.o(i.net_ip4_frag_run)
    net_ip4_get_local                        0x080159c9   Thumb Code    40  net_ip4.o(i.net_ip4_get_local)
    net_ip4_init                             0x080159f5   Thumb Code    22  net_ip4.o(i.net_ip4_init)
    net_ip4_is_onlink                        0x08015a19   Thumb Code    32  net_ip4.o(i.net_ip4_is_onlink)
    net_ip4_is_subcast                       0x08015a39   Thumb Code    38  net_ip4.o(i.net_ip4_is_subcast)
    net_ip4_reass_frame                      0x08015a5f   Thumb Code    14  net_ip4.o(i.net_ip4_reass_frame)
    net_ip4_send_frame                       0x08015a6d   Thumb Code   340  net_ip4.o(i.net_ip4_send_frame)
    net_ip4_tx_offl_hl                       0x08015bd1   Thumb Code    42  net_ip4.o(i.net_ip4_tx_offl_hl)
    net_ip6_chk_frame                        0x08015bfd   Thumb Code   236  net_ip6.o(i.net_ip6_chk_frame)
    net_ip6_chksum                           0x08015cfd   Thumb Code    50  net_ip6.o(i.net_ip6_chksum)
    net_ip6_collect_mcast                    0x08015d31   Thumb Code   118  net_ip6.o(i.net_ip6_collect_mcast)
    net_ip6_find_route                       0x08015dad   Thumb Code    56  net_ip6.o(i.net_ip6_find_route)
    net_ip6_get_local                        0x08015df5   Thumb Code    74  net_ip6.o(i.net_ip6_get_local)
    net_ip6_init                             0x08015e49   Thumb Code    20  net_ip6.o(i.net_ip6_init)
    net_ip6_send_frame                       0x08015e65   Thumb Code   192  net_ip6.o(i.net_ip6_send_frame)
    net_ip6_tx_offl_hl                       0x08015f31   Thumb Code    30  net_ip6.o(i.net_ip6_tx_offl_hl)
    net_itoa                                 0x08015f4f   Thumb Code     8  net_common.o(i.net_itoa)
    net_itoa_n0                              0x08015f57   Thumb Code     6  net_common.o(i.net_itoa_n0)
    net_loop_iface_init                      0x08015f5d   Thumb Code    40  net_loopback.o(i.net_loop_iface_init)
    net_loop_iface_run                       0x08015f8d   Thumb Code   176  net_loopback.o(i.net_loop_iface_run)
    net_loop_send_frame                      0x08016049   Thumb Code   104  net_loopback.o(i.net_loop_send_frame)
    net_mem_alloc                            0x080160b9   Thumb Code   178  net_mem.o(i.net_mem_alloc)
    net_mem_avail                            0x08016179   Thumb Code    22  net_mem.o(i.net_mem_avail)
    net_mem_free                             0x08016195   Thumb Code   152  net_mem.o(i.net_mem_free)
    net_mem_init                             0x08016239   Thumb Code    98  net_mem.o(i.net_mem_init)
    net_mem_shrink                           0x080162a9   Thumb Code    62  net_mem.o(i.net_mem_shrink)
    net_ndp_cache_find                       0x080162f1   Thumb Code   438  net_ndp.o(i.net_ndp_cache_find)
    net_ndp_cache_refresh                    0x080164b5   Thumb Code   112  net_ndp.o(i.net_ndp_cache_refresh)
    net_ndp_enqueue                          0x0801652d   Thumb Code   108  net_ndp.o(i.net_ndp_enqueue)
    net_ndp_process                          0x0801659d   Thumb Code   872  net_ndp.o(i.net_ndp_process)
    net_path                                 0x08016911   Thumb Code    52  net_sys.o(i.net_path)
    net_ping_client_init                     0x08016949   Thumb Code    22  net_ping_core.o(i.net_ping_client_init)
    net_ping_client_run                      0x08016969   Thumb Code   110  net_ping_core.o(i.net_ping_client_run)
    net_rand32                               0x080169e9   Thumb Code    18  net_sys.o(i.net_rand32)
    net_sntp_client_init                     0x08016a05   Thumb Code    80  net_sntp_client_core.o(i.net_sntp_client_init)
    net_sntp_client_run                      0x08016a61   Thumb Code    76  net_sntp_client_core.o(i.net_sntp_client_run)
    net_sntp_client_start                    0x08016ab9   Thumb Code   312  net_sntp_client_core.o(i.net_sntp_client_start)
    net_strcasecmp                           0x08016c01   Thumb Code    46  net_common.o(i.net_strcasecmp)
    net_strchr                               0x08016c2f   Thumb Code    22  net_common.o(i.net_strchr)
    net_strcmp                               0x08016c45   Thumb Code    26  net_common.o(i.net_strcmp)
    net_strcpy                               0x08016c5f   Thumb Code    18  net_common.o(i.net_strcpy)
    net_strnchr                              0x08016c71   Thumb Code    28  net_common.o(i.net_strnchr)
    net_strncpy                              0x08016c8d   Thumb Code    26  net_common.o(i.net_strncpy)
    net_sys_lock                             0x08016ca9   Thumb Code     8  net_sys.o(i.net_sys_lock)
    net_sys_resume                           0x08016cb5   Thumb Code    22  net_sys.o(i.net_sys_resume)
    net_sys_tick                             0x08016ccd   Thumb Code    16  net_sys.o(i.net_sys_tick)
    net_sys_unlock                           0x08016ce1   Thumb Code     8  net_sys.o(i.net_sys_unlock)
    net_sys_wakeup                           0x08016ced   Thumb Code    26  net_sys.o(i.net_sys_wakeup)
    net_tcp_abort                            0x08016d0d   Thumb Code   122  net_tcp.o(i.net_tcp_abort)
    net_tcp_close                            0x08016d91   Thumb Code   218  net_tcp.o(i.net_tcp_close)
    net_tcp_get_buf                          0x08016e75   Thumb Code    46  net_tcp.o(i.net_tcp_get_buf)
    net_tcp_get_local_port                   0x08016ea5   Thumb Code    48  net_tcp.o(i.net_tcp_get_local_port)
    net_tcp_get_mss                          0x08016ed9   Thumb Code    34  net_tcp.o(i.net_tcp_get_mss)
    net_tcp_get_peer                         0x08016f01   Thumb Code    80  net_tcp.o(i.net_tcp_get_peer)
    net_tcp_get_socket                       0x08016f55   Thumb Code   104  net_tcp.o(i.net_tcp_get_socket)
    net_tcp_get_state                        0x08016fc5   Thumb Code    40  net_tcp.o(i.net_tcp_get_state)
    net_tcp_get_timer                        0x08016ff1   Thumb Code    48  net_tcp.o(i.net_tcp_get_timer)
    net_tcp_listen                           0x08017025   Thumb Code   168  net_tcp.o(i.net_tcp_listen)
    net_tcp_process                          0x080170d5   Thumb Code  1956  net_tcp.o(i.net_tcp_process)
    net_tcp_send                             0x0801787d   Thumb Code   336  net_tcp.o(i.net_tcp_send)
    net_tcp_set_option                       0x080179d9   Thumb Code   288  net_tcp.o(i.net_tcp_set_option)
    net_tcp_socket_init                      0x08017b05   Thumb Code    30  net_tcp.o(i.net_tcp_socket_init)
    net_tcp_socket_run                       0x08017b2d   Thumb Code   938  net_tcp.o(i.net_tcp_socket_run)
    net_udp_close                            0x08017eed   Thumb Code    62  net_udp.o(i.net_udp_close)
    net_udp_get_buf                          0x08017f35   Thumb Code    46  net_udp.o(i.net_udp_get_buf)
    net_udp_get_socket                       0x08017f65   Thumb Code   102  net_udp.o(i.net_udp_get_socket)
    net_udp_open                             0x08017fd5   Thumb Code   160  net_udp.o(i.net_udp_open)
    net_udp_process                          0x08018081   Thumb Code   322  net_udp.o(i.net_udp_process)
    net_udp_send                             0x080181d9   Thumb Code    18  net_udp.o(i.net_udp_send)
    net_udp_send_if                          0x080181ed   Thumb Code   540  net_udp.o(i.net_udp_send_if)
    net_udp_socket_init                      0x08018419   Thumb Code    30  net_udp.o(i.net_udp_socket_init)
    net_ultoa                                0x0801843d   Thumb Code     8  net_common.o(i.net_ultoa)
    net_ultox                                0x08018445   Thumb Code    44  net_common.o(i.net_ultox)
    net_xtoul                                0x08018475   Thumb Code    76  net_common.o(i.net_xtoul)
    app_main_attr                            0x0801911c   Data          36  http_server.o(.constdata)
    imageLastModified                        0x08019140   Data           4  web.o(.constdata)
    Arial12x12                               0x0801fcec   Data        2400  lcd.o(.constdata)
    osRtxUserSVC                             0x080206dc   Data           4  rtx_lib.o(.constdata)
    Driver_ETH_PHY0                          0x080206e4   Data          32  phy_lan8742a.o(.constdata)
    Driver_ETH_MAC0                          0x08020754   Data          68  emac_stm32f4xx.o(.constdata)
    Driver_SPI1                              0x080207ec   Data          44  spi_stm32f4xx.o(.constdata)
    EventRecorderInfo                        0x08020818   Data          24  eventrecorder.o(.constdata)
    AHBPrescTable                            0x08020838   Data          16  system_stm32f4xx_1.o(.constdata)
    APBPrescTable                            0x08020848   Data           8  system_stm32f4xx_1.o(.constdata)
    net_sys_config                           0x080208f8   Data          28  net_config.o(.constdata)
    net_eth0_if_config                       0x0802095c   Data          44  net_config.o(.constdata)
    net_eth_list                             0x08020988   Data           8  net_config.o(.constdata)
    net_if_list_all                          0x08020990   Data           8  net_config.o(.constdata)
    net_if_inet_def                          0x08020998   Data           8  net_config.o(.constdata)
    net_if_link_def                          0x080209a0   Data           8  net_config.o(.constdata)
    net_arp_list                             0x080209a8   Data           8  net_config.o(.constdata)
    net_icmp_list                            0x080209b0   Data           8  net_config.o(.constdata)
    net_icmp6_list                           0x080209b8   Data           4  net_config.o(.constdata)
    net_ip4_frag_config                      0x080209bc   Data           8  net_config.o(.constdata)
    net_udp_config                           0x080209c4   Data          12  net_config.o(.constdata)
    net_tcp_config                           0x080209d0   Data          24  net_config.o(.constdata)
    net_http_config                          0x080209e8   Data          52  net_config.o(.constdata)
    net_sntp_config                          0x08020a1c   Data           8  net_config.o(.constdata)
    netif_getopt_func                        0x08020a70   Data          16  net_config.o(.constdata)
    netif_setopt_func                        0x08020a80   Data          16  net_config.o(.constdata)
    net_loop_if_config                       0x08020a90   Data          44  net_loopback.o(.constdata)
    net_http_auth_basic_func                 0x08020bc4   Data          24  net_http_server_auth.o(.constdata)
    net_ping_payload                         0x08020bdc   Data          18  net_ping_core.o(.constdata)
    net_addr_unspec                          0x08020bee   Data          16  net_addr.o(.constdata)
    net_addr_bcast                           0x08020bfe   Data           6  net_addr.o(.constdata)
    net_addr4_loopback                       0x08020c04   Data           4  net_ip4.o(.constdata)
    net_addr6_all_nodes                      0x08020c08   Data          16  net_ip6.o(.constdata)
    net_addr6_loopback                       0x08020c18   Data          16  net_ip6.o(.constdata)
    net_http_error                           0x08020c28   Data          24  net_http_server_err.o(.constdata)
    net_lib_version                          0x08020ce0   Data           4  net_version.o(.constdata)
    network_ip4ip6_debug_v7.15.0             0x08020ce0   Data           4  net_version.o(.constdata)
    osRtxConfig                              0x08021128   Data         112  rtx_lib.o(.rodata)
    os_cb_sections                           0x08021198   Data          56  rtx_lib.o(.rodata)
    Region$$Table$$Base                      0x080211d0   Number         0  anon$$obj.o(Region$$Table)
    Region$$Table$$Limit                     0x08021200   Number         0  anon$$obj.o(Region$$Table)
    .bss.os.msgqueue.cb$$Base                0x20008044   Number         0  rtx_lib.o(.bss.os.msgqueue.cb)
    .bss.os.msgqueue.cb$$Limit               0x20008078   Number         0  rtx_lib.o(.bss.os.msgqueue.cb)
    .bss.os.mutex.cb$$Base                   0x200080c8   Number         0  net_config.o(.bss.os.mutex.cb)
    .bss.os.mutex.cb$$Limit                  0x20008100   Number         0  net_config.o(.bss.os.mutex.cb)
    .bss.os.semaphore.cb$$Base               0x20008100   Number         0  net_config.o(.bss.os.semaphore.cb)
    .bss.os.semaphore.cb$$Limit              0x20008110   Number         0  net_config.o(.bss.os.semaphore.cb)
    .bss.os.thread.cb$$Base                  0x20008110   Number         0  rtx_lib.o(.bss.os.thread.cb)
    .bss.os.thread.cb$$Limit                 0x20008220   Number         0  net_config.o(.bss.os.thread.cb)
    .bss.os.timer.cb$$Base                   0x20008620   Number         0  net_config.o(.bss.os.timer.cb)
    .bss.os.timer.cb$$Limit                  0x20008640   Number         0  net_config.o(.bss.os.timer.cb)
    TID_Display                              0x20008644   Data           4  http_server.o(.data)
    value                                    0x20008648   Data           4  http_server.o(.data)
    lcd_text                                 0x2000864c   Data          42  http_server.o(.data)
    LEDrun                                   0x20008676   Data           1  http_server.o(.data)
    positionL1                               0x20008680   Data           4  lcd.o(.data)
    positionL2                               0x20008684   Data           4  lcd.o(.data)
    SPIdrv                                   0x20008688   Data           4  lcd.o(.data)
    tid_ThLCD                                0x2000868c   Data           4  thlcd.o(.data)
    sdatestructure                           0x20008690   Data           4  rtc.o(.data)
    tim_500ms                                0x20008694   Data           4  rtc.o(.data)
    tim_2s                                   0x2000869c   Data           4  rtc.o(.data)
    status                                   0x200086a4   Data           4  sntp.o(.data)
    tid_ThAlarm                              0x200086a8   Data           4  thalarm.o(.data)
    uwTickFreq                               0x200086ac   Data           1  stm32f4xx_hal.o(.data)
    uwTickPrio                               0x200086b0   Data           4  stm32f4xx_hal.o(.data)
    uwTick                                   0x200086b4   Data           4  stm32f4xx_hal.o(.data)
    SystemCoreClock                          0x200086b8   Data           4  system_stm32f4xx_1.o(.data)
    net_eth0_icmp_control                    0x200086d4   Data           1  net_icmp.o(.data)
    __stdout                                 0x200086f4   Data           4  stdout.o(.data)
    osRtxInfo                                0x200086f8   Data         164  rtx_kernel.o(.data.os)
    adc                                      0x200087b0   Data          72  main.o(.bss)
    app_main_stk                             0x20008860   Data        1024  http_server.o(.bss)
    tiempo_fecha                             0x20008c60   Data          70  http_server_cgi.o(.bss)
    GPIO_InitStruct                          0x20008ce0   Data          20  lcd.o(.bss)
    htim7                                    0x20008cf4   Data          64  lcd.o(.bss)
    buffer                                   0x20008d34   Data         512  lcd.o(.bss)
    RtcHandle                                0x20008f34   Data          32  rtc.o(.bss)
    stimestructure                           0x20008f54   Data          20  rtc.o(.bss)
    alarmRtc                                 0x20008f68   Data          40  rtc.o(.bss)
    net_eth0_if_control                      0x2000f048   Data         160  net_eth.o(.bss)
    net_eth0_arp_control                     0x2000f0e8   Data          24  net_arp.o(.bss)
    net_http_control                         0x2000f1a0   Data          20  net_http_server.o(.bss)
    net_sntp_control                         0x2000f1b4   Data          44  net_sntp_client_core.o(.bss)
    net_ping_control                         0x2000f1e0   Data          44  net_ping_core.o(.bss)
    net_sys_control                          0x2000f21c   Data          28  net_sys.o(.bss)
    net_dbg_buf                              0x2000f244   Data          36  net_sys.o(.bss)
    __initial_sp                             0x2000f708   Data           0  startup_stm32f429xx.o(STACK)



==============================================================================

Memory Map of the image

  Image Entry point : 0x080001ad

  Load Region LR_IROM1 (Base: 0x08000000, Size: 0x0002999c, Max: 0x00200000, ABSOLUTE, COMPRESSED[0x0002133c])

    Execution Region ER_IROM1 (Exec base: 0x08000000, Load base: 0x08000000, Size: 0x00021200, Max: 0x00200000, ABSOLUTE)

    Exec Addr    Load Addr    Size         Type   Attr      Idx    E Section Name        Object

    0x08000000   0x08000000   0x000001ac   Data   RO         1636    RESET               startup_stm32f429xx.o
    0x080001ac   0x080001ac   0x00000000   Code   RO         2758  * .ARM.Collect$$$$00000000  mc_w.l(entry.o)
    0x080001ac   0x080001ac   0x00000004   Code   RO         3062    .ARM.Collect$$$$00000001  mc_w.l(entry2.o)
    0x080001b0   0x080001b0   0x00000004   Code   RO         3065    .ARM.Collect$$$$00000004  mc_w.l(entry5.o)
    0x080001b4   0x080001b4   0x00000000   Code   RO         3067    .ARM.Collect$$$$00000008  mc_w.l(entry7b.o)
    0x080001b4   0x080001b4   0x00000000   Code   RO         3069    .ARM.Collect$$$$0000000A  mc_w.l(entry8b.o)
    0x080001b4   0x080001b4   0x00000008   Code   RO         3070    .ARM.Collect$$$$0000000B  mc_w.l(entry9a.o)
    0x080001bc   0x080001bc   0x00000004   Code   RO         3077    .ARM.Collect$$$$0000000E  mc_w.l(entry12b.o)
    0x080001c0   0x080001c0   0x00000000   Code   RO         3072    .ARM.Collect$$$$0000000F  mc_w.l(entry10a.o)
    0x080001c0   0x080001c0   0x00000000   Code   RO         3074    .ARM.Collect$$$$00000011  mc_w.l(entry11a.o)
    0x080001c0   0x080001c0   0x00000004   Code   RO         3063    .ARM.Collect$$$$00002712  mc_w.l(entry2.o)
    0x080001c4   0x080001c4   0x00000148   Code   RO          777    .emb_text           rtx_mempool.o
    0x0800030c   0x0800030c   0x00000148   Code   RO          808    .emb_text           rtx_msgqueue.o
    0x08000454   0x08000454   0x00000148   Code   RO          873    .emb_text           rtx_semaphore.o
    0x0800059c   0x0800059c   0x00000148   Code   RO          904    .emb_text           rtx_system.o
    0x080006e4   0x080006e4   0x00000148   Code   RO          938    .emb_text           rtx_thread.o
    0x0800082c   0x0800082c   0x00000074   Code   RO         1159    .emb_text           eventrecorder.o
    0x080008a0   0x080008a0   0x0000017c   Code   RO            4    .text               main.o
    0x08000a1c   0x08000a1c   0x000000f8   Code   RO          166    .text               http_server.o
    0x08000b14   0x08000b14   0x0000079c   Code   RO          228    .text               http_server_cgi.o
    0x080012b0   0x080012b0   0x00000078   Code   RO          264    .text               web.o
    0x08001328   0x08001328   0x000003c4   Code   RO          284    .text               lcd.o
    0x080016ec   0x080016ec   0x000000d0   Code   RO          326    .text               adc.o
    0x080017bc   0x080017bc   0x0000018c   Code   RO          350    .text               conf_leds.o
    0x08001948   0x08001948   0x0000005c   Code   RO          376    .text               thlcd.o
    0x080019a4   0x080019a4   0x00000374   Code   RO          403    .text               rtc.o
    0x08001d18   0x08001d18   0x0000003a   Code   RO          435    .text               stm32f4xx_it.o
    0x08001d52   0x08001d52   0x00000002   PAD
    0x08001d54   0x08001d54   0x000000bc   Code   RO          462    .text               sntp.o
    0x08001e10   0x08001e10   0x00000060   Code   RO          493    .text               thalarm.o
    0x08001e70   0x08001e70   0x00000094   Code   RO          519    .text               irq_armv7m.o
    0x08001f04   0x08001f04   0x00000104   Code   RO          527    .text               rtx_delay.o
    0x08002008   0x08002008   0x00000958   Code   RO          625    .text               rtx_evr.o
    0x08002960   0x08002960   0x000006cc   Code   RO          650    .text               rtx_kernel.o
    0x0800302c   0x0800302c   0x00000018   Code   RO          698    .text               rtx_lib.o
    0x08003044   0x08003044   0x00000124   Code   RO          747    .text               rtx_memory.o
    0x08003168   0x08003168   0x00000678   Code   RO          778    .text               rtx_mempool.o
    0x080037e0   0x080037e0   0x000009bc   Code   RO          809    .text               rtx_msgqueue.o
    0x0800419c   0x0800419c   0x00000558   Code   RO          843    .text               rtx_mutex.o
    0x080046f4   0x080046f4   0x00000450   Code   RO          874    .text               rtx_semaphore.o
    0x08004b44   0x08004b44   0x00000154   Code   RO          905    .text               rtx_system.o
    0x08004c98   0x08004c98   0x000011d4   Code   RO          939    .text               rtx_thread.o
    0x08005e6c   0x08005e6c   0x00000480   Code   RO          973    .text               rtx_timer.o
    0x080062ec   0x080062ec   0x000000c4   Code   RO         1003    .text               os_systick.o
    0x080063b0   0x080063b0   0x00000004   Code   RO         1029    .text               rtx_config.o
    0x080063b4   0x080063b4   0x000001ac   Code   RO         1050    .text               phy_lan8742a.o
    0x08006560   0x08006560   0x000009e8   Code   RO         1078    .text               emac_stm32f4xx.o
    0x08006f48   0x08006f48   0x00000c5c   Code   RO         1120    .text               spi_stm32f4xx.o
    0x08007ba4   0x08007ba4   0x00000538   Code   RO         1160    .text               eventrecorder.o
    0x080080dc   0x080080dc   0x000001c8   Code   RO         1194    .text               stm32f4xx_hal.o
    0x080082a4   0x080082a4   0x00000ab8   Code   RO         1224    .text               stm32f4xx_hal_adc.o
    0x08008d5c   0x08008d5c   0x00000724   Code   RO         1248    .text               stm32f4xx_hal_adc_ex.o
    0x08009480   0x08009480   0x00000298   Code   RO         1272    .text               stm32f4xx_hal_cortex.o
    0x08009718   0x08009718   0x00000718   Code   RO         1300    .text               stm32f4xx_hal_dma.o
    0x08009e30   0x08009e30   0x00000364   Code   RO         1349    .text               stm32f4xx_hal_gpio.o
    0x0800a194   0x0800a194   0x00000178   Code   RO         1373    .text               stm32f4xx_hal_pwr.o
    0x0800a30c   0x0800a30c   0x00000760   Code   RO         1421    .text               stm32f4xx_hal_rcc.o
    0x0800aa6c   0x0800aa6c   0x000005e4   Code   RO         1445    .text               stm32f4xx_hal_rcc_ex.o
    0x0800b050   0x0800b050   0x00000970   Code   RO         1469    .text               stm32f4xx_hal_rtc.o
    0x0800b9c0   0x0800b9c0   0x00000b0c   Code   RO         1493    .text               stm32f4xx_hal_rtc_ex.o
    0x0800c4cc   0x0800c4cc   0x000023d2   Code   RO         1565    .text               stm32f4xx_hal_tim.o
    0x0800e89e   0x0800e89e   0x00000002   PAD
    0x0800e8a0   0x0800e8a0   0x00000bb0   Code   RO         1589    .text               stm32f4xx_hal_tim_ex.o
    0x0800f450   0x0800f450   0x00000024   Code   RO         1637    .text               startup_stm32f429xx.o
    0x0800f474   0x0800f474   0x00000094   Code   RO         1644    .text               system_stm32f4xx_1.o
    0x0800f508   0x0800f508   0x00000174   Code   RO         1673    .text               net_config.o
    0x0800f67c   0x0800f67c   0x00000152   Code   RO         1765    .text               net_debug.o
    0x0800f7ce   0x0800f7ce   0x00000062   Code   RO         2761    .text               mc_w.l(uldiv.o)
    0x0800f830   0x0800f830   0x00000094   Code   RO         2763    .text               mc_w.l(localtime.o)
    0x0800f8c4   0x0800f8c4   0x00000394   Code   RO         2767    .text               mc_w.l(strftime.o)
    0x0800fc58   0x0800fc58   0x00000024   Code   RO         2773    .text               mc_w.l(memcpya.o)
    0x0800fc7c   0x0800fc7c   0x00000024   Code   RO         2775    .text               mc_w.l(memseta.o)
    0x0800fca0   0x0800fca0   0x00000018   Code   RO         2777    .text               mc_w.l(strcat.o)
    0x0800fcb8   0x0800fcb8   0x0000000e   Code   RO         2779    .text               mc_w.l(strlen.o)
    0x0800fcc6   0x0800fcc6   0x0000001c   Code   RO         2781    .text               mc_w.l(strcmp.o)
    0x0800fce2   0x0800fce2   0x0000001a   Code   RO         2783    .text               mc_w.l(memcmp.o)
    0x0800fcfc   0x0800fcfc   0x00000012   Code   RO         2785    .text               mc_w.l(strcpy.o)
    0x0800fd0e   0x0800fd0e   0x0000001e   Code   RO         2787    .text               mc_w.l(strncmp.o)
    0x0800fd2c   0x0800fd2c   0x00000064   Code   RO         3052    .text               mf_w.l(fmul.o)
    0x0800fd90   0x0800fd90   0x00000018   Code   RO         3054    .text               mf_w.l(fscalb.o)
    0x0800fda8   0x0800fda8   0x0000000a   Code   RO         3056    .text               mf_w.l(ffltui.o)
    0x0800fdb2   0x0800fdb2   0x00000032   Code   RO         3058    .text               mf_w.l(ffixi.o)
    0x0800fde4   0x0800fde4   0x00000026   Code   RO         3060    .text               mf_w.l(f2d.o)
    0x0800fe0a   0x0800fe0a   0x0000002c   Code   RO         3081    .text               mc_w.l(uidiv.o)
    0x0800fe36   0x0800fe36   0x0000001e   Code   RO         3083    .text               mc_w.l(llshl.o)
    0x0800fe54   0x0800fe54   0x00000020   Code   RO         3085    .text               mc_w.l(llushr.o)
    0x0800fe74   0x0800fe74   0x00000000   Code   RO         3087    .text               mc_w.l(iusefp.o)
    0x0800fe74   0x0800fe74   0x0000006e   Code   RO         3088    .text               mf_w.l(fepilogue.o)
    0x0800fee2   0x0800fee2   0x0000014e   Code   RO         3090    .text               mf_w.l(dadd.o)
    0x08010030   0x08010030   0x000000e4   Code   RO         3092    .text               mf_w.l(dmul.o)
    0x08010114   0x08010114   0x000000de   Code   RO         3094    .text               mf_w.l(ddiv.o)
    0x080101f2   0x080101f2   0x00000030   Code   RO         3096    .text               mf_w.l(dfixul.o)
    0x08010222   0x08010222   0x00000002   PAD
    0x08010224   0x08010224   0x00000030   Code   RO         3098    .text               mf_w.l(cdrcmple.o)
    0x08010254   0x08010254   0x00000024   Code   RO         3100    .text               mc_w.l(init.o)
    0x08010278   0x08010278   0x00000000   Code   RO         3102    .text               mc_w.l(semi.o)
    0x08010278   0x08010278   0x00000024   Code   RO         3103    .text               mc_w.l(llsshr.o)
    0x0801029c   0x0801029c   0x00000000   Code   RO         3105    .text               mc_w.l(iusesemip.o)
    0x0801029c   0x0801029c   0x000000ba   Code   RO         3106    .text               mf_w.l(depilogue.o)
    0x08010356   0x08010356   0x00000056   Code   RO         3115    .text               mc_w.l(__dczerorl2.o)
    0x080103ac   0x080103ac   0x00000020   Code   RO         3024    i.__0printf         mc_w.l(printfa.o)
    0x080103cc   0x080103cc   0x00000028   Code   RO         3026    i.__0sprintf        mc_w.l(printfa.o)
    0x080103f4   0x080103f4   0x0000000e   Code   RO         3109    i.__scatterload_copy  mc_w.l(handlers.o)
    0x08010402   0x08010402   0x00000002   Code   RO         3110    i.__scatterload_null  mc_w.l(handlers.o)
    0x08010404   0x08010404   0x0000000e   Code   RO         3111    i.__scatterload_zeroinit  mc_w.l(handlers.o)
    0x08010412   0x08010412   0x00000002   PAD
    0x08010414   0x08010414   0x00000184   Code   RO         3031    i._fp_digits        mc_w.l(printfa.o)
    0x08010598   0x08010598   0x000006b4   Code   RO         3032    i._printf_core      mc_w.l(printfa.o)
    0x08010c4c   0x08010c4c   0x00000024   Code   RO         3033    i._printf_post_padding  mc_w.l(printfa.o)
    0x08010c70   0x08010c70   0x0000002e   Code   RO         3034    i._printf_pre_padding  mc_w.l(printfa.o)
    0x08010c9e   0x08010c9e   0x0000000a   Code   RO         3036    i._sputc            mc_w.l(printfa.o)
    0x08010ca8   0x08010ca8   0x00000054   Code   RO         2157    i.add_server_id     Net_Dbg_CM3_L.lib(net_http_server.o)
    0x08010cfc   0x08010cfc   0x0000005c   Code   RO         1851    i.arp_cache_alloc   Net_Dbg_CM3_L.lib(net_arp.o)
    0x08010d58   0x08010d58   0x00000170   Code   RO         1852    i.arp_cache_run     Net_Dbg_CM3_L.lib(net_arp.o)
    0x08010ec8   0x08010ec8   0x00000038   Code   RO         1853    i.arp_is_cacheable  Net_Dbg_CM3_L.lib(net_arp.o)
    0x08010f00   0x08010f00   0x00000088   Code   RO         1854    i.arp_probe_run     Net_Dbg_CM3_L.lib(net_arp.o)
    0x08010f88   0x08010f88   0x000000d8   Code   RO         1856    i.arp_proc_response  Net_Dbg_CM3_L.lib(net_arp.o)
    0x08011060   0x08011060   0x0000001a   Code   RO         1857    i.arp_que_free      Net_Dbg_CM3_L.lib(net_arp.o)
    0x0801107a   0x0801107a   0x00000002   PAD
    0x0801107c   0x0801107c   0x000000a0   Code   RO         1858    i.arp_send_reply    Net_Dbg_CM3_L.lib(net_arp.o)
    0x0801111c   0x0801111c   0x000000d0   Code   RO         1859    i.arp_send_request  Net_Dbg_CM3_L.lib(net_arp.o)
    0x080111ec   0x080111ec   0x00000068   Code   RO         1860    i.arp_sender_valid  Net_Dbg_CM3_L.lib(net_arp.o)
    0x08011254   0x08011254   0x0000018c   Code   RO         2158    i.chk_post_req      Net_Dbg_CM3_L.lib(net_http_server.o)
    0x080113e0   0x080113e0   0x00000028   Code   RO         2672    i.crc32_8bit        Net_Dbg_CM3_L.lib(net_common.o)
    0x08011408   0x08011408   0x0000009a   Code   RO         1795    i.eth_check_link    Net_Dbg_CM3_L.lib(net_eth.o)
    0x080114a2   0x080114a2   0x00000002   PAD
    0x080114a4   0x080114a4   0x00000020   Code   RO         1796    i.eth_if_map        Net_Dbg_CM3_L.lib(net_eth.o)
    0x080114c4   0x080114c4   0x00000304   Code   RO         1797    i.eth_iface_init    Net_Dbg_CM3_L.lib(net_eth.o)
    0x080117c8   0x080117c8   0x00000290   Code   RO         1798    i.eth_iface_run     Net_Dbg_CM3_L.lib(net_eth.o)
    0x08011a58   0x08011a58   0x00000008   Code   RO         1800    i.eth_lock          Net_Dbg_CM3_L.lib(net_eth.o)
    0x08011a60   0x08011a60   0x0000001c   Code   RO         1801    i.eth_mtu_limit     Net_Dbg_CM3_L.lib(net_eth.o)
    0x08011a7c   0x08011a7c   0x00000048   Code   RO         1802    i.eth_opt_len       Net_Dbg_CM3_L.lib(net_eth.o)
    0x08011ac4   0x08011ac4   0x00000088   Code   RO         1803    i.eth_receive       Net_Dbg_CM3_L.lib(net_eth.o)
    0x08011b4c   0x08011b4c   0x00000008   Code   RO         1804    i.eth_unlock        Net_Dbg_CM3_L.lib(net_eth.o)
    0x08011b54   0x08011b54   0x00000012   Code   RO         3078    i.fputc             mc_w.l(fputc.o)
    0x08011b66   0x08011b66   0x00000002   PAD
    0x08011b68   0x08011b68   0x0000007c   Code   RO         1935    i.frag_map_session  Net_Dbg_CM3_L.lib(net_ip4_frag.o)
    0x08011be4   0x08011be4   0x00000028   Code   RO         2159    i.get_next_field    Net_Dbg_CM3_L.lib(net_http_server.o)
    0x08011c0c   0x08011c0c   0x00000032   Code   RO         2160    i.get_next_par      Net_Dbg_CM3_L.lib(net_http_server.o)
    0x08011c3e   0x08011c3e   0x00000022   Code   RO         2161    i.hex2byte          Net_Dbg_CM3_L.lib(net_http_server.o)
    0x08011c60   0x08011c60   0x0000036c   Code   RO         2162    i.http_add_header   Net_Dbg_CM3_L.lib(net_http_server.o)
    0x08011fcc   0x08011fcc   0x00000050   Code   RO         2282    i.http_auth_basic_add  Net_Dbg_CM3_L.lib(net_http_server_auth.o)
    0x0801201c   0x0801201c   0x00000090   Code   RO         2283    i.http_auth_basic_parse  Net_Dbg_CM3_L.lib(net_http_server_auth.o)
    0x080120ac   0x080120ac   0x00000002   Code   RO         2289    i.http_auth_dummy   Net_Dbg_CM3_L.lib(net_http_server_auth.o)
    0x080120ae   0x080120ae   0x00000002   PAD
    0x080120b0   0x080120b0   0x00000024   Code   RO         2290    i.http_auth_init    Net_Dbg_CM3_L.lib(net_http_server_auth.o)
    0x080120d4   0x080120d4   0x000001cc   Code   RO         2163    i.http_error_msg    Net_Dbg_CM3_L.lib(net_http_server.o)
    0x080122a0   0x080122a0   0x00000078   Code   RO         2164    i.http_get_ftype    Net_Dbg_CM3_L.lib(net_http_server.o)
    0x08012318   0x08012318   0x0000005e   Code   RO         2165    i.http_kill_session  Net_Dbg_CM3_L.lib(net_http_server.o)
    0x08012376   0x08012376   0x00000002   PAD
    0x08012378   0x08012378   0x000002a8   Code   RO         2166    i.http_listener     Net_Dbg_CM3_L.lib(net_http_server.o)
    0x08012620   0x08012620   0x00000184   Code   RO         2167    i.http_open_file    Net_Dbg_CM3_L.lib(net_http_server.o)
    0x080127a4   0x080127a4   0x0000011c   Code   RO         2168    i.http_parse_header  Net_Dbg_CM3_L.lib(net_http_server.o)
    0x080128c0   0x080128c0   0x000001a8   Code   RO         2169    i.http_proc_multipart  Net_Dbg_CM3_L.lib(net_http_server.o)
    0x08012a68   0x08012a68   0x00000138   Code   RO         2170    i.http_proc_post    Net_Dbg_CM3_L.lib(net_http_server.o)
    0x08012ba0   0x08012ba0   0x00000468   Code   RO         2171    i.http_server_run   Net_Dbg_CM3_L.lib(net_http_server.o)
    0x08013008   0x08013008   0x00000060   Code   RO         2172    i.http_server_start  Net_Dbg_CM3_L.lib(net_http_server.o)
    0x08013068   0x08013068   0x00000020   Code   RO         2174    i.http_strcpy       Net_Dbg_CM3_L.lib(net_http_server.o)
    0x08013088   0x08013088   0x000000ac   Code   RO         2175    i.http_to_utc       Net_Dbg_CM3_L.lib(net_http_server.o)
    0x08013134   0x08013134   0x0000001a   Code   RO         2673    i.i2str             Net_Dbg_CM3_L.lib(net_common.o)
    0x0801314e   0x0801314e   0x0000000c   Code   RO         2550    i.ip4_get_chksum    Net_Dbg_CM3_L.lib(net_ip4.o)
    0x0801315a   0x0801315a   0x00000028   Code   RO         2551    i.ip4_get_mtu       Net_Dbg_CM3_L.lib(net_ip4.o)
    0x08013182   0x08013182   0x00000040   Code   RO         2413    i.ip4_ntoa          Net_Dbg_CM3_L.lib(net_addr.o)
    0x080131c2   0x080131c2   0x00000002   PAD
    0x080131c4   0x080131c4   0x000000ca   Code   RO         2414    i.ip6_ntoa          Net_Dbg_CM3_L.lib(net_addr.o)
    0x0801328e   0x0801328e   0x00000002   PAD
    0x08013290   0x08013290   0x0000000c   Code   RO         2649    i.mem_lock          Net_Dbg_CM3_L.lib(net_mem.o)
    0x0801329c   0x0801329c   0x0000000c   Code   RO         2650    i.mem_unlock        Net_Dbg_CM3_L.lib(net_mem.o)
    0x080132a8   0x080132a8   0x00000120   Code   RO         2480    i.ndp_cache_add     Net_Dbg_CM3_L.lib(net_ndp.o)
    0x080133c8   0x080133c8   0x00000072   Code   RO         2481    i.ndp_cache_alloc   Net_Dbg_CM3_L.lib(net_ndp.o)
    0x0801343a   0x0801343a   0x00000002   PAD
    0x0801343c   0x0801343c   0x00000078   Code   RO         2482    i.ndp_cache_delete  Net_Dbg_CM3_L.lib(net_ndp.o)
    0x080134b4   0x080134b4   0x0000002c   Code   RO         2484    i.ndp_check_frame   Net_Dbg_CM3_L.lib(net_ndp.o)
    0x080134e0   0x080134e0   0x00000012   Code   RO         2485    i.ndp_next_opt      Net_Dbg_CM3_L.lib(net_ndp.o)
    0x080134f2   0x080134f2   0x00000002   PAD
    0x080134f4   0x080134f4   0x000000e4   Code   RO         2486    i.ndp_prefix_add    Net_Dbg_CM3_L.lib(net_ndp.o)
    0x080135d8   0x080135d8   0x000000fc   Code   RO         2489    i.ndp_proc_response  Net_Dbg_CM3_L.lib(net_ndp.o)
    0x080136d4   0x080136d4   0x0000001a   Code   RO         2490    i.ndp_que_free      Net_Dbg_CM3_L.lib(net_ndp.o)
    0x080136ee   0x080136ee   0x00000002   PAD
    0x080136f0   0x080136f0   0x00000038   Code   RO         2491    i.ndp_router_remove  Net_Dbg_CM3_L.lib(net_ndp.o)
    0x08013728   0x08013728   0x0000009c   Code   RO         2492    i.ndp_send_reply    Net_Dbg_CM3_L.lib(net_ndp.o)
    0x080137c4   0x080137c4   0x000000bc   Code   RO         2493    i.ndp_send_request  Net_Dbg_CM3_L.lib(net_ndp.o)
    0x08013880   0x08013880   0x00000004   Code   RO         2176    i.netCGI_Charset    Net_Dbg_CM3_L.lib(net_http_server.o)
    0x08013884   0x08013884   0x00000004   Code   RO         2177    i.netCGI_ContentType  Net_Dbg_CM3_L.lib(net_http_server.o)
    0x08013888   0x08013888   0x00000004   Code   RO         2178    i.netCGI_CustomHeader  Net_Dbg_CM3_L.lib(net_http_server.o)
    0x0801388c   0x0801388c   0x0000006c   Code   RO         2179    i.netCGI_GetEnvVar  Net_Dbg_CM3_L.lib(net_http_server.o)
    0x080138f8   0x080138f8   0x00000004   Code   RO         2182    i.netCGI_Redirect   Net_Dbg_CM3_L.lib(net_http_server.o)
    0x080138fc   0x080138fc   0x00000004   Code   RO         2184    i.netCGX_ContentType  Net_Dbg_CM3_L.lib(net_http_server.o)
    0x08013900   0x08013900   0x00000064   Code   RO         2363    i.netCore_Thread    Net_Dbg_CM3_L.lib(net_sys.o)
    0x08013964   0x08013964   0x00000002   Code   RO         1805    i.netETH_Notify     Net_Dbg_CM3_L.lib(net_eth.o)
    0x08013966   0x08013966   0x00000002   Code   RO         1806    i.netETH_ReceiveRaw  Net_Dbg_CM3_L.lib(net_eth.o)
    0x08013968   0x08013968   0x00000072   Code   RO         1808    i.netETH_Thread     Net_Dbg_CM3_L.lib(net_eth.o)
    0x080139da   0x080139da   0x00000004   Code   RO         2185    i.netHTTPs_AcceptClient  Net_Dbg_CM3_L.lib(net_http_server.o)
    0x080139de   0x080139de   0x00000004   Code   RO         2291    i.netHTTPs_CheckAccount  Net_Dbg_CM3_L.lib(net_http_server_auth.o)
    0x080139e2   0x080139e2   0x00000004   Code   RO         2187    i.netHTTPs_FileAccess  Net_Dbg_CM3_L.lib(net_http_server.o)
    0x080139e6   0x080139e6   0x00000002   PAD
    0x080139e8   0x080139e8   0x00000020   Code   RO         2190    i.netHTTPs_GetLanguage  Net_Dbg_CM3_L.lib(net_http_server.o)
    0x08013a08   0x08013a08   0x0000000c   Code   RO         2191    i.netHTTPs_GetPassword  Net_Dbg_CM3_L.lib(net_http_server.o)
    0x08013a14   0x08013a14   0x0000000c   Code   RO         2197    i.netHTTPs_LoginActive  Net_Dbg_CM3_L.lib(net_http_server.o)
    0x08013a20   0x08013a20   0x00000058   Code   RO         2200    i.netHTTPs_SetPassword  Net_Dbg_CM3_L.lib(net_http_server.o)
    0x08013a78   0x08013a78   0x00000088   Code   RO         2364    i.netIF_GetOption   Net_Dbg_CM3_L.lib(net_sys.o)
    0x08013b00   0x08013b00   0x00000084   Code   RO         2366    i.netIF_SetOption   Net_Dbg_CM3_L.lib(net_sys.o)
    0x08013b84   0x08013b84   0x0000001a   Code   RO         2416    i.netIP_aton        Net_Dbg_CM3_L.lib(net_addr.o)
    0x08013b9e   0x08013b9e   0x00000032   Code   RO         2417    i.netIP_ntoa        Net_Dbg_CM3_L.lib(net_addr.o)
    0x08013bd0   0x08013bd0   0x000000ac   Code   RO         2367    i.netInitialize     Net_Dbg_CM3_L.lib(net_sys.o)
    0x08013c7c   0x08013c7c   0x0000008c   Code   RO         2418    i.netMAC_aton       Net_Dbg_CM3_L.lib(net_addr.o)
    0x08013d08   0x08013d08   0x0000001c   Code   RO         2316    i.netSNTPc_GetTime  Net_Dbg_CM3_L.lib(net_sntp_client_core.o)
    0x08013d24   0x08013d24   0x00000004   Code   RO         2038    i.netTCP_GetLocalPort  Net_Dbg_CM3_L.lib(net_tcp.o)
    0x08013d28   0x08013d28   0x00000020   Code   RO         2040    i.netTCP_GetPeer    Net_Dbg_CM3_L.lib(net_tcp.o)
    0x08013d48   0x08013d48   0x00000004   Code   RO         2042    i.netTCP_GetState   Net_Dbg_CM3_L.lib(net_tcp.o)
    0x08013d4c   0x08013d4c   0x00000004   Code   RO         2043    i.netTCP_GetTimer   Net_Dbg_CM3_L.lib(net_tcp.o)
    0x08013d50   0x08013d50   0x0000007c   Code   RO         2420    i.net_addr4_aton    Net_Dbg_CM3_L.lib(net_addr.o)
    0x08013dcc   0x08013dcc   0x0000001e   Code   RO         2422    i.net_addr4_to_mac  Net_Dbg_CM3_L.lib(net_addr.o)
    0x08013dea   0x08013dea   0x00000002   PAD
    0x08013dec   0x08013dec   0x000000e6   Code   RO         2423    i.net_addr6_aton    Net_Dbg_CM3_L.lib(net_addr.o)
    0x08013ed2   0x08013ed2   0x00000028   Code   RO         2424    i.net_addr6_comp    Net_Dbg_CM3_L.lib(net_addr.o)
    0x08013efa   0x08013efa   0x00000012   Code   RO         2425    i.net_addr6_copy    Net_Dbg_CM3_L.lib(net_addr.o)
    0x08013f0c   0x08013f0c   0x0000004c   Code   RO         2426    i.net_addr6_create  Net_Dbg_CM3_L.lib(net_addr.o)
    0x08013f58   0x08013f58   0x00000028   Code   RO         2427    i.net_addr6_get_solicited  Net_Dbg_CM3_L.lib(net_addr.o)
    0x08013f80   0x08013f80   0x00000018   Code   RO         2428    i.net_addr6_is_linklocal  Net_Dbg_CM3_L.lib(net_addr.o)
    0x08013f98   0x08013f98   0x0000006e   Code   RO         2429    i.net_addr6_is_onlink  Net_Dbg_CM3_L.lib(net_addr.o)
    0x08014006   0x08014006   0x00000048   Code   RO         2430    i.net_addr6_is_solicited  Net_Dbg_CM3_L.lib(net_addr.o)
    0x0801404e   0x0801404e   0x00000018   Code   RO         2431    i.net_addr6_is_unspec  Net_Dbg_CM3_L.lib(net_addr.o)
    0x08014066   0x08014066   0x0000000e   Code   RO         2433    i.net_addr6_to_mac  Net_Dbg_CM3_L.lib(net_addr.o)
    0x08014074   0x08014074   0x0000002c   Code   RO         2434    i.net_addr_comp     Net_Dbg_CM3_L.lib(net_addr.o)
    0x080140a0   0x080140a0   0x00000026   Code   RO         2435    i.net_addr_copy     Net_Dbg_CM3_L.lib(net_addr.o)
    0x080140c6   0x080140c6   0x0000001a   Code   RO         2436    i.net_addr_find_route  Net_Dbg_CM3_L.lib(net_addr.o)
    0x080140e0   0x080140e0   0x00000020   Code   RO         2438    i.net_addr_get_local  Net_Dbg_CM3_L.lib(net_addr.o)
    0x08014100   0x08014100   0x00000022   Code   RO         2439    i.net_addr_is_unspec  Net_Dbg_CM3_L.lib(net_addr.o)
    0x08014122   0x08014122   0x00000002   PAD
    0x08014124   0x08014124   0x0000011c   Code   RO         1868    i.net_arp_cache_add  Net_Dbg_CM3_L.lib(net_arp.o)
    0x08014240   0x08014240   0x000000bc   Code   RO         1869    i.net_arp_cache_early  Net_Dbg_CM3_L.lib(net_arp.o)
    0x080142fc   0x080142fc   0x000000ec   Code   RO         1870    i.net_arp_cache_find  Net_Dbg_CM3_L.lib(net_arp.o)
    0x080143e8   0x080143e8   0x00000048   Code   RO         1871    i.net_arp_cache_init  Net_Dbg_CM3_L.lib(net_arp.o)
    0x08014430   0x08014430   0x0000001c   Code   RO         1872    i.net_arp_cache_run  Net_Dbg_CM3_L.lib(net_arp.o)
    0x0801444c   0x0801444c   0x00000078   Code   RO         1874    i.net_arp_enqueue   Net_Dbg_CM3_L.lib(net_arp.o)
    0x080144c4   0x080144c4   0x00000020   Code   RO         1876    i.net_arp_notify    Net_Dbg_CM3_L.lib(net_arp.o)
    0x080144e4   0x080144e4   0x00000224   Code   RO         1878    i.net_arp_process   Net_Dbg_CM3_L.lib(net_arp.o)
    0x08014708   0x08014708   0x00000042   Code   RO         2674    i.net_atoi          Net_Dbg_CM3_L.lib(net_common.o)
    0x0801474a   0x0801474a   0x00000002   PAD
    0x0801474c   0x0801474c   0x00000078   Code   RO         2740    i.net_base64_decode  Net_Dbg_CM3_L.lib(net_base64.o)
    0x080147c4   0x080147c4   0x00000030   Code   RO         2676    i.net_chksum_buf    Net_Dbg_CM3_L.lib(net_common.o)
    0x080147f4   0x080147f4   0x0000001e   Code   RO         2677    i.net_crc_buf       Net_Dbg_CM3_L.lib(net_common.o)
    0x08014812   0x08014812   0x0000000e   Code   RO         1809    i.net_eth_callback  Net_Dbg_CM3_L.lib(net_eth.o)
    0x08014820   0x08014820   0x00000068   Code   RO         1810    i.net_eth_config_mcast  Net_Dbg_CM3_L.lib(net_eth.o)
    0x08014888   0x08014888   0x000000ea   Code   RO         1812    i.net_eth_get_option  Net_Dbg_CM3_L.lib(net_eth.o)
    0x08014972   0x08014972   0x00000002   PAD
    0x08014974   0x08014974   0x0000001c   Code   RO         1813    i.net_eth_iface_init  Net_Dbg_CM3_L.lib(net_eth.o)
    0x08014990   0x08014990   0x0000001c   Code   RO         1814    i.net_eth_iface_run  Net_Dbg_CM3_L.lib(net_eth.o)
    0x080149ac   0x080149ac   0x000000a8   Code   RO         1816    i.net_eth_output    Net_Dbg_CM3_L.lib(net_eth.o)
    0x08014a54   0x08014a54   0x000001e0   Code   RO         1817    i.net_eth_send_frame  Net_Dbg_CM3_L.lib(net_eth.o)
    0x08014c34   0x08014c34   0x00000270   Code   RO         1818    i.net_eth_set_option  Net_Dbg_CM3_L.lib(net_eth.o)
    0x08014ea4   0x08014ea4   0x000000e8   Code   RO         2206    i.net_http_server_init  Net_Dbg_CM3_L.lib(net_http_server.o)
    0x08014f8c   0x08014f8c   0x00000028   Code   RO         2207    i.net_http_server_run  Net_Dbg_CM3_L.lib(net_http_server.o)
    0x08014fb4   0x08014fb4   0x00000018   Code   RO         2622    i.net_icmp6_init    Net_Dbg_CM3_L.lib(net_icmp6.o)
    0x08014fcc   0x08014fcc   0x00000238   Code   RO         2623    i.net_icmp6_process  Net_Dbg_CM3_L.lib(net_icmp6.o)
    0x08015204   0x08015204   0x00000084   Code   RO         2624    i.net_icmp6_send    Net_Dbg_CM3_L.lib(net_icmp6.o)
    0x08015288   0x08015288   0x00000058   Code   RO         2625    i.net_icmp6_send_echo  Net_Dbg_CM3_L.lib(net_icmp6.o)
    0x080152e0   0x080152e0   0x00000018   Code   RO         1957    i.net_icmp_init     Net_Dbg_CM3_L.lib(net_icmp.o)
    0x080152f8   0x080152f8   0x000001c8   Code   RO         1958    i.net_icmp_process  Net_Dbg_CM3_L.lib(net_icmp.o)
    0x080154c0   0x080154c0   0x000000a0   Code   RO         1959    i.net_icmp_send_echo  Net_Dbg_CM3_L.lib(net_icmp.o)
    0x08015560   0x08015560   0x0000000c   Code   RO         2371    i.net_if_map_all    Net_Dbg_CM3_L.lib(net_sys.o)
    0x0801556c   0x0801556c   0x0000018c   Code   RO         2552    i.net_ip4_chk_frame  Net_Dbg_CM3_L.lib(net_ip4.o)
    0x080156f8   0x080156f8   0x0000002c   Code   RO         2553    i.net_ip4_chksum    Net_Dbg_CM3_L.lib(net_ip4.o)
    0x08015724   0x08015724   0x00000006   Code   RO         2554    i.net_ip4_chksum_buf  Net_Dbg_CM3_L.lib(net_ip4.o)
    0x0801572a   0x0801572a   0x00000002   PAD
    0x0801572c   0x0801572c   0x00000080   Code   RO         2556    i.net_ip4_find_route  Net_Dbg_CM3_L.lib(net_ip4.o)
    0x080157ac   0x080157ac   0x00000124   Code   RO         1936    i.net_ip4_frag_add  Net_Dbg_CM3_L.lib(net_ip4_frag.o)
    0x080158d0   0x080158d0   0x000000ac   Code   RO         1937    i.net_ip4_frag_get  Net_Dbg_CM3_L.lib(net_ip4_frag.o)
    0x0801597c   0x0801597c   0x00000010   Code   RO         1938    i.net_ip4_frag_init  Net_Dbg_CM3_L.lib(net_ip4_frag.o)
    0x0801598c   0x0801598c   0x0000003c   Code   RO         1939    i.net_ip4_frag_run  Net_Dbg_CM3_L.lib(net_ip4_frag.o)
    0x080159c8   0x080159c8   0x0000002c   Code   RO         2557    i.net_ip4_get_local  Net_Dbg_CM3_L.lib(net_ip4.o)
    0x080159f4   0x080159f4   0x00000024   Code   RO         2558    i.net_ip4_init      Net_Dbg_CM3_L.lib(net_ip4.o)
    0x08015a18   0x08015a18   0x00000020   Code   RO         2559    i.net_ip4_is_onlink  Net_Dbg_CM3_L.lib(net_ip4.o)
    0x08015a38   0x08015a38   0x00000026   Code   RO         2560    i.net_ip4_is_subcast  Net_Dbg_CM3_L.lib(net_ip4.o)
    0x08015a5e   0x08015a5e   0x0000000e   Code   RO         2561    i.net_ip4_reass_frame  Net_Dbg_CM3_L.lib(net_ip4.o)
    0x08015a6c   0x08015a6c   0x00000164   Code   RO         2562    i.net_ip4_send_frame  Net_Dbg_CM3_L.lib(net_ip4.o)
    0x08015bd0   0x08015bd0   0x0000002a   Code   RO         2564    i.net_ip4_tx_offl_hl  Net_Dbg_CM3_L.lib(net_ip4.o)
    0x08015bfa   0x08015bfa   0x00000002   PAD
    0x08015bfc   0x08015bfc   0x00000100   Code   RO         2590    i.net_ip6_chk_frame  Net_Dbg_CM3_L.lib(net_ip6.o)
    0x08015cfc   0x08015cfc   0x00000032   Code   RO         2591    i.net_ip6_chksum    Net_Dbg_CM3_L.lib(net_ip6.o)
    0x08015d2e   0x08015d2e   0x00000002   PAD
    0x08015d30   0x08015d30   0x0000007c   Code   RO         2592    i.net_ip6_collect_mcast  Net_Dbg_CM3_L.lib(net_ip6.o)
    0x08015dac   0x08015dac   0x00000048   Code   RO         2594    i.net_ip6_find_route  Net_Dbg_CM3_L.lib(net_ip6.o)
    0x08015df4   0x08015df4   0x00000054   Code   RO         2595    i.net_ip6_get_local  Net_Dbg_CM3_L.lib(net_ip6.o)
    0x08015e48   0x08015e48   0x0000001c   Code   RO         2596    i.net_ip6_init      Net_Dbg_CM3_L.lib(net_ip6.o)
    0x08015e64   0x08015e64   0x000000cc   Code   RO         2597    i.net_ip6_send_frame  Net_Dbg_CM3_L.lib(net_ip6.o)
    0x08015f30   0x08015f30   0x0000001e   Code   RO         2599    i.net_ip6_tx_offl_hl  Net_Dbg_CM3_L.lib(net_ip6.o)
    0x08015f4e   0x08015f4e   0x00000008   Code   RO         2678    i.net_itoa          Net_Dbg_CM3_L.lib(net_common.o)
    0x08015f56   0x08015f56   0x00000006   Code   RO         2680    i.net_itoa_n0       Net_Dbg_CM3_L.lib(net_common.o)
    0x08015f5c   0x08015f5c   0x00000030   Code   RO         1918    i.net_loop_iface_init  Net_Dbg_CM3_L.lib(net_loopback.o)
    0x08015f8c   0x08015f8c   0x000000bc   Code   RO         1919    i.net_loop_iface_run  Net_Dbg_CM3_L.lib(net_loopback.o)
    0x08016048   0x08016048   0x00000070   Code   RO         1921    i.net_loop_send_frame  Net_Dbg_CM3_L.lib(net_loopback.o)
    0x080160b8   0x080160b8   0x000000c0   Code   RO         2651    i.net_mem_alloc     Net_Dbg_CM3_L.lib(net_mem.o)
    0x08016178   0x08016178   0x0000001c   Code   RO         2652    i.net_mem_avail     Net_Dbg_CM3_L.lib(net_mem.o)
    0x08016194   0x08016194   0x000000a4   Code   RO         2653    i.net_mem_free      Net_Dbg_CM3_L.lib(net_mem.o)
    0x08016238   0x08016238   0x00000070   Code   RO         2654    i.net_mem_init      Net_Dbg_CM3_L.lib(net_mem.o)
    0x080162a8   0x080162a8   0x00000048   Code   RO         2655    i.net_mem_shrink    Net_Dbg_CM3_L.lib(net_mem.o)
    0x080162f0   0x080162f0   0x000001c4   Code   RO         2501    i.net_ndp_cache_find  Net_Dbg_CM3_L.lib(net_ndp.o)
    0x080164b4   0x080164b4   0x00000078   Code   RO         2504    i.net_ndp_cache_refresh  Net_Dbg_CM3_L.lib(net_ndp.o)
    0x0801652c   0x0801652c   0x00000070   Code   RO         2507    i.net_ndp_enqueue   Net_Dbg_CM3_L.lib(net_ndp.o)
    0x0801659c   0x0801659c   0x00000374   Code   RO         2509    i.net_ndp_process   Net_Dbg_CM3_L.lib(net_ndp.o)
    0x08016910   0x08016910   0x00000038   Code   RO         2373    i.net_path          Net_Dbg_CM3_L.lib(net_sys.o)
    0x08016948   0x08016948   0x00000020   Code   RO         2344    i.net_ping_client_init  Net_Dbg_CM3_L.lib(net_ping_core.o)
    0x08016968   0x08016968   0x00000080   Code   RO         2345    i.net_ping_client_run  Net_Dbg_CM3_L.lib(net_ping_core.o)
    0x080169e8   0x080169e8   0x0000001c   Code   RO         2374    i.net_rand32        Net_Dbg_CM3_L.lib(net_sys.o)
    0x08016a04   0x08016a04   0x0000005c   Code   RO         2318    i.net_sntp_client_init  Net_Dbg_CM3_L.lib(net_sntp_client_core.o)
    0x08016a60   0x08016a60   0x00000058   Code   RO         2319    i.net_sntp_client_run  Net_Dbg_CM3_L.lib(net_sntp_client_core.o)
    0x08016ab8   0x08016ab8   0x00000148   Code   RO         2320    i.net_sntp_client_start  Net_Dbg_CM3_L.lib(net_sntp_client_core.o)
    0x08016c00   0x08016c00   0x0000002e   Code   RO         2681    i.net_strcasecmp    Net_Dbg_CM3_L.lib(net_common.o)
    0x08016c2e   0x08016c2e   0x00000016   Code   RO         2682    i.net_strchr        Net_Dbg_CM3_L.lib(net_common.o)
    0x08016c44   0x08016c44   0x0000001a   Code   RO         2683    i.net_strcmp        Net_Dbg_CM3_L.lib(net_common.o)
    0x08016c5e   0x08016c5e   0x00000012   Code   RO         2684    i.net_strcpy        Net_Dbg_CM3_L.lib(net_common.o)
    0x08016c70   0x08016c70   0x0000001c   Code   RO         2686    i.net_strnchr       Net_Dbg_CM3_L.lib(net_common.o)
    0x08016c8c   0x08016c8c   0x0000001a   Code   RO         2687    i.net_strncpy       Net_Dbg_CM3_L.lib(net_common.o)
    0x08016ca6   0x08016ca6   0x00000002   PAD
    0x08016ca8   0x08016ca8   0x0000000c   Code   RO         2375    i.net_sys_lock      Net_Dbg_CM3_L.lib(net_sys.o)
    0x08016cb4   0x08016cb4   0x00000016   Code   RO         2376    i.net_sys_resume    Net_Dbg_CM3_L.lib(net_sys.o)
    0x08016cca   0x08016cca   0x00000002   PAD
    0x08016ccc   0x08016ccc   0x00000014   Code   RO         2378    i.net_sys_tick      Net_Dbg_CM3_L.lib(net_sys.o)
    0x08016ce0   0x08016ce0   0x0000000c   Code   RO         2379    i.net_sys_unlock    Net_Dbg_CM3_L.lib(net_sys.o)
    0x08016cec   0x08016cec   0x00000020   Code   RO         2381    i.net_sys_wakeup    Net_Dbg_CM3_L.lib(net_sys.o)
    0x08016d0c   0x08016d0c   0x00000084   Code   RO         2050    i.net_tcp_abort     Net_Dbg_CM3_L.lib(net_tcp.o)
    0x08016d90   0x08016d90   0x000000e4   Code   RO         2053    i.net_tcp_close     Net_Dbg_CM3_L.lib(net_tcp.o)
    0x08016e74   0x08016e74   0x0000002e   Code   RO         2056    i.net_tcp_get_buf   Net_Dbg_CM3_L.lib(net_tcp.o)
    0x08016ea2   0x08016ea2   0x00000002   PAD
    0x08016ea4   0x08016ea4   0x00000034   Code   RO         2058    i.net_tcp_get_local_port  Net_Dbg_CM3_L.lib(net_tcp.o)
    0x08016ed8   0x08016ed8   0x00000028   Code   RO         2059    i.net_tcp_get_mss   Net_Dbg_CM3_L.lib(net_tcp.o)
    0x08016f00   0x08016f00   0x00000054   Code   RO         2061    i.net_tcp_get_peer  Net_Dbg_CM3_L.lib(net_tcp.o)
    0x08016f54   0x08016f54   0x00000070   Code   RO         2063    i.net_tcp_get_socket  Net_Dbg_CM3_L.lib(net_tcp.o)
    0x08016fc4   0x08016fc4   0x0000002c   Code   RO         2064    i.net_tcp_get_state  Net_Dbg_CM3_L.lib(net_tcp.o)
    0x08016ff0   0x08016ff0   0x00000034   Code   RO         2065    i.net_tcp_get_timer  Net_Dbg_CM3_L.lib(net_tcp.o)
    0x08017024   0x08017024   0x000000b0   Code   RO         2066    i.net_tcp_listen    Net_Dbg_CM3_L.lib(net_tcp.o)
    0x080170d4   0x080170d4   0x000007a8   Code   RO         2068    i.net_tcp_process   Net_Dbg_CM3_L.lib(net_tcp.o)
    0x0801787c   0x0801787c   0x0000015c   Code   RO         2072    i.net_tcp_send      Net_Dbg_CM3_L.lib(net_tcp.o)
    0x080179d8   0x080179d8   0x0000012c   Code   RO         2074    i.net_tcp_set_option  Net_Dbg_CM3_L.lib(net_tcp.o)
    0x08017b04   0x08017b04   0x00000028   Code   RO         2075    i.net_tcp_socket_init  Net_Dbg_CM3_L.lib(net_tcp.o)
    0x08017b2c   0x08017b2c   0x000003c0   Code   RO         2076    i.net_tcp_socket_run  Net_Dbg_CM3_L.lib(net_tcp.o)
    0x08017eec   0x08017eec   0x00000048   Code   RO         1984    i.net_udp_close     Net_Dbg_CM3_L.lib(net_udp.o)
    0x08017f34   0x08017f34   0x0000002e   Code   RO         1987    i.net_udp_get_buf   Net_Dbg_CM3_L.lib(net_udp.o)
    0x08017f62   0x08017f62   0x00000002   PAD
    0x08017f64   0x08017f64   0x00000070   Code   RO         1990    i.net_udp_get_socket  Net_Dbg_CM3_L.lib(net_udp.o)
    0x08017fd4   0x08017fd4   0x000000ac   Code   RO         1992    i.net_udp_open      Net_Dbg_CM3_L.lib(net_udp.o)
    0x08018080   0x08018080   0x00000158   Code   RO         1993    i.net_udp_process   Net_Dbg_CM3_L.lib(net_udp.o)
    0x080181d8   0x080181d8   0x00000012   Code   RO         1995    i.net_udp_send      Net_Dbg_CM3_L.lib(net_udp.o)
    0x080181ea   0x080181ea   0x00000002   PAD
    0x080181ec   0x080181ec   0x0000022c   Code   RO         1996    i.net_udp_send_if   Net_Dbg_CM3_L.lib(net_udp.o)
    0x08018418   0x08018418   0x00000024   Code   RO         1998    i.net_udp_socket_init  Net_Dbg_CM3_L.lib(net_udp.o)
    0x0801843c   0x0801843c   0x00000008   Code   RO         2689    i.net_ultoa         Net_Dbg_CM3_L.lib(net_common.o)
    0x08018444   0x08018444   0x00000030   Code   RO         2692    i.net_ultox         Net_Dbg_CM3_L.lib(net_common.o)
    0x08018474   0x08018474   0x0000004c   Code   RO         2693    i.net_xtoul         Net_Dbg_CM3_L.lib(net_common.o)
    0x080184c0   0x080184c0   0x0000001c   Code   RO         2348    i.ping_send_req     Net_Dbg_CM3_L.lib(net_ping_core.o)
    0x080184dc   0x080184dc   0x00000058   Code   RO         2210    i.proc_req_line     Net_Dbg_CM3_L.lib(net_http_server.o)
    0x08018534   0x08018534   0x0000001a   Code   RO         1941    i.que_free_list     Net_Dbg_CM3_L.lib(net_ip4_frag.o)
    0x0801854e   0x0801854e   0x000000a0   Code   RO         2211    i.read_script_line  Net_Dbg_CM3_L.lib(net_http_server.o)
    0x080185ee   0x080185ee   0x00000048   Code   RO         2212    i.search_delim      Net_Dbg_CM3_L.lib(net_http_server.o)
    0x08018636   0x08018636   0x00000002   PAD
    0x08018638   0x08018638   0x000000fc   Code   RO         2322    i.sntp_listener     Net_Dbg_CM3_L.lib(net_sntp_client_core.o)
    0x08018734   0x08018734   0x0000003c   Code   RO         2323    i.sntp_send_message  Net_Dbg_CM3_L.lib(net_sntp_client_core.o)
    0x08018770   0x08018770   0x00000018   Code   RO         2325    i.sntp_stop         Net_Dbg_CM3_L.lib(net_sntp_client_core.o)
    0x08018788   0x08018788   0x00000018   Code   RO         2382    i.sys_map_if        Net_Dbg_CM3_L.lib(net_sys.o)
    0x080187a0   0x080187a0   0x0000004c   Code   RO         2383    i.sys_proc_tick     Net_Dbg_CM3_L.lib(net_sys.o)
    0x080187ec   0x080187ec   0x00000110   Code   RO         2078    i.tcp_map_socket    Net_Dbg_CM3_L.lib(net_tcp.o)
    0x080188fc   0x080188fc   0x00000084   Code   RO         2079    i.tcp_parse_opt     Net_Dbg_CM3_L.lib(net_tcp.o)
    0x08018980   0x08018980   0x0000011c   Code   RO         2080    i.tcp_proc_acknr    Net_Dbg_CM3_L.lib(net_tcp.o)
    0x08018a9c   0x08018a9c   0x000000ac   Code   RO         2081    i.tcp_proc_dupack   Net_Dbg_CM3_L.lib(net_tcp.o)
    0x08018b48   0x08018b48   0x0000001a   Code   RO         2082    i.tcp_que_free      Net_Dbg_CM3_L.lib(net_tcp.o)
    0x08018b62   0x08018b62   0x0000001a   Code   RO         2083    i.tcp_que_init      Net_Dbg_CM3_L.lib(net_tcp.o)
    0x08018b7c   0x08018b7c   0x000000ac   Code   RO         2084    i.tcp_que_resend    Net_Dbg_CM3_L.lib(net_tcp.o)
    0x08018c28   0x08018c28   0x00000090   Code   RO         2085    i.tcp_send_ctrl     Net_Dbg_CM3_L.lib(net_tcp.o)
    0x08018cb8   0x08018cb8   0x0000007c   Code   RO         2086    i.tcp_send_data     Net_Dbg_CM3_L.lib(net_tcp.o)
    0x08018d34   0x08018d34   0x00000090   Code   RO         2087    i.tcp_send_reset    Net_Dbg_CM3_L.lib(net_tcp.o)
    0x08018dc4   0x08018dc4   0x00000044   Code   RO         2088    i.tcp_set_cwnd      Net_Dbg_CM3_L.lib(net_tcp.o)
    0x08018e08   0x08018e08   0x00000074   Code   RO         2089    i.tcp_transit       Net_Dbg_CM3_L.lib(net_tcp.o)
    0x08018e7c   0x08018e7c   0x0000010c   Code   RO         2090    i.tcp_write         Net_Dbg_CM3_L.lib(net_tcp.o)
    0x08018f88   0x08018f88   0x0000002c   Code   RO         2000    i.udp_port_in_use   Net_Dbg_CM3_L.lib(net_udp.o)
    0x08018fb4   0x08018fb4   0x00000044   Code   RO         2694    i.ul2str            Net_Dbg_CM3_L.lib(net_common.o)
    0x08018ff8   0x08018ff8   0x00000124   Code   RO         2213    i.utc_to_http       Net_Dbg_CM3_L.lib(net_http_server.o)
    0x0801911c   0x0801911c   0x00000024   Data   RO          169    .constdata          http_server.o
    0x08019140   0x08019140   0x00000004   Data   RO          265    .constdata          web.o
    0x08019144   0x08019144   0x00006af7   Data   RO          266    .constdata          web.o
    0x0801fc3b   0x0801fc3b   0x00000001   PAD
    0x0801fc3c   0x0801fc3c   0x000000b0   Data   RO          267    .constdata          web.o
    0x0801fcec   0x0801fcec   0x00000960   Data   RO          286    .constdata          lcd.o
    0x0802064c   0x0802064c   0x00000030   Data   RO          351    .constdata          conf_leds.o
    0x0802067c   0x0802067c   0x00000024   Data   RO          707    .constdata          rtx_lib.o
    0x080206a0   0x080206a0   0x00000024   Data   RO          708    .constdata          rtx_lib.o
    0x080206c4   0x080206c4   0x00000018   Data   RO          709    .constdata          rtx_lib.o
    0x080206dc   0x080206dc   0x00000004   Data   RO          711    .constdata          rtx_lib.o
    0x080206e0   0x080206e0   0x00000004   Data   RO         1052    .constdata          phy_lan8742a.o
    0x080206e4   0x080206e4   0x00000020   Data   RO         1053    .constdata          phy_lan8742a.o
    0x08020704   0x08020704   0x00000050   Data   RO         1080    .constdata          emac_stm32f4xx.o
    0x08020754   0x08020754   0x00000044   Data   RO         1081    .constdata          emac_stm32f4xx.o
    0x08020798   0x08020798   0x00000034   Data   RO         1123    .constdata          spi_stm32f4xx.o
    0x080207cc   0x080207cc   0x00000010   Data   RO         1124    .constdata          spi_stm32f4xx.o
    0x080207dc   0x080207dc   0x00000010   Data   RO         1125    .constdata          spi_stm32f4xx.o
    0x080207ec   0x080207ec   0x0000002c   Data   RO         1126    .constdata          spi_stm32f4xx.o
    0x08020818   0x08020818   0x00000018   Data   RO         1162    .constdata          eventrecorder.o
    0x08020830   0x08020830   0x00000008   Data   RO         1301    .constdata          stm32f4xx_hal_dma.o
    0x08020838   0x08020838   0x00000010   Data   RO         1645    .constdata          system_stm32f4xx_1.o
    0x08020848   0x08020848   0x00000008   Data   RO         1646    .constdata          system_stm32f4xx_1.o
    0x08020850   0x08020850   0x000000a8   Data   RO         1689    .constdata          net_config.o
    0x080208f8   0x080208f8   0x0000001c   Data   RO         1690    .constdata          net_config.o
    0x08020914   0x08020914   0x00000014   Data   RO         1691    .constdata          net_config.o
    0x08020928   0x08020928   0x0000000c   Data   RO         1692    .constdata          net_config.o
    0x08020934   0x08020934   0x00000028   Data   RO         1693    .constdata          net_config.o
    0x0802095c   0x0802095c   0x0000002c   Data   RO         1694    .constdata          net_config.o
    0x08020988   0x08020988   0x00000008   Data   RO         1695    .constdata          net_config.o
    0x08020990   0x08020990   0x00000008   Data   RO         1697    .constdata          net_config.o
    0x08020998   0x08020998   0x00000008   Data   RO         1698    .constdata          net_config.o
    0x080209a0   0x080209a0   0x00000008   Data   RO         1699    .constdata          net_config.o
    0x080209a8   0x080209a8   0x00000008   Data   RO         1700    .constdata          net_config.o
    0x080209b0   0x080209b0   0x00000008   Data   RO         1701    .constdata          net_config.o
    0x080209b8   0x080209b8   0x00000004   Data   RO         1703    .constdata          net_config.o
    0x080209bc   0x080209bc   0x00000008   Data   RO         1704    .constdata          net_config.o
    0x080209c4   0x080209c4   0x0000000c   Data   RO         1705    .constdata          net_config.o
    0x080209d0   0x080209d0   0x00000018   Data   RO         1706    .constdata          net_config.o
    0x080209e8   0x080209e8   0x00000034   Data   RO         1707    .constdata          net_config.o
    0x08020a1c   0x08020a1c   0x00000008   Data   RO         1708    .constdata          net_config.o
    0x08020a24   0x08020a24   0x00000028   Data   RO         1709    .constdata          net_config.o
    0x08020a4c   0x08020a4c   0x00000024   Data   RO         1710    .constdata          net_config.o
    0x08020a70   0x08020a70   0x00000010   Data   RO         1712    .constdata          net_config.o
    0x08020a80   0x08020a80   0x00000010   Data   RO         1713    .constdata          net_config.o
    0x08020a90   0x08020a90   0x0000002c   Data   RO         1922    .constdata          Net_Dbg_CM3_L.lib(net_loopback.o)
    0x08020abc   0x08020abc   0x0000000c   Data   RO         1923    .constdata          Net_Dbg_CM3_L.lib(net_loopback.o)
    0x08020ac8   0x08020ac8   0x000000fa   Data   RO         2215    .constdata          Net_Dbg_CM3_L.lib(net_http_server.o)
    0x08020bc2   0x08020bc2   0x00000002   PAD
    0x08020bc4   0x08020bc4   0x00000018   Data   RO         2294    .constdata          Net_Dbg_CM3_L.lib(net_http_server_auth.o)
    0x08020bdc   0x08020bdc   0x00000012   Data   RO         2350    .constdata          Net_Dbg_CM3_L.lib(net_ping_core.o)
    0x08020bee   0x08020bee   0x00000010   Data   RO         2443    .constdata          Net_Dbg_CM3_L.lib(net_addr.o)
    0x08020bfe   0x08020bfe   0x00000006   Data   RO         2444    .constdata          Net_Dbg_CM3_L.lib(net_addr.o)
    0x08020c04   0x08020c04   0x00000004   Data   RO         2566    .constdata          Net_Dbg_CM3_L.lib(net_ip4.o)
    0x08020c08   0x08020c08   0x00000020   Data   RO         2601    .constdata          Net_Dbg_CM3_L.lib(net_ip6.o)
    0x08020c28   0x08020c28   0x00000018   Data   RO         2641    .constdata          Net_Dbg_CM3_L.lib(net_http_server_err.o)
    0x08020c40   0x08020c40   0x00000010   Data   RO         2695    .constdata          Net_Dbg_CM3_L.lib(net_common.o)
    0x08020c50   0x08020c50   0x00000090   Data   RO         2742    .constdata          Net_Dbg_CM3_L.lib(net_base64.o)
    0x08020ce0   0x08020ce0   0x00000004   Data   RO         2751    .constdata          Net_Dbg_CM3_L.lib(net_version.o)
    0x08020ce4   0x08020ce4   0x0000000c   Data   RO         2765    .constdata          mc_w.l(localtime.o)
    0x08020cf0   0x08020cf0   0x00000056   Data   RO         2768    .constdata          mc_w.l(strftime.o)
    0x08020d46   0x08020d46   0x00000002   PAD
    0x08020d48   0x08020d48   0x000000da   Data   RO          230    .conststring        http_server_cgi.o
    0x08020e22   0x08020e22   0x00000002   PAD
    0x08020e24   0x08020e24   0x00000078   Data   RO         1714    .conststring        net_config.o
    0x08020e9c   0x08020e9c   0x0000000d   Data   RO         1715    .conststring        net_config.o
    0x08020ea9   0x08020ea9   0x00000003   PAD
    0x08020eac   0x08020eac   0x0000003c   Data   RO         1716    .conststring        net_config.o
    0x08020ee8   0x08020ee8   0x0000001d   Data   RO         1717    .conststring        net_config.o
    0x08020f05   0x08020f05   0x00000003   PAD
    0x08020f08   0x08020f08   0x0000000f   Data   RO         1718    .conststring        net_config.o
    0x08020f17   0x08020f17   0x00000001   PAD
    0x08020f18   0x08020f18   0x00000203   Data   RO         2642    .conststring        Net_Dbg_CM3_L.lib(net_http_server_err.o)
    0x0802111b   0x0802111b   0x00000001   PAD
    0x0802111c   0x0802111c   0x0000000b   Data   RO          651    .conststrlit        rtx_kernel.o
    0x08021127   0x08021127   0x00000001   PAD
    0x08021128   0x08021128   0x000000a8   Data   RO          712    .rodata             rtx_lib.o
    0x080211d0   0x080211d0   0x00000030   Data   RO         3108    Region$$Table       anon$$obj.o


    Execution Region RW_IRAM2 (Exec base: 0x10000000, Load base: 0x0802133c, Size: 0x000004a4, Max: 0x00010000, ABSOLUTE)

    Exec Addr    Load Addr    Size         Type   Attr      Idx    E Section Name        Object

    0x10000000        -       0x000004a4   Zero   RW         1161    .bss.noinit         eventrecorder.o


    Execution Region RW_IRAM1 (Exec base: 0x20000000, Load base: 0x08021200, Size: 0x0000f708, Max: 0x00030000, ABSOLUTE, COMPRESSED[0x0000013c])

    Exec Addr    Load Addr    Size         Type   Attr      Idx    E Section Name        Object

    0x20000000   COMPRESSED   0x00008000   Data   RW          699    .bss.os             rtx_lib.o
    0x20008000   COMPRESSED   0x00000040   Data   RW          700    .bss.os             rtx_lib.o
    0x20008040   COMPRESSED   0x00000001   Data   RW         1004    .bss.os             os_systick.o
    0x20008041   COMPRESSED   0x00000003   PAD
    0x20008044   COMPRESSED   0x00000034   Data   RW          701    .bss.os.msgqueue.cb  rtx_lib.o
    0x20008078   COMPRESSED   0x00000050   Data   RW          702    .bss.os.msgqueue.mem  rtx_lib.o
    0x200080c8   COMPRESSED   0x0000001c   Data   RW         1683    .bss.os.mutex.cb    net_config.o
    0x200080e4   COMPRESSED   0x0000001c   Data   RW         1684    .bss.os.mutex.cb    net_config.o
    0x20008100   COMPRESSED   0x00000010   Data   RW         1685    .bss.os.semaphore.cb  net_config.o
    0x20008110   COMPRESSED   0x00000044   Data   RW          703    .bss.os.thread.cb   rtx_lib.o
    0x20008154   COMPRESSED   0x00000044   Data   RW          704    .bss.os.thread.cb   rtx_lib.o
    0x20008198   COMPRESSED   0x00000044   Data   RW         1686    .bss.os.thread.cb   net_config.o
    0x200081dc   COMPRESSED   0x00000044   Data   RW         1687    .bss.os.thread.cb   net_config.o
    0x20008220   COMPRESSED   0x00000200   Data   RW          705    .bss.os.thread.idle.stack  rtx_lib.o
    0x20008420   COMPRESSED   0x00000200   Data   RW          706    .bss.os.thread.timer.stack  rtx_lib.o
    0x20008620   COMPRESSED   0x00000020   Data   RW         1688    .bss.os.timer.cb    net_config.o
    0x20008640   COMPRESSED   0x00000004   Data   RW            6    .data               main.o
    0x20008644   COMPRESSED   0x00000032   Data   RW          170    .data               http_server.o
    0x20008676   COMPRESSED   0x00000001   Data   RW          171    .data               http_server.o
    0x20008677   COMPRESSED   0x00000001   PAD
    0x20008678   COMPRESSED   0x00000008   Data   RW          231    .data               http_server_cgi.o
    0x20008680   COMPRESSED   0x0000000c   Data   RW          287    .data               lcd.o
    0x2000868c   COMPRESSED   0x00000004   Data   RW          377    .data               thlcd.o
    0x20008690   COMPRESSED   0x00000014   Data   RW          405    .data               rtc.o
    0x200086a4   COMPRESSED   0x00000004   Data   RW          463    .data               sntp.o
    0x200086a8   COMPRESSED   0x00000004   Data   RW          494    .data               thalarm.o
    0x200086ac   COMPRESSED   0x0000000c   Data   RW         1195    .data               stm32f4xx_hal.o
    0x200086b8   COMPRESSED   0x00000004   Data   RW         1647    .data               system_stm32f4xx_1.o
    0x200086bc   COMPRESSED   0x00000004   Data   RW         1719    .data               net_config.o
    0x200086c0   COMPRESSED   0x00000006   Data   RW         1720    .data               net_config.o
    0x200086c6   COMPRESSED   0x00000004   Data   RW         1721    .data               net_config.o
    0x200086ca   COMPRESSED   0x00000002   PAD
    0x200086cc   COMPRESSED   0x00000004   Data   RW         1924    .data               Net_Dbg_CM3_L.lib(net_loopback.o)
    0x200086d0   COMPRESSED   0x00000004   Data   RW         1942    .data               Net_Dbg_CM3_L.lib(net_ip4_frag.o)
    0x200086d4   COMPRESSED   0x00000001   Data   RW         1960    .data               Net_Dbg_CM3_L.lib(net_icmp.o)
    0x200086d5   COMPRESSED   0x00000001   PAD
    0x200086d6   COMPRESSED   0x00000002   Data   RW         2002    .data               Net_Dbg_CM3_L.lib(net_udp.o)
    0x200086d8   COMPRESSED   0x00000004   Data   RW         2093    .data               Net_Dbg_CM3_L.lib(net_tcp.o)
    0x200086dc   COMPRESSED   0x0000000c   Data   RW         2216    .data               Net_Dbg_CM3_L.lib(net_http_server.o)
    0x200086e8   COMPRESSED   0x00000008   Data   RW         2567    .data               Net_Dbg_CM3_L.lib(net_ip4.o)
    0x200086f0   COMPRESSED   0x00000004   Data   RW         2603    .data               Net_Dbg_CM3_L.lib(net_ip6.o)
    0x200086f4   COMPRESSED   0x00000004   Data   RW         3080    .data               mc_w.l(stdout.o)
    0x200086f8   COMPRESSED   0x000000a4   Data   RW          652    .data.os            rtx_kernel.o
    0x2000879c        -       0x0000005c   Zero   RW            5    .bss                main.o
    0x200087f8        -       0x00000068   Zero   RW          167    .bss                http_server.o
    0x20008860        -       0x00000400   Zero   RW          168    .bss                http_server.o
    0x20008c60        -       0x0000007e   Zero   RW          229    .bss                http_server_cgi.o
    0x20008cde   COMPRESSED   0x00000002   PAD
    0x20008ce0        -       0x00000254   Zero   RW          285    .bss                lcd.o
    0x20008f34        -       0x0000005c   Zero   RW          404    .bss                rtc.o
    0x20008f90        -       0x0000000c   Zero   RW         1051    .bss                phy_lan8742a.o
    0x20008f9c        -       0x000024cc   Zero   RW         1079    .bss                emac_stm32f4xx.o
    0x2000b468        -       0x00000010   Zero   RW         1121    .bss                spi_stm32f4xx.o
    0x2000b478        -       0x0000001c   Zero   RW         1122    .bss                spi_stm32f4xx.o
    0x2000b494   COMPRESSED   0x00000004   PAD
    0x2000b498        -       0x00000400   Zero   RW         1674    .bss                net_config.o
    0x2000b898        -       0x00000400   Zero   RW         1675    .bss                net_config.o
    0x2000bc98        -       0x00002ee0   Zero   RW         1676    .bss                net_config.o
    0x2000eb78        -       0x000000c8   Zero   RW         1677    .bss                net_config.o
    0x2000ec40        -       0x00000018   Zero   RW         1678    .bss                net_config.o
    0x2000ec58        -       0x00000028   Zero   RW         1679    .bss                net_config.o
    0x2000ec80        -       0x00000050   Zero   RW         1680    .bss                net_config.o
    0x2000ecd0        -       0x00000228   Zero   RW         1681    .bss                net_config.o
    0x2000eef8        -       0x00000150   Zero   RW         1682    .bss                net_config.o
    0x2000f048        -       0x000000a0   Zero   RW         1819    .bss                Net_Dbg_CM3_L.lib(net_eth.o)
    0x2000f0e8        -       0x00000018   Zero   RW         1879    .bss                Net_Dbg_CM3_L.lib(net_arp.o)
    0x2000f100        -       0x0000001c   Zero   RW         2001    .bss                Net_Dbg_CM3_L.lib(net_udp.o)
    0x2000f11c        -       0x00000098   Zero   RW         2214    .bss                Net_Dbg_CM3_L.lib(net_http_server.o)
    0x2000f1b4        -       0x0000002c   Zero   RW         2326    .bss                Net_Dbg_CM3_L.lib(net_sntp_client_core.o)
    0x2000f1e0        -       0x0000002c   Zero   RW         2349    .bss                Net_Dbg_CM3_L.lib(net_ping_core.o)
    0x2000f20c        -       0x00000038   Zero   RW         2384    .bss                Net_Dbg_CM3_L.lib(net_sys.o)
    0x2000f244        -       0x00000024   Zero   RW         2385    .bss                Net_Dbg_CM3_L.lib(net_sys.o)
    0x2000f268        -       0x0000005c   Zero   RW         2442    .bss                Net_Dbg_CM3_L.lib(net_addr.o)
    0x2000f2c4        -       0x00000014   Zero   RW         2657    .bss                Net_Dbg_CM3_L.lib(net_mem.o)
    0x2000f2d8        -       0x0000002c   Zero   RW         2764    .bss                mc_w.l(localtime.o)
    0x2000f304   COMPRESSED   0x00000004   PAD
    0x2000f308        -       0x00000400   Zero   RW         1634    STACK               startup_stm32f429xx.o


==============================================================================

Image component sizes


      Code (inc. data)   RO Data    RW Data    ZI Data      Debug   Object Name

       208         16          0          0          0       1680   adc.o
       396         16         48          0          0       2321   conf_leds.o
      2536        156        148          0       9420      47678   emac_stm32f4xx.o
      1452         40         24          0       1188      17412   eventrecorder.o
       248         22         36         51       1128      10992   http_server.o
      1948        356        218          8        126       7980   http_server_cgi.o
       148          8          0          0          0        588   irq_armv7m.o
       964         36       2400         12        596       8853   lcd.o
       380         44          0          4         92     799598   main.o
       372         24        813        254      15280      32521   net_config.o
       338          0          0          0          0        802   net_debug.o
       196         12          0          1          0       1992   os_systick.o
       428         10         36          0         12       6970   phy_lan8742a.o
       884        292          0         20         92       3835   rtc.o
         4          0          0          0          0        547   rtx_config.o
       260         14          0          0          0      17930   rtx_delay.o
      2392         88          0          0          0      45217   rtx_evr.o
      1740         96         11        164          0      28084   rtx_kernel.o
        24          0        268      34124          0       9883   rtx_lib.o
       292          0          0          0          0       3847   rtx_memory.o
      1984         48          0          0          0      15192   rtx_mempool.o
      2820         58          0          0          0      23712   rtx_msgqueue.o
      1368         30          0          0          0      10178   rtx_mutex.o
      1432         34          0          0          0      11920   rtx_semaphore.o
       668         18          0          0          0       8497   rtx_system.o
      4892        124          0          0          0      33649   rtx_thread.o
      1152         34          0          0          0      10285   rtx_timer.o
       188         36          0          4          0       2103   sntp.o
      3164         98        128          0         44      44963   spi_stm32f4xx.o
        36          8        428          0       1024        784   startup_stm32f429xx.o
       456         38          0         12          0      11471   stm32f4xx_hal.o
      2744         92          0          0          0       8855   stm32f4xx_hal_adc.o
      1828         42          0          0          0       6570   stm32f4xx_hal_adc_ex.o
       664         10          0          0          0      36162   stm32f4xx_hal_cortex.o
      1816         28          8          0          0       7669   stm32f4xx_hal_dma.o
       868         54          0          0          0       4023   stm32f4xx_hal_gpio.o
       376         20          0          0          0       3651   stm32f4xx_hal_pwr.o
      1888         66          0          0          0       6175   stm32f4xx_hal_rcc.o
      1508         80          0          0          0       4733   stm32f4xx_hal_rcc_ex.o
      2416         24          0          0          0       8737   stm32f4xx_hal_rtc.o
      2828         22          0          0          0      13729   stm32f4xx_hal_rtc_ex.o
      9170        166          0          0          0      37672   stm32f4xx_hal_tim.o
      2992         62          0          0          0      13696   stm32f4xx_hal_tim_ex.o
        58          0          0          0          0       1243   stm32f4xx_it.o
       148         20         24          4          0       1641   system_stm32f4xx_1.o
        96         14          0          4          0        801   thalarm.o
        92          4          0          4          0        827   thlcd.o
       120         10      27563          0          0       1580   web.o

    ----------------------------------------------------------------------
     62986       2470      32212      34672      29008    1379248   Object Totals
         0          0         48          0          0          0   (incl. Generated)
         4          0         11          6          6          0   (incl. Padding)

    ----------------------------------------------------------------------

      Code (inc. data)   RO Data    RW Data    ZI Data      Debug   Library Member Name

      1458         18         22          0         92       1624   net_addr.o
      2874        144          0          0         24       1548   net_arp.o
       120          6        144          0          0         84   net_base64.o
       590         10         16          0          0       1264   net_common.o
      3664        138          0          0        160       1600   net_eth.o
      6834       1268        250         12        152       2852   net_http_server.o
       266         66         24          0          0        368   net_http_server_auth.o
         0          0        539          0          0          0   net_http_server_err.o
       640         48          0          1          0        236   net_icmp.o
       812         60          0          0          0        332   net_icmp6.o
      1188         82          4          8          0        956   net_ip4.o
       690         30          0          4          0        476   net_ip4_frag.o
       848         72         32          4          0        644   net_ip6.o
       348         28         56          4          0        256   net_loopback.o
       592         64          0          0         20        564   net_mem.o
      3058        106          0          0          0       1404   net_ndp.o
       188         32         18          0         44        220   net_ping_core.o
       872         70          0          0         44        584   net_sntp_client_core.o
       834         84          0          0         92       1012   net_sys.o
      6566        282          0          4          0       2728   net_tcp.o
      1400         80          0          2         28        772   net_udp.o
         0          0          4          0          0          0   net_version.o
        86          0          0          0          0          0   __dczerorl2.o
         0          0          0          0          0          0   entry.o
         0          0          0          0          0          0   entry10a.o
         0          0          0          0          0          0   entry11a.o
         4          0          0          0          0          0   entry12b.o
         8          4          0          0          0          0   entry2.o
         4          0          0          0          0          0   entry5.o
         0          0          0          0          0          0   entry7b.o
         0          0          0          0          0          0   entry8b.o
         8          4          0          0          0          0   entry9a.o
        18          0          0          0          0         80   fputc.o
        30          0          0          0          0          0   handlers.o
        36          8          0          0          0         68   init.o
         0          0          0          0          0          0   iusefp.o
         0          0          0          0          0          0   iusesemip.o
        30          0          0          0          0         68   llshl.o
        36          0          0          0          0         68   llsshr.o
        32          0          0          0          0         68   llushr.o
       148         10         12          0         44         76   localtime.o
        26          0          0          0          0         80   memcmp.o
        36          0          0          0          0         68   memcpya.o
        36          0          0          0          0        108   memseta.o
      2268         96          0          0          0        616   printfa.o
         0          0          0          0          0          0   semi.o
         0          0          0          4          0          0   stdout.o
        24          0          0          0          0         68   strcat.o
        28          0          0          0          0         76   strcmp.o
        18          0          0          0          0         68   strcpy.o
       916        264         86          0          0        144   strftime.o
        14          0          0          0          0         68   strlen.o
        30          0          0          0          0         80   strncmp.o
        44          0          0          0          0         80   uidiv.o
        98          0          0          0          0         92   uldiv.o
        48          0          0          0          0         68   cdrcmple.o
       334          0          0          0          0        148   dadd.o
       222          0          0          0          0        100   ddiv.o
       186          0          0          0          0        176   depilogue.o
        48          0          0          0          0         68   dfixul.o
       228          0          0          0          0         96   dmul.o
        38          0          0          0          0         68   f2d.o
       110          0          0          0          0        168   fepilogue.o
        50          0          0          0          0         68   ffixi.o
        10          0          0          0          0         68   ffltui.o
       100          0          0          0          0         76   fmul.o
        24          0          0          0          0         68   fscalb.o

    ----------------------------------------------------------------------
     39270       3074       1212         44        704      22672   Library Totals
        52          0          5          1          4          0   (incl. Padding)

    ----------------------------------------------------------------------

      Code (inc. data)   RO Data    RW Data    ZI Data      Debug   Library Name

     33842       2688       1109         39        656      19524   Net_Dbg_CM3_L.lib
      3978        386         98          4         44       1976   mc_w.l
      1398          0          0          0          0       1172   mf_w.l

    ----------------------------------------------------------------------
     39270       3074       1212         44        704      22672   Library Totals

    ----------------------------------------------------------------------

==============================================================================


      Code (inc. data)   RO Data    RW Data    ZI Data      Debug   

    102256       5544      33424      34716      29712    1383380   Grand Totals
    102256       5544      33424        316      29712    1383380   ELF Image Totals (compressed)
    102256       5544      33424        316          0          0   ROM Totals

==============================================================================

    Total RO  Size (Code + RO Data)               135680 ( 132.50kB)
    Total RW  Size (RW Data + ZI Data)             64428 (  62.92kB)
    Total ROM Size (Code + RO Data + RW Data)     135996 ( 132.81kB)

==============================================================================

