Component: ARM Compiler 5.06 update 7 (build 960) Tool: armlink [4d3601]

==============================================================================

Section Cross References

    main.o(.text) refers to rtx_kernel.o(.text) for osKernelGetState
    main.o(.text) refers to stm32f4xx_hal_rcc.o(.text) for HAL_RCC_OscConfig
    main.o(.text) refers to stm32f4xx_hal.o(.text) for HAL_GetREVID
    main.o(.text) refers to system_stm32f4xx_1.o(.text) for SystemCoreClockUpdate
    main.o(.text) refers to lcd.o(.text) for LCD_reset
    main.o(.text) refers to rtx_thread.o(.text) for osThreadNew
    main.o(.text) refers to system_stm32f4xx_1.o(.data) for SystemCoreClock
    main.o(.text) refers to main.o(.data) for .data
    main.o(.text) refers to http_server.o(.constdata) for app_main_attr
    main.o(.text) refers to http_server.o(.text) for app_main
    http_server.o(.text) refers to rtx_thread.o(.text) for osThreadFlagsSet
    http_server.o(.text) refers to net_sys.o(i.netIF_GetOption) for netIF_GetOption
    http_server.o(.text) refers to net_addr.o(i.netIP_ntoa) for netIP_ntoa
    http_server.o(.text) refers to printfa.o(i.__0sprintf) for __2sprintf
    http_server.o(.text) refers to lcd.o(.text) for LCD_escribir_linea
    http_server.o(.text) refers to rtx_delay.o(.text) for osDelay
    http_server.o(.text) refers to conf.o(.text) for config
    http_server.o(.text) refers to net_sys.o(i.netInitialize) for netInitialize
    http_server.o(.text) refers to http_server.o(.data) for .data
    http_server.o(.text) refers to http_server.o(.bss) for .bss
    http_server.o(.constdata) refers to http_server.o(.bss) for app_main_stk
    http_server_cgi.o(.text) refers to net_http_server.o(i.netCGI_GetEnvVar) for netCGI_GetEnvVar
    http_server_cgi.o(.text) refers to net_addr.o(i.netIP_aton) for netIP_aton
    http_server_cgi.o(.text) refers to net_sys.o(i.netIF_SetOption) for netIF_SetOption
    http_server_cgi.o(.text) refers to conf.o(.text) for init_leds
    http_server_cgi.o(.text) refers to strcmp.o(.text) for strcmp
    http_server_cgi.o(.text) refers to strncmp.o(.text) for strncmp
    http_server_cgi.o(.text) refers to stm32f4xx_hal_gpio.o(.text) for HAL_GPIO_TogglePin
    http_server_cgi.o(.text) refers to net_http_server.o(i.netHTTPs_LoginActive) for netHTTPs_LoginActive
    http_server_cgi.o(.text) refers to strcpy.o(.text) for strcpy
    http_server_cgi.o(.text) refers to net_http_server.o(i.netHTTPs_SetPassword) for netHTTPs_SetPassword
    http_server_cgi.o(.text) refers to rtx_thread.o(.text) for osThreadFlagsSet
    http_server_cgi.o(.text) refers to net_sys.o(i.netIF_GetOption) for netIF_GetOption
    http_server_cgi.o(.text) refers to net_addr.o(i.netIP_ntoa) for netIP_ntoa
    http_server_cgi.o(.text) refers to printfa.o(i.__0sprintf) for __2sprintf
    http_server_cgi.o(.text) refers to net_tcp.o(i.netTCP_GetState) for netTCP_GetState
    http_server_cgi.o(.text) refers to net_tcp.o(i.netTCP_GetPeer) for netTCP_GetPeer
    http_server_cgi.o(.text) refers to net_tcp.o(i.netTCP_GetTimer) for netTCP_GetTimer
    http_server_cgi.o(.text) refers to net_tcp.o(i.netTCP_GetLocalPort) for netTCP_GetLocalPort
    http_server_cgi.o(.text) refers to http_server_cgi.o(.bss) for .bss
    http_server_cgi.o(.text) refers to http_server_cgi.o(.data) for .data
    http_server_cgi.o(.text) refers to http_server.o(.data) for LEDrun
    http_server_cgi.o(.text) refers to http_server_cgi.o(.conststring) for .conststring
    http_server_cgi.o(.text) refers to net_http_server.o(i.netHTTPs_GetPassword) for netHTTPs_GetPassword
    http_server_cgi.o(.text) refers to net_http_server.o(i.netHTTPs_GetLanguage) for netHTTPs_GetLanguage
    http_server_cgi.o(.text) refers to http_server.o(.text) for AD_in
    http_server_cgi.o(.text) refers to f2d.o(.text) for __aeabi_f2d
    http_server_cgi.o(.text) refers to dmul.o(.text) for __aeabi_dmul
    web.o(.text) refers to web.o(.constdata) for .constdata
    web.o(.constdata) refers to web.o(.constdata) for imageFileData
    conf.o(.text) refers to stm32f4xx_hal_gpio.o(.text) for HAL_GPIO_Init
    conf.o(.text) refers to conf.o(.bss) for .bss
    lcd.o(.text) refers to stm32f4xx_hal_tim.o(.text) for HAL_TIM_Base_Init
    lcd.o(.text) refers to stm32f4xx_hal_gpio.o(.text) for HAL_GPIO_Init
    lcd.o(.text) refers to strlen.o(.text) for strlen
    lcd.o(.text) refers to lcd.o(.bss) for .bss
    lcd.o(.text) refers to lcd.o(.data) for .data
    lcd.o(.text) refers to lcd.o(.constdata) for .constdata
    lcd.o(.data) refers to spi_stm32f4xx.o(.constdata) for Driver_SPI1
    irq_armv7m.o(.text) refers to rtx_system.o(.text) for osRtxPendSV_Handler
    irq_armv7m.o(.text) refers to rtx_kernel.o(.data.os) for osRtxInfo
    irq_armv7m.o(.text) refers to rtx_lib.o(.constdata) for osRtxUserSVC
    rtx_delay.o(.text) refers to rtx_thread.o(.text) for osRtxThreadWaitEnter
    rtx_delay.o(.text) refers to rtx_evr.o(.text) for EvrRtxDelayStarted
[...]
    netos_timer_delete                       0x0800c0a3   Thumb Code     4  net_config.o(.text)
    netos_timer_start                        0x0800c0a7   Thumb Code    22  net_config.o(.text)
    netos_mutex_create                       0x0800c0bd   Thumb Code    16  net_config.o(.text)
    netos_mutex_delete                       0x0800c0cd   Thumb Code     4  net_config.o(.text)
    netos_lock                               0x0800c0d1   Thumb Code     8  net_config.o(.text)
    netos_unlock                             0x0800c0d9   Thumb Code     4  net_config.o(.text)
    netos_flag_wait                          0x0800c0dd   Thumb Code    24  net_config.o(.text)
    netos_flag_set                           0x0800c0f5   Thumb Code     4  net_config.o(.text)
    netos_flag_clear                         0x0800c0f9   Thumb Code     6  net_config.o(.text)
    netos_delay                              0x0800c0ff   Thumb Code    14  net_config.o(.text)
    netif_create                             0x0800c10d   Thumb Code    46  net_config.o(.text)
    netif_delete                             0x0800c13b   Thumb Code    20  net_config.o(.text)
    netif_lock                               0x0800c14f   Thumb Code     8  net_config.o(.text)
    netif_unlock                             0x0800c157   Thumb Code     4  net_config.o(.text)
    netIGMP_Join                             0x0800c161   Thumb Code     4  net_config.o(.text)
    netIGMP_Leave                            0x0800c165   Thumb Code     4  net_config.o(.text)
    net_igmp_is_member                       0x0800c169   Thumb Code     4  net_config.o(.text)
    net_igmp_collect_mcast                   0x0800c16d   Thumb Code     4  net_config.o(.text)
    net_igmp_process                         0x0800c171   Thumb Code     2  net_config.o(.text)
    netDHCP_Enable                           0x0800c173   Thumb Code     4  net_config.o(.text)
    netDHCP_Disable                          0x0800c177   Thumb Code     4  net_config.o(.text)
    netDHCP_SetOption                        0x0800c17b   Thumb Code     4  net_config.o(.text)
    netDHCP6_Enable                          0x0800c17f   Thumb Code     4  net_config.o(.text)
    netDHCP6_Disable                         0x0800c183   Thumb Code     4  net_config.o(.text)
    netSNTPc_GetTime                         0x0800c187   Thumb Code     4  net_config.o(.text)
    netHTTPs_fopen                           0x0800c18b   Thumb Code     4  net_config.o(.text)
    netHTTPs_fclose                          0x0800c18f   Thumb Code     2  net_config.o(.text)
    netHTTPs_fread                           0x0800c191   Thumb Code     4  net_config.o(.text)
    netHTTPs_fgets                           0x0800c195   Thumb Code     4  net_config.o(.text)
    netHTTPs_fstat                           0x0800c199   Thumb Code     2  net_config.o(.text)
    net_sys_error                            0x0800c19b   Thumb Code     2  net_config.o(.text)
    net_evr_init                             0x0800c1b5   Thumb Code   336  net_debug.o(.text)
    net_debug_init                           0x0800c305   Thumb Code     2  net_debug.o(.text)
    __aeabi_uldivmod                         0x0800c307   Thumb Code    98  uldiv.o(.text)
    __aeabi_memcpy                           0x0800c369   Thumb Code    36  memcpya.o(.text)
    __aeabi_memcpy4                          0x0800c369   Thumb Code     0  memcpya.o(.text)
    __aeabi_memcpy8                          0x0800c369   Thumb Code     0  memcpya.o(.text)
    __aeabi_memset                           0x0800c38d   Thumb Code    14  memseta.o(.text)
    __aeabi_memset4                          0x0800c38d   Thumb Code     0  memseta.o(.text)
    __aeabi_memset8                          0x0800c38d   Thumb Code     0  memseta.o(.text)
    __aeabi_memclr                           0x0800c39b   Thumb Code     4  memseta.o(.text)
    __aeabi_memclr4                          0x0800c39b   Thumb Code     0  memseta.o(.text)
    __aeabi_memclr8                          0x0800c39b   Thumb Code     0  memseta.o(.text)
    _memset$wrapper                          0x0800c39f   Thumb Code    18  memseta.o(.text)
    strlen                                   0x0800c3b1   Thumb Code    14  strlen.o(.text)
    strcmp                                   0x0800c3bf   Thumb Code    28  strcmp.o(.text)
    memcmp                                   0x0800c3db   Thumb Code    26  memcmp.o(.text)
    strcpy                                   0x0800c3f5   Thumb Code    18  strcpy.o(.text)
    strncmp                                  0x0800c407   Thumb Code    30  strncmp.o(.text)
    __aeabi_dmul                             0x0800c425   Thumb Code   228  dmul.o(.text)
    __aeabi_f2d                              0x0800c509   Thumb Code    38  f2d.o(.text)
    __aeabi_uidiv                            0x0800c52f   Thumb Code     0  uidiv.o(.text)
    __aeabi_uidivmod                         0x0800c52f   Thumb Code    44  uidiv.o(.text)
    __aeabi_llsl                             0x0800c55b   Thumb Code    30  llshl.o(.text)
    _ll_shift_l                              0x0800c55b   Thumb Code     0  llshl.o(.text)
    __aeabi_llsr                             0x0800c579   Thumb Code    32  llushr.o(.text)
    _ll_ushift_r                             0x0800c579   Thumb Code     0  llushr.o(.text)
    __I$use$fp                               0x0800c599   Thumb Code     0  iusefp.o(.text)
    _double_round                            0x0800c599   Thumb Code    30  depilogue.o(.text)
    _double_epilogue                         0x0800c5b7   Thumb Code   156  depilogue.o(.text)
    __aeabi_dadd                             0x0800c653   Thumb Code   322  dadd.o(.text)
    __aeabi_dsub                             0x0800c795   Thumb Code     6  dadd.o(.text)
    __aeabi_drsub                            0x0800c79b   Thumb Code     6  dadd.o(.text)
    __aeabi_ddiv                             0x0800c7a1   Thumb Code   222  ddiv.o(.text)
    __aeabi_d2ulz                            0x0800c87f   Thumb Code    48  dfixul.o(.text)
    __aeabi_cdrcmple                         0x0800c8b1   Thumb Code    48  cdrcmple.o(.text)
    __scatterload                            0x0800c8e1   Thumb Code    28  init.o(.text)
    __scatterload_rt2                        0x0800c8e1   Thumb Code     0  init.o(.text)
    __aeabi_lasr                             0x0800c905   Thumb Code    36  llsshr.o(.text)
    _ll_sshift_r                             0x0800c905   Thumb Code     0  llsshr.o(.text)
    __decompress                             0x0800c929   Thumb Code     0  __dczerorl2.o(.text)
    __decompress1                            0x0800c929   Thumb Code    86  __dczerorl2.o(.text)
    __0sprintf                               0x0800c981   Thumb Code    34  printfa.o(i.__0sprintf)
    __1sprintf                               0x0800c981   Thumb Code     0  printfa.o(i.__0sprintf)
    __2sprintf                               0x0800c981   Thumb Code     0  printfa.o(i.__0sprintf)
    __c89sprintf                             0x0800c981   Thumb Code     0  printfa.o(i.__0sprintf)
    sprintf                                  0x0800c981   Thumb Code     0  printfa.o(i.__0sprintf)
    __scatterload_copy                       0x0800c9a9   Thumb Code    14  handlers.o(i.__scatterload_copy)
    __scatterload_null                       0x0800c9b7   Thumb Code     2  handlers.o(i.__scatterload_null)
    __scatterload_zeroinit                   0x0800c9b9   Thumb Code    14  handlers.o(i.__scatterload_zeroinit)
    netCGI_Charset                           0x0800ffc5   Thumb Code     4  net_http_server.o(i.netCGI_Charset)
    netCGI_ContentType                       0x0800ffc9   Thumb Code     4  net_http_server.o(i.netCGI_ContentType)
    netCGI_CustomHeader                      0x0800ffcd   Thumb Code     4  net_http_server.o(i.netCGI_CustomHeader)
    netCGI_GetEnvVar                         0x0800ffd1   Thumb Code   104  net_http_server.o(i.netCGI_GetEnvVar)
    netCGI_Redirect                          0x0801003d   Thumb Code     4  net_http_server.o(i.netCGI_Redirect)
    netCGX_ContentType                       0x08010041   Thumb Code     4  net_http_server.o(i.netCGX_ContentType)
    netCore_Thread                           0x08010045   Thumb Code    90  net_sys.o(i.netCore_Thread)
    netETH_Notify                            0x080100a9   Thumb Code     2  net_eth.o(i.netETH_Notify)
    netETH_ReceiveRaw                        0x080100ab   Thumb Code     2  net_eth.o(i.netETH_ReceiveRaw)
    netETH_Thread                            0x080100ad   Thumb Code   114  net_eth.o(i.netETH_Thread)
    netHTTPs_AcceptClient                    0x0801011f   Thumb Code     4  net_http_server.o(i.netHTTPs_AcceptClient)
    netHTTPs_CheckAccount                    0x08010123   Thumb Code     4  net_http_server_auth.o(i.netHTTPs_CheckAccount)
    netHTTPs_FileAccess                      0x08010127   Thumb Code     4  net_http_server.o(i.netHTTPs_FileAccess)
    netHTTPs_GetLanguage                     0x0801012d   Thumb Code    24  net_http_server.o(i.netHTTPs_GetLanguage)
    netHTTPs_GetPassword                     0x0801014d   Thumb Code     6  net_http_server.o(i.netHTTPs_GetPassword)
    netHTTPs_LoginActive                     0x08010159   Thumb Code     6  net_http_server.o(i.netHTTPs_LoginActive)
    netHTTPs_SetPassword                     0x08010165   Thumb Code    78  net_http_server.o(i.netHTTPs_SetPassword)
    netIF_GetOption                          0x080101bd   Thumb Code   128  net_sys.o(i.netIF_GetOption)
    netIF_SetOption                          0x08010245   Thumb Code   124  net_sys.o(i.netIF_SetOption)
    netIP_aton                               0x080102c9   Thumb Code    26  net_addr.o(i.netIP_aton)
    netIP_ntoa                               0x080102e3   Thumb Code    50  net_addr.o(i.netIP_ntoa)
    netInitialize                            0x08010315   Thumb Code   156  net_sys.o(i.netInitialize)
    netMAC_aton                              0x080103c1   Thumb Code   140  net_addr.o(i.netMAC_aton)
    netTCP_GetLocalPort                      0x0801044d   Thumb Code     4  net_tcp.o(i.netTCP_GetLocalPort)
    netTCP_GetPeer                           0x08010451   Thumb Code    32  net_tcp.o(i.netTCP_GetPeer)
    netTCP_GetState                          0x08010471   Thumb Code     4  net_tcp.o(i.netTCP_GetState)
    netTCP_GetTimer                          0x08010475   Thumb Code     4  net_tcp.o(i.netTCP_GetTimer)
    net_addr4_aton                           0x08010479   Thumb Code   124  net_addr.o(i.net_addr4_aton)
    net_addr4_to_mac                         0x080104f5   Thumb Code    30  net_addr.o(i.net_addr4_to_mac)
    net_addr6_aton                           0x08010515   Thumb Code   230  net_addr.o(i.net_addr6_aton)
    net_addr6_comp                           0x080105fb   Thumb Code    40  net_addr.o(i.net_addr6_comp)
    net_addr6_copy                           0x08010623   Thumb Code    18  net_addr.o(i.net_addr6_copy)
    net_addr6_create                         0x08010635   Thumb Code    70  net_addr.o(i.net_addr6_create)
    net_addr6_get_solicited                  0x08010681   Thumb Code    34  net_addr.o(i.net_addr6_get_solicited)
    net_addr6_is_linklocal                   0x080106a9   Thumb Code    24  net_addr.o(i.net_addr6_is_linklocal)
    net_addr6_is_onlink                      0x080106c1   Thumb Code   110  net_addr.o(i.net_addr6_is_onlink)
    net_addr6_is_solicited                   0x0801072f   Thumb Code    72  net_addr.o(i.net_addr6_is_solicited)
    net_addr6_is_unspec                      0x08010777   Thumb Code    24  net_addr.o(i.net_addr6_is_unspec)
    net_addr6_to_mac                         0x0801078f   Thumb Code    14  net_addr.o(i.net_addr6_to_mac)
    net_addr_copy                            0x0801079d   Thumb Code    38  net_addr.o(i.net_addr_copy)
    net_addr_find_route                      0x080107c3   Thumb Code    26  net_addr.o(i.net_addr_find_route)
    net_addr_get_local                       0x080107dd   Thumb Code    26  net_addr.o(i.net_addr_get_local)
    net_addr_is_unspec                       0x080107fd   Thumb Code    34  net_addr.o(i.net_addr_is_unspec)
    net_arp_cache_add                        0x08010821   Thumb Code   276  net_arp.o(i.net_arp_cache_add)
    net_arp_cache_early                      0x0801093d   Thumb Code   180  net_arp.o(i.net_arp_cache_early)
    net_arp_cache_find                       0x080109f9   Thumb Code   224  net_arp.o(i.net_arp_cache_find)
    net_arp_cache_init                       0x08010ae5   Thumb Code    64  net_arp.o(i.net_arp_cache_init)
    net_arp_cache_run                        0x08010b2d   Thumb Code    22  net_arp.o(i.net_arp_cache_run)
    net_arp_enqueue                          0x08010b49   Thumb Code   114  net_arp.o(i.net_arp_enqueue)
    net_arp_notify                           0x08010bc1   Thumb Code    32  net_arp.o(i.net_arp_notify)
    net_arp_process                          0x08010be1   Thumb Code   536  net_arp.o(i.net_arp_process)
    net_atoi                                 0x08010e05   Thumb Code    66  net_common.o(i.net_atoi)
    net_base64_decode                        0x08010e49   Thumb Code   114  net_base64.o(i.net_base64_decode)
    net_chksum_buf                           0x08010ec1   Thumb Code    48  net_common.o(i.net_chksum_buf)
    net_crc_buf                              0x08010ef1   Thumb Code    30  net_common.o(i.net_crc_buf)
    net_eth_callback                         0x08010f0f   Thumb Code    14  net_eth.o(i.net_eth_callback)
    net_eth_config_mcast                     0x08010f1d   Thumb Code   104  net_eth.o(i.net_eth_config_mcast)
    net_eth_get_option                       0x08010f85   Thumb Code   234  net_eth.o(i.net_eth_get_option)
    net_eth_iface_init                       0x08011071   Thumb Code    22  net_eth.o(i.net_eth_iface_init)
    net_eth_iface_run                        0x0801108d   Thumb Code    22  net_eth.o(i.net_eth_iface_run)
    net_eth_output                           0x080110a9   Thumb Code   164  net_eth.o(i.net_eth_output)
    net_eth_send_frame                       0x08011151   Thumb Code   462  net_eth.o(i.net_eth_send_frame)
    net_eth_set_option                       0x08011331   Thumb Code   610  net_eth.o(i.net_eth_set_option)
    net_http_server_init                     0x080115a1   Thumb Code   212  net_http_server.o(i.net_http_server_init)
    net_http_server_run                      0x08011689   Thumb Code    30  net_http_server.o(i.net_http_server_run)
    net_icmp6_init                           0x080116b1   Thumb Code    20  net_icmp6.o(i.net_icmp6_init)
    net_icmp6_process                        0x080116c9   Thumb Code   542  net_icmp6.o(i.net_icmp6_process)
    net_icmp6_send                           0x08011901   Thumb Code   122  net_icmp6.o(i.net_icmp6_send)
    net_icmp6_send_echo                      0x08011985   Thumb Code    78  net_icmp6.o(i.net_icmp6_send_echo)
    net_icmp_init                            0x080119dd   Thumb Code    20  net_icmp.o(i.net_icmp_init)
    net_icmp_process                         0x080119f5   Thumb Code   430  net_icmp.o(i.net_icmp_process)
    net_icmp_send_echo                       0x08011bbd   Thumb Code   142  net_icmp.o(i.net_icmp_send_echo)
    net_if_map_all                           0x08011c5d   Thumb Code     6  net_sys.o(i.net_if_map_all)
    net_ip4_chk_frame                        0x08011c69   Thumb Code   372  net_ip4.o(i.net_ip4_chk_frame)
    net_ip4_chksum                           0x08011df5   Thumb Code    44  net_ip4.o(i.net_ip4_chksum)
    net_ip4_chksum_buf                       0x08011e21   Thumb Code     6  net_ip4.o(i.net_ip4_chksum_buf)
    net_ip4_find_route                       0x08011e29   Thumb Code   104  net_ip4.o(i.net_ip4_find_route)
    net_ip4_frag_add                         0x08011ea9   Thumb Code   284  net_ip4_frag.o(i.net_ip4_frag_add)
    net_ip4_frag_get                         0x08011fcd   Thumb Code   168  net_ip4_frag.o(i.net_ip4_frag_get)
    net_ip4_frag_init                        0x08012079   Thumb Code    12  net_ip4_frag.o(i.net_ip4_frag_init)
    net_ip4_frag_run                         0x08012089   Thumb Code    50  net_ip4_frag.o(i.net_ip4_frag_run)
    net_ip4_get_local                        0x080120c5   Thumb Code    40  net_ip4.o(i.net_ip4_get_local)
    net_ip4_init                             0x080120f1   Thumb Code    22  net_ip4.o(i.net_ip4_init)
    net_ip4_is_onlink                        0x08012115   Thumb Code    32  net_ip4.o(i.net_ip4_is_onlink)
    net_ip4_is_subcast                       0x08012135   Thumb Code    38  net_ip4.o(i.net_ip4_is_subcast)
    net_ip4_reass_frame                      0x0801215b   Thumb Code    14  net_ip4.o(i.net_ip4_reass_frame)
    net_ip4_send_frame                       0x08012169   Thumb Code   340  net_ip4.o(i.net_ip4_send_frame)
    net_ip4_tx_offl_hl                       0x080122cd   Thumb Code    42  net_ip4.o(i.net_ip4_tx_offl_hl)
    net_ip6_chk_frame                        0x080122f9   Thumb Code   236  net_ip6.o(i.net_ip6_chk_frame)
    net_ip6_chksum                           0x080123f9   Thumb Code    50  net_ip6.o(i.net_ip6_chksum)
    net_ip6_collect_mcast                    0x0801242d   Thumb Code   118  net_ip6.o(i.net_ip6_collect_mcast)
    net_ip6_find_route                       0x080124a9   Thumb Code    56  net_ip6.o(i.net_ip6_find_route)
    net_ip6_get_local                        0x080124f1   Thumb Code    74  net_ip6.o(i.net_ip6_get_local)
    net_ip6_init                             0x08012545   Thumb Code    20  net_ip6.o(i.net_ip6_init)
    net_ip6_send_frame                       0x08012561   Thumb Code   192  net_ip6.o(i.net_ip6_send_frame)
    net_ip6_tx_offl_hl                       0x0801262d   Thumb Code    30  net_ip6.o(i.net_ip6_tx_offl_hl)
    net_itoa                                 0x0801264b   Thumb Code     8  net_common.o(i.net_itoa)
    net_itoa_n0                              0x08012653   Thumb Code     6  net_common.o(i.net_itoa_n0)
    net_loop_iface_init                      0x08012659   Thumb Code    40  net_loopback.o(i.net_loop_iface_init)
    net_loop_iface_run                       0x08012689   Thumb Code   176  net_loopback.o(i.net_loop_iface_run)
    net_loop_send_frame                      0x08012745   Thumb Code   104  net_loopback.o(i.net_loop_send_frame)
    net_mem_alloc                            0x080127b5   Thumb Code   178  net_mem.o(i.net_mem_alloc)
    net_mem_avail                            0x08012875   Thumb Code    22  net_mem.o(i.net_mem_avail)
    net_mem_free                             0x08012891   Thumb Code   152  net_mem.o(i.net_mem_free)
    net_mem_init                             0x08012935   Thumb Code    98  net_mem.o(i.net_mem_init)
    net_mem_shrink                           0x080129a5   Thumb Code    62  net_mem.o(i.net_mem_shrink)
    net_nbns_client_init                     0x080129ed   Thumb Code    82  net_nbns_client.o(i.net_nbns_client_init)
    net_ndp_cache_find                       0x08012a51   Thumb Code   438  net_ndp.o(i.net_ndp_cache_find)
    net_ndp_cache_refresh                    0x08012c15   Thumb Code   112  net_ndp.o(i.net_ndp_cache_refresh)
    net_ndp_enqueue                          0x08012c8d   Thumb Code   108  net_ndp.o(i.net_ndp_enqueue)
    net_ndp_process                          0x08012cfd   Thumb Code   872  net_ndp.o(i.net_ndp_process)
    net_path                                 0x08013071   Thumb Code    52  net_sys.o(i.net_path)
    net_ping_client_init                     0x080130a9   Thumb Code    22  net_ping_core.o(i.net_ping_client_init)
    net_ping_client_run                      0x080130c9   Thumb Code   110  net_ping_core.o(i.net_ping_client_run)
    net_rand32                               0x08013149   Thumb Code    18  net_sys.o(i.net_rand32)
    net_strcasecmp                           0x08013165   Thumb Code    46  net_common.o(i.net_strcasecmp)
    net_strchr                               0x08013193   Thumb Code    22  net_common.o(i.net_strchr)
    net_strcmp                               0x080131a9   Thumb Code    26  net_common.o(i.net_strcmp)
    net_strcpy                               0x080131c3   Thumb Code    18  net_common.o(i.net_strcpy)
    net_strnchr                              0x080131d5   Thumb Code    28  net_common.o(i.net_strnchr)
    net_strncpy                              0x080131f1   Thumb Code    26  net_common.o(i.net_strncpy)
    net_strtoupper                           0x0801320b   Thumb Code    32  net_common.o(i.net_strtoupper)
    net_sys_lock                             0x0801322d   Thumb Code     8  net_sys.o(i.net_sys_lock)
    net_sys_resume                           0x08013239   Thumb Code    22  net_sys.o(i.net_sys_resume)
    net_sys_tick                             0x08013251   Thumb Code    16  net_sys.o(i.net_sys_tick)
    net_sys_unlock                           0x08013265   Thumb Code     8  net_sys.o(i.net_sys_unlock)
    net_sys_wakeup                           0x08013271   Thumb Code    26  net_sys.o(i.net_sys_wakeup)
    net_tcp_abort                            0x08013291   Thumb Code   122  net_tcp.o(i.net_tcp_abort)
    net_tcp_close                            0x08013315   Thumb Code   218  net_tcp.o(i.net_tcp_close)
    net_tcp_get_buf                          0x080133f9   Thumb Code    46  net_tcp.o(i.net_tcp_get_buf)
    net_tcp_get_local_port                   0x08013429   Thumb Code    48  net_tcp.o(i.net_tcp_get_local_port)
    net_tcp_get_mss                          0x0801345d   Thumb Code    34  net_tcp.o(i.net_tcp_get_mss)
    net_tcp_get_peer                         0x08013485   Thumb Code    80  net_tcp.o(i.net_tcp_get_peer)
    net_tcp_get_socket                       0x080134d9   Thumb Code   104  net_tcp.o(i.net_tcp_get_socket)
    net_tcp_get_state                        0x08013549   Thumb Code    40  net_tcp.o(i.net_tcp_get_state)
    net_tcp_get_timer                        0x08013575   Thumb Code    48  net_tcp.o(i.net_tcp_get_timer)
    net_tcp_listen                           0x080135a9   Thumb Code   168  net_tcp.o(i.net_tcp_listen)
    net_tcp_process                          0x08013659   Thumb Code  1956  net_tcp.o(i.net_tcp_process)
    net_tcp_send                             0x08013e01   Thumb Code   336  net_tcp.o(i.net_tcp_send)
    net_tcp_set_option                       0x08013f5d   Thumb Code   288  net_tcp.o(i.net_tcp_set_option)
    net_tcp_socket_init                      0x08014089   Thumb Code    30  net_tcp.o(i.net_tcp_socket_init)
    net_tcp_socket_run                       0x080140b1   Thumb Code   938  net_tcp.o(i.net_tcp_socket_run)
    net_udp_get_buf                          0x08014471   Thumb Code    46  net_udp.o(i.net_udp_get_buf)
    net_udp_get_socket                       0x080144a1   Thumb Code   102  net_udp.o(i.net_udp_get_socket)
    net_udp_open                             0x08014511   Thumb Code   160  net_udp.o(i.net_udp_open)
    net_udp_process                          0x080145bd   Thumb Code   322  net_udp.o(i.net_udp_process)
    net_udp_send_if                          0x08014715   Thumb Code   540  net_udp.o(i.net_udp_send_if)
    net_udp_socket_init                      0x08014941   Thumb Code    30  net_udp.o(i.net_udp_socket_init)
    net_ultoa                                0x08014965   Thumb Code     8  net_common.o(i.net_ultoa)
    net_ultox                                0x0801496d   Thumb Code    44  net_common.o(i.net_ultox)
    net_xtoul                                0x0801499d   Thumb Code    76  net_common.o(i.net_xtoul)
    app_main_attr                            0x080154f4   Data          36  http_server.o(.constdata)
    imageLastModified                        0x08015518   Data           4  web.o(.constdata)
    Arial12x12                               0x0801bb20   Data        2400  lcd.o(.constdata)
    osRtxUserSVC                             0x0801c4e0   Data           4  rtx_lib.o(.constdata)
    Driver_ETH_PHY0                          0x0801c4e8   Data          32  phy_lan8742a.o(.constdata)
    Driver_ETH_MAC0                          0x0801c558   Data          68  emac_stm32f4xx.o(.constdata)
    Driver_SPI1                              0x0801c5f0   Data          44  spi_stm32f4xx.o(.constdata)
    EventRecorderInfo                        0x0801c61c   Data          24  eventrecorder.o(.constdata)
    AHBPrescTable                            0x0801c63c   Data          16  system_stm32f4xx_1.o(.constdata)
    APBPrescTable                            0x0801c64c   Data           8  system_stm32f4xx_1.o(.constdata)
    net_sys_config                           0x0801c6fc   Data          28  net_config.o(.constdata)
    net_eth0_if_config                       0x0801c760   Data          44  net_config.o(.constdata)
    net_eth_list                             0x0801c78c   Data           8  net_config.o(.constdata)
    net_if_list_lan                          0x0801c794   Data           8  net_config.o(.constdata)
    net_if_list_all                          0x0801c79c   Data           8  net_config.o(.constdata)
    net_if_inet_def                          0x0801c7a4   Data           8  net_config.o(.constdata)
    net_if_link_def                          0x0801c7ac   Data           8  net_config.o(.constdata)
    net_arp_list                             0x0801c7b4   Data           8  net_config.o(.constdata)
    net_icmp_list                            0x0801c7bc   Data           8  net_config.o(.constdata)
    net_icmp6_list                           0x0801c7c4   Data           4  net_config.o(.constdata)
    net_ip4_frag_config                      0x0801c7c8   Data           8  net_config.o(.constdata)
    net_udp_config                           0x0801c7d0   Data          12  net_config.o(.constdata)
    net_tcp_config                           0x0801c7dc   Data          24  net_config.o(.constdata)
    net_http_config                          0x0801c7f4   Data          52  net_config.o(.constdata)
    netif_getopt_func                        0x0801c870   Data          16  net_config.o(.constdata)
    netif_setopt_func                        0x0801c880   Data          16  net_config.o(.constdata)
    net_loop_if_config                       0x0801c890   Data          44  net_loopback.o(.constdata)
    net_http_auth_basic_func                 0x0801c9cc   Data          24  net_http_server_auth.o(.constdata)
    net_ping_payload                         0x0801c9e4   Data          18  net_ping_core.o(.constdata)
    net_addr_unspec                          0x0801c9f6   Data          16  net_addr.o(.constdata)
    net_addr_bcast                           0x0801ca06   Data           6  net_addr.o(.constdata)
    net_addr4_loopback                       0x0801ca0c   Data           4  net_ip4.o(.constdata)
    net_addr6_all_nodes                      0x0801ca10   Data          16  net_ip6.o(.constdata)
    net_addr6_loopback                       0x0801ca20   Data          16  net_ip6.o(.constdata)
    net_http_error                           0x0801ca30   Data          24  net_http_server_err.o(.constdata)
    net_lib_version                          0x0801cae8   Data           4  net_version.o(.constdata)
    network_ip4ip6_debug_v7.15.0             0x0801cae8   Data           4  net_version.o(.constdata)
    osRtxConfig                              0x0801ceb8   Data         112  rtx_lib.o(.rodata)
    os_cb_sections                           0x0801cf28   Data          56  rtx_lib.o(.rodata)
    Region$$Table$$Base                      0x0801cf60   Number         0  anon$$obj.o(Region$$Table)
    Region$$Table$$Limit                     0x0801cf90   Number         0  anon$$obj.o(Region$$Table)
    .bss.os.msgqueue.cb$$Base                0x20008044   Number         0  rtx_lib.o(.bss.os.msgqueue.cb)
    .bss.os.msgqueue.cb$$Limit               0x20008078   Number         0  rtx_lib.o(.bss.os.msgqueue.cb)
    .bss.os.mutex.cb$$Base                   0x200080c8   Number         0  net_config.o(.bss.os.mutex.cb)
    .bss.os.mutex.cb$$Limit                  0x20008100   Number         0  net_config.o(.bss.os.mutex.cb)
    .bss.os.semaphore.cb$$Base               0x20008100   Number         0  net_config.o(.bss.os.semaphore.cb)
    .bss.os.semaphore.cb$$Limit              0x20008110   Number         0  net_config.o(.bss.os.semaphore.cb)
    .bss.os.thread.cb$$Base                  0x20008110   Number         0  rtx_lib.o(.bss.os.thread.cb)
    .bss.os.thread.cb$$Limit                 0x20008220   Number         0  net_config.o(.bss.os.thread.cb)
    .bss.os.timer.cb$$Base                   0x20008620   Number         0  net_config.o(.bss.os.timer.cb)
    .bss.os.timer.cb$$Limit                  0x20008640   Number         0  net_config.o(.bss.os.timer.cb)
    LEDrun                                   0x20008644   Data           1  http_server.o(.data)
    TID_Display                              0x20008648   Data           4  http_server.o(.data)
    TID_Led                                  0x2000864c   Data           4  http_server.o(.data)
    lcd_text                                 0x20008650   Data          42  http_server.o(.data)
    positionL1                               0x20008684   Data           4  lcd.o(.data)
    positionL2                               0x20008688   Data           4  lcd.o(.data)
    SPIdrv                                   0x2000868c   Data           4  lcd.o(.data)
    uwTickFreq                               0x20008690   Data           1  stm32f4xx_hal.o(.data)
    uwTickPrio                               0x20008694   Data           4  stm32f4xx_hal.o(.data)
    uwTick                                   0x20008698   Data           4  stm32f4xx_hal.o(.data)
    SystemCoreClock                          0x2000869c   Data           4  system_stm32f4xx_1.o(.data)
    net_eth0_icmp_control                    0x200086b8   Data           1  net_icmp.o(.data)
    osRtxInfo                                0x200086dc   Data         164  rtx_kernel.o(.data.os)
    app_main_stk                             0x200087e8   Data        1024  http_server.o(.bss)
    GPIO_InitStruct                          0x20008c34   Data          20  lcd.o(.bss)
    htim7                                    0x20008c48   Data          64  lcd.o(.bss)
    buffer                                   0x20008c88   Data         512  lcd.o(.bss)
    net_eth0_if_control                      0x2000ef40   Data         160  net_eth.o(.bss)
    net_eth0_arp_control                     0x2000efe0   Data          24  net_arp.o(.bss)
    net_http_control                         0x2000f098   Data          20  net_http_server.o(.bss)
    net_ping_control                         0x2000f0ac   Data          44  net_ping_core.o(.bss)
    net_sys_control                          0x2000f0e8   Data          28  net_sys.o(.bss)
    net_dbg_buf                              0x2000f110   Data          36  net_sys.o(.bss)
    __initial_sp                             0x2000f5a8   Data           0  startup_stm32f429xx.o(STACK)



==============================================================================

Memory Map of the image

  Image Entry point : 0x080001ad

  Load Region LR_IROM1 (Base: 0x08000000, Size: 0x00025710, Max: 0x00200000, ABSOLUTE, COMPRESSED[0x0001d0cc])

    Execution Region ER_IROM1 (Exec base: 0x08000000, Load base: 0x08000000, Size: 0x0001cf90, Max: 0x00200000, ABSOLUTE)

    Exec Addr    Load Addr    Size         Type   Attr      Idx    E Section Name        Object

    0x08000000   0x08000000   0x000001ac   Data   RO         1386    RESET               startup_stm32f429xx.o
    0x080001ac   0x080001ac   0x00000000   Code   RO         2490  * .ARM.Collect$$$$00000000  mc_w.l(entry.o)
    0x080001ac   0x080001ac   0x00000004   Code   RO         2776    .ARM.Collect$$$$00000001  mc_w.l(entry2.o)
    0x080001b0   0x080001b0   0x00000004   Code   RO         2779    .ARM.Collect$$$$00000004  mc_w.l(entry5.o)
    0x080001b4   0x080001b4   0x00000000   Code   RO         2781    .ARM.Collect$$$$00000008  mc_w.l(entry7b.o)
    0x080001b4   0x080001b4   0x00000000   Code   RO         2783    .ARM.Collect$$$$0000000A  mc_w.l(entry8b.o)
    0x080001b4   0x080001b4   0x00000008   Code   RO         2784    .ARM.Collect$$$$0000000B  mc_w.l(entry9a.o)
    0x080001bc   0x080001bc   0x00000004   Code   RO         2791    .ARM.Collect$$$$0000000E  mc_w.l(entry12b.o)
    0x080001c0   0x080001c0   0x00000000   Code   RO         2786    .ARM.Collect$$$$0000000F  mc_w.l(entry10a.o)
    0x080001c0   0x080001c0   0x00000000   Code   RO         2788    .ARM.Collect$$$$00000011  mc_w.l(entry11a.o)
    0x080001c0   0x080001c0   0x00000004   Code   RO         2777    .ARM.Collect$$$$00002712  mc_w.l(entry2.o)
    0x080001c4   0x080001c4   0x00000148   Code   RO          575    .emb_text           rtx_mempool.o
    0x0800030c   0x0800030c   0x00000148   Code   RO          606    .emb_text           rtx_msgqueue.o
    0x08000454   0x08000454   0x00000148   Code   RO          671    .emb_text           rtx_semaphore.o
    0x0800059c   0x0800059c   0x00000148   Code   RO          702    .emb_text           rtx_system.o
    0x080006e4   0x080006e4   0x00000148   Code   RO          736    .emb_text           rtx_thread.o
    0x0800082c   0x0800082c   0x00000074   Code   RO          957    .emb_text           eventrecorder.o
    0x080008a0   0x080008a0   0x00000120   Code   RO            4    .text               main.o
    0x080009c0   0x080009c0   0x00000114   Code   RO          147    .text               http_server.o
    0x08000ad4   0x08000ad4   0x00000778   Code   RO          197    .text               http_server_cgi.o
    0x0800124c   0x0800124c   0x00000078   Code   RO          232    .text               web.o
    0x080012c4   0x080012c4   0x000000dc   Code   RO          252    .text               conf.o
    0x080013a0   0x080013a0   0x0000039c   Code   RO          277    .text               lcd.o
    0x0800173c   0x0800173c   0x00000094   Code   RO          314    .text               irq_armv7m.o
    0x080017d0   0x080017d0   0x00000104   Code   RO          322    .text               rtx_delay.o
    0x080018d4   0x080018d4   0x00000958   Code   RO          420    .text               rtx_evr.o
    0x0800222c   0x0800222c   0x000006cc   Code   RO          448    .text               rtx_kernel.o
    0x080028f8   0x080028f8   0x00000018   Code   RO          496    .text               rtx_lib.o
    0x08002910   0x08002910   0x00000124   Code   RO          545    .text               rtx_memory.o
    0x08002a34   0x08002a34   0x00000678   Code   RO          576    .text               rtx_mempool.o
    0x080030ac   0x080030ac   0x000009bc   Code   RO          607    .text               rtx_msgqueue.o
    0x08003a68   0x08003a68   0x00000558   Code   RO          641    .text               rtx_mutex.o
    0x08003fc0   0x08003fc0   0x00000450   Code   RO          672    .text               rtx_semaphore.o
    0x08004410   0x08004410   0x00000154   Code   RO          703    .text               rtx_system.o
    0x08004564   0x08004564   0x000011e4   Code   RO          737    .text               rtx_thread.o
    0x08005748   0x08005748   0x00000480   Code   RO          771    .text               rtx_timer.o
    0x08005bc8   0x08005bc8   0x000000c4   Code   RO          801    .text               os_systick.o
    0x08005c8c   0x08005c8c   0x00000004   Code   RO          827    .text               rtx_config.o
    0x08005c90   0x08005c90   0x000001ac   Code   RO          848    .text               phy_lan8742a.o
    0x08005e3c   0x08005e3c   0x000009e8   Code   RO          876    .text               emac_stm32f4xx.o
    0x08006824   0x08006824   0x00000c5c   Code   RO          918    .text               spi_stm32f4xx.o
    0x08007480   0x08007480   0x00000538   Code   RO          958    .text               eventrecorder.o
    0x080079b8   0x080079b8   0x000001c8   Code   RO          992    .text               stm32f4xx_hal.o
    0x08007b80   0x08007b80   0x00000298   Code   RO         1070    .text               stm32f4xx_hal_cortex.o
    0x08007e18   0x08007e18   0x00000718   Code   RO         1098    .text               stm32f4xx_hal_dma.o
    0x08008530   0x08008530   0x00000364   Code   RO         1147    .text               stm32f4xx_hal_gpio.o
    0x08008894   0x08008894   0x00000760   Code   RO         1219    .text               stm32f4xx_hal_rcc.o
    0x08008ff4   0x08008ff4   0x000023d2   Code   RO         1315    .text               stm32f4xx_hal_tim.o
    0x0800b3c6   0x0800b3c6   0x00000002   PAD
    0x0800b3c8   0x0800b3c8   0x00000bb0   Code   RO         1339    .text               stm32f4xx_hal_tim_ex.o
    0x0800bf78   0x0800bf78   0x00000024   Code   RO         1387    .text               startup_stm32f429xx.o
    0x0800bf9c   0x0800bf9c   0x000000a0   Code   RO         1394    .text               system_stm32f4xx_1.o
    0x0800c03c   0x0800c03c   0x00000178   Code   RO         1423    .text               net_config.o
    0x0800c1b4   0x0800c1b4   0x00000152   Code   RO         1510    .text               net_debug.o
    0x0800c306   0x0800c306   0x00000062   Code   RO         2493    .text               mc_w.l(uldiv.o)
    0x0800c368   0x0800c368   0x00000024   Code   RO         2495    .text               mc_w.l(memcpya.o)
    0x0800c38c   0x0800c38c   0x00000024   Code   RO         2497    .text               mc_w.l(memseta.o)
    0x0800c3b0   0x0800c3b0   0x0000000e   Code   RO         2499    .text               mc_w.l(strlen.o)
    0x0800c3be   0x0800c3be   0x0000001c   Code   RO         2501    .text               mc_w.l(strcmp.o)
    0x0800c3da   0x0800c3da   0x0000001a   Code   RO         2503    .text               mc_w.l(memcmp.o)
    0x0800c3f4   0x0800c3f4   0x00000012   Code   RO         2505    .text               mc_w.l(strcpy.o)
    0x0800c406   0x0800c406   0x0000001e   Code   RO         2507    .text               mc_w.l(strncmp.o)
    0x0800c424   0x0800c424   0x000000e4   Code   RO         2772    .text               mf_w.l(dmul.o)
    0x0800c508   0x0800c508   0x00000026   Code   RO         2774    .text               mf_w.l(f2d.o)
    0x0800c52e   0x0800c52e   0x0000002c   Code   RO         2795    .text               mc_w.l(uidiv.o)
    0x0800c55a   0x0800c55a   0x0000001e   Code   RO         2797    .text               mc_w.l(llshl.o)
    0x0800c578   0x0800c578   0x00000020   Code   RO         2799    .text               mc_w.l(llushr.o)
    0x0800c598   0x0800c598   0x00000000   Code   RO         2801    .text               mc_w.l(iusefp.o)
    0x0800c598   0x0800c598   0x000000ba   Code   RO         2802    .text               mf_w.l(depilogue.o)
    0x0800c652   0x0800c652   0x0000014e   Code   RO         2804    .text               mf_w.l(dadd.o)
    0x0800c7a0   0x0800c7a0   0x000000de   Code   RO         2806    .text               mf_w.l(ddiv.o)
    0x0800c87e   0x0800c87e   0x00000030   Code   RO         2808    .text               mf_w.l(dfixul.o)
    0x0800c8ae   0x0800c8ae   0x00000002   PAD
    0x0800c8b0   0x0800c8b0   0x00000030   Code   RO         2810    .text               mf_w.l(cdrcmple.o)
    0x0800c8e0   0x0800c8e0   0x00000024   Code   RO         2812    .text               mc_w.l(init.o)
    0x0800c904   0x0800c904   0x00000024   Code   RO         2815    .text               mc_w.l(llsshr.o)
    0x0800c928   0x0800c928   0x00000056   Code   RO         2825    .text               mc_w.l(__dczerorl2.o)
    0x0800c97e   0x0800c97e   0x00000002   PAD
    0x0800c980   0x0800c980   0x00000028   Code   RO         2746    i.__0sprintf        mc_w.l(printfa.o)
    0x0800c9a8   0x0800c9a8   0x0000000e   Code   RO         2819    i.__scatterload_copy  mc_w.l(handlers.o)
    0x0800c9b6   0x0800c9b6   0x00000002   Code   RO         2820    i.__scatterload_null  mc_w.l(handlers.o)
    0x0800c9b8   0x0800c9b8   0x0000000e   Code   RO         2821    i.__scatterload_zeroinit  mc_w.l(handlers.o)
    0x0800c9c6   0x0800c9c6   0x00000002   PAD
    0x0800c9c8   0x0800c9c8   0x00000184   Code   RO         2751    i._fp_digits        mc_w.l(printfa.o)
    0x0800cb4c   0x0800cb4c   0x000006b4   Code   RO         2752    i._printf_core      mc_w.l(printfa.o)
    0x0800d200   0x0800d200   0x00000024   Code   RO         2753    i._printf_post_padding  mc_w.l(printfa.o)
    0x0800d224   0x0800d224   0x0000002e   Code   RO         2754    i._printf_pre_padding  mc_w.l(printfa.o)
    0x0800d252   0x0800d252   0x0000000a   Code   RO         2756    i._sputc            mc_w.l(printfa.o)
    0x0800d25c   0x0800d25c   0x00000054   Code   RO         1916    i.add_server_id     Net_Dbg_CM3_L.lib(net_http_server.o)
    0x0800d2b0   0x0800d2b0   0x0000005c   Code   RO         1596    i.arp_cache_alloc   Net_Dbg_CM3_L.lib(net_arp.o)
    0x0800d30c   0x0800d30c   0x00000170   Code   RO         1597    i.arp_cache_run     Net_Dbg_CM3_L.lib(net_arp.o)
    0x0800d47c   0x0800d47c   0x00000038   Code   RO         1598    i.arp_is_cacheable  Net_Dbg_CM3_L.lib(net_arp.o)
    0x0800d4b4   0x0800d4b4   0x00000088   Code   RO         1599    i.arp_probe_run     Net_Dbg_CM3_L.lib(net_arp.o)
    0x0800d53c   0x0800d53c   0x000000d8   Code   RO         1601    i.arp_proc_response  Net_Dbg_CM3_L.lib(net_arp.o)
    0x0800d614   0x0800d614   0x0000001a   Code   RO         1602    i.arp_que_free      Net_Dbg_CM3_L.lib(net_arp.o)
    0x0800d62e   0x0800d62e   0x00000002   PAD
    0x0800d630   0x0800d630   0x000000a0   Code   RO         1603    i.arp_send_reply    Net_Dbg_CM3_L.lib(net_arp.o)
    0x0800d6d0   0x0800d6d0   0x000000d0   Code   RO         1604    i.arp_send_request  Net_Dbg_CM3_L.lib(net_arp.o)
    0x0800d7a0   0x0800d7a0   0x00000068   Code   RO         1605    i.arp_sender_valid  Net_Dbg_CM3_L.lib(net_arp.o)
    0x0800d808   0x0800d808   0x0000018c   Code   RO         1917    i.chk_post_req      Net_Dbg_CM3_L.lib(net_http_server.o)
    0x0800d994   0x0800d994   0x00000028   Code   RO         2404    i.crc32_8bit        Net_Dbg_CM3_L.lib(net_common.o)
    0x0800d9bc   0x0800d9bc   0x0000009a   Code   RO         1540    i.eth_check_link    Net_Dbg_CM3_L.lib(net_eth.o)
    0x0800da56   0x0800da56   0x00000002   PAD
    0x0800da58   0x0800da58   0x00000020   Code   RO         1541    i.eth_if_map        Net_Dbg_CM3_L.lib(net_eth.o)
    0x0800da78   0x0800da78   0x00000304   Code   RO         1542    i.eth_iface_init    Net_Dbg_CM3_L.lib(net_eth.o)
    0x0800dd7c   0x0800dd7c   0x00000290   Code   RO         1543    i.eth_iface_run     Net_Dbg_CM3_L.lib(net_eth.o)
    0x0800e00c   0x0800e00c   0x00000008   Code   RO         1545    i.eth_lock          Net_Dbg_CM3_L.lib(net_eth.o)
    0x0800e014   0x0800e014   0x0000001c   Code   RO         1546    i.eth_mtu_limit     Net_Dbg_CM3_L.lib(net_eth.o)
    0x0800e030   0x0800e030   0x00000048   Code   RO         1547    i.eth_opt_len       Net_Dbg_CM3_L.lib(net_eth.o)
    0x0800e078   0x0800e078   0x00000088   Code   RO         1548    i.eth_receive       Net_Dbg_CM3_L.lib(net_eth.o)
    0x0800e100   0x0800e100   0x00000008   Code   RO         1549    i.eth_unlock        Net_Dbg_CM3_L.lib(net_eth.o)
    0x0800e108   0x0800e108   0x0000007c   Code   RO         1680    i.frag_map_session  Net_Dbg_CM3_L.lib(net_ip4_frag.o)
    0x0800e184   0x0800e184   0x00000028   Code   RO         1918    i.get_next_field    Net_Dbg_CM3_L.lib(net_http_server.o)
    0x0800e1ac   0x0800e1ac   0x00000032   Code   RO         1919    i.get_next_par      Net_Dbg_CM3_L.lib(net_http_server.o)
    0x0800e1de   0x0800e1de   0x00000022   Code   RO         1920    i.hex2byte          Net_Dbg_CM3_L.lib(net_http_server.o)
    0x0800e200   0x0800e200   0x0000036c   Code   RO         1921    i.http_add_header   Net_Dbg_CM3_L.lib(net_http_server.o)
    0x0800e56c   0x0800e56c   0x00000050   Code   RO         2041    i.http_auth_basic_add  Net_Dbg_CM3_L.lib(net_http_server_auth.o)
    0x0800e5bc   0x0800e5bc   0x00000090   Code   RO         2042    i.http_auth_basic_parse  Net_Dbg_CM3_L.lib(net_http_server_auth.o)
    0x0800e64c   0x0800e64c   0x00000002   Code   RO         2048    i.http_auth_dummy   Net_Dbg_CM3_L.lib(net_http_server_auth.o)
    0x0800e64e   0x0800e64e   0x00000002   PAD
    0x0800e650   0x0800e650   0x00000024   Code   RO         2049    i.http_auth_init    Net_Dbg_CM3_L.lib(net_http_server_auth.o)
    0x0800e674   0x0800e674   0x000001cc   Code   RO         1922    i.http_error_msg    Net_Dbg_CM3_L.lib(net_http_server.o)
    0x0800e840   0x0800e840   0x00000078   Code   RO         1923    i.http_get_ftype    Net_Dbg_CM3_L.lib(net_http_server.o)
    0x0800e8b8   0x0800e8b8   0x0000005e   Code   RO         1924    i.http_kill_session  Net_Dbg_CM3_L.lib(net_http_server.o)
    0x0800e916   0x0800e916   0x00000002   PAD
    0x0800e918   0x0800e918   0x000002a8   Code   RO         1925    i.http_listener     Net_Dbg_CM3_L.lib(net_http_server.o)
    0x0800ebc0   0x0800ebc0   0x00000184   Code   RO         1926    i.http_open_file    Net_Dbg_CM3_L.lib(net_http_server.o)
    0x0800ed44   0x0800ed44   0x0000011c   Code   RO         1927    i.http_parse_header  Net_Dbg_CM3_L.lib(net_http_server.o)
    0x0800ee60   0x0800ee60   0x000001a8   Code   RO         1928    i.http_proc_multipart  Net_Dbg_CM3_L.lib(net_http_server.o)
    0x0800f008   0x0800f008   0x00000138   Code   RO         1929    i.http_proc_post    Net_Dbg_CM3_L.lib(net_http_server.o)
    0x0800f140   0x0800f140   0x00000468   Code   RO         1930    i.http_server_run   Net_Dbg_CM3_L.lib(net_http_server.o)
    0x0800f5a8   0x0800f5a8   0x00000060   Code   RO         1931    i.http_server_start  Net_Dbg_CM3_L.lib(net_http_server.o)
    0x0800f608   0x0800f608   0x00000020   Code   RO         1933    i.http_strcpy       Net_Dbg_CM3_L.lib(net_http_server.o)
    0x0800f628   0x0800f628   0x000000ac   Code   RO         1934    i.http_to_utc       Net_Dbg_CM3_L.lib(net_http_server.o)
    0x0800f6d4   0x0800f6d4   0x0000001a   Code   RO         2405    i.i2str             Net_Dbg_CM3_L.lib(net_common.o)
    0x0800f6ee   0x0800f6ee   0x0000000c   Code   RO         2282    i.ip4_get_chksum    Net_Dbg_CM3_L.lib(net_ip4.o)
    0x0800f6fa   0x0800f6fa   0x00000028   Code   RO         2283    i.ip4_get_mtu       Net_Dbg_CM3_L.lib(net_ip4.o)
    0x0800f722   0x0800f722   0x00000040   Code   RO         2145    i.ip4_ntoa          Net_Dbg_CM3_L.lib(net_addr.o)
    0x0800f762   0x0800f762   0x00000002   PAD
    0x0800f764   0x0800f764   0x000000ca   Code   RO         2146    i.ip6_ntoa          Net_Dbg_CM3_L.lib(net_addr.o)
    0x0800f82e   0x0800f82e   0x00000002   PAD
    0x0800f830   0x0800f830   0x0000000c   Code   RO         2381    i.mem_lock          Net_Dbg_CM3_L.lib(net_mem.o)
    0x0800f83c   0x0800f83c   0x0000000c   Code   RO         2382    i.mem_unlock        Net_Dbg_CM3_L.lib(net_mem.o)
    0x0800f848   0x0800f848   0x000001a4   Code   RO         1902    i.nbns_listener     Net_Dbg_CM3_L.lib(net_nbns_client.o)
    0x0800f9ec   0x0800f9ec   0x00000120   Code   RO         2212    i.ndp_cache_add     Net_Dbg_CM3_L.lib(net_ndp.o)
    0x0800fb0c   0x0800fb0c   0x00000072   Code   RO         2213    i.ndp_cache_alloc   Net_Dbg_CM3_L.lib(net_ndp.o)
    0x0800fb7e   0x0800fb7e   0x00000002   PAD
    0x0800fb80   0x0800fb80   0x00000078   Code   RO         2214    i.ndp_cache_delete  Net_Dbg_CM3_L.lib(net_ndp.o)
    0x0800fbf8   0x0800fbf8   0x0000002c   Code   RO         2216    i.ndp_check_frame   Net_Dbg_CM3_L.lib(net_ndp.o)
    0x0800fc24   0x0800fc24   0x00000012   Code   RO         2217    i.ndp_next_opt      Net_Dbg_CM3_L.lib(net_ndp.o)
    0x0800fc36   0x0800fc36   0x00000002   PAD
    0x0800fc38   0x0800fc38   0x000000e4   Code   RO         2218    i.ndp_prefix_add    Net_Dbg_CM3_L.lib(net_ndp.o)
    0x0800fd1c   0x0800fd1c   0x000000fc   Code   RO         2221    i.ndp_proc_response  Net_Dbg_CM3_L.lib(net_ndp.o)
    0x0800fe18   0x0800fe18   0x0000001a   Code   RO         2222    i.ndp_que_free      Net_Dbg_CM3_L.lib(net_ndp.o)
    0x0800fe32   0x0800fe32   0x00000002   PAD
    0x0800fe34   0x0800fe34   0x00000038   Code   RO         2223    i.ndp_router_remove  Net_Dbg_CM3_L.lib(net_ndp.o)
    0x0800fe6c   0x0800fe6c   0x0000009c   Code   RO         2224    i.ndp_send_reply    Net_Dbg_CM3_L.lib(net_ndp.o)
    0x0800ff08   0x0800ff08   0x000000bc   Code   RO         2225    i.ndp_send_request  Net_Dbg_CM3_L.lib(net_ndp.o)
    0x0800ffc4   0x0800ffc4   0x00000004   Code   RO         1935    i.netCGI_Charset    Net_Dbg_CM3_L.lib(net_http_server.o)
    0x0800ffc8   0x0800ffc8   0x00000004   Code   RO         1936    i.netCGI_ContentType  Net_Dbg_CM3_L.lib(net_http_server.o)
    0x0800ffcc   0x0800ffcc   0x00000004   Code   RO         1937    i.netCGI_CustomHeader  Net_Dbg_CM3_L.lib(net_http_server.o)
    0x0800ffd0   0x0800ffd0   0x0000006c   Code   RO         1938    i.netCGI_GetEnvVar  Net_Dbg_CM3_L.lib(net_http_server.o)
    0x0801003c   0x0801003c   0x00000004   Code   RO         1941    i.netCGI_Redirect   Net_Dbg_CM3_L.lib(net_http_server.o)
    0x08010040   0x08010040   0x00000004   Code   RO         1943    i.netCGX_ContentType  Net_Dbg_CM3_L.lib(net_http_server.o)
    0x08010044   0x08010044   0x00000064   Code   RO         2095    i.netCore_Thread    Net_Dbg_CM3_L.lib(net_sys.o)
    0x080100a8   0x080100a8   0x00000002   Code   RO         1550    i.netETH_Notify     Net_Dbg_CM3_L.lib(net_eth.o)
    0x080100aa   0x080100aa   0x00000002   Code   RO         1551    i.netETH_ReceiveRaw  Net_Dbg_CM3_L.lib(net_eth.o)
    0x080100ac   0x080100ac   0x00000072   Code   RO         1553    i.netETH_Thread     Net_Dbg_CM3_L.lib(net_eth.o)
    0x0801011e   0x0801011e   0x00000004   Code   RO         1944    i.netHTTPs_AcceptClient  Net_Dbg_CM3_L.lib(net_http_server.o)
    0x08010122   0x08010122   0x00000004   Code   RO         2050    i.netHTTPs_CheckAccount  Net_Dbg_CM3_L.lib(net_http_server_auth.o)
    0x08010126   0x08010126   0x00000004   Code   RO         1946    i.netHTTPs_FileAccess  Net_Dbg_CM3_L.lib(net_http_server.o)
    0x0801012a   0x0801012a   0x00000002   PAD
    0x0801012c   0x0801012c   0x00000020   Code   RO         1949    i.netHTTPs_GetLanguage  Net_Dbg_CM3_L.lib(net_http_server.o)
    0x0801014c   0x0801014c   0x0000000c   Code   RO         1950    i.netHTTPs_GetPassword  Net_Dbg_CM3_L.lib(net_http_server.o)
    0x08010158   0x08010158   0x0000000c   Code   RO         1956    i.netHTTPs_LoginActive  Net_Dbg_CM3_L.lib(net_http_server.o)
    0x08010164   0x08010164   0x00000058   Code   RO         1959    i.netHTTPs_SetPassword  Net_Dbg_CM3_L.lib(net_http_server.o)
    0x080101bc   0x080101bc   0x00000088   Code   RO         2096    i.netIF_GetOption   Net_Dbg_CM3_L.lib(net_sys.o)
    0x08010244   0x08010244   0x00000084   Code   RO         2098    i.netIF_SetOption   Net_Dbg_CM3_L.lib(net_sys.o)
    0x080102c8   0x080102c8   0x0000001a   Code   RO         2148    i.netIP_aton        Net_Dbg_CM3_L.lib(net_addr.o)
    0x080102e2   0x080102e2   0x00000032   Code   RO         2149    i.netIP_ntoa        Net_Dbg_CM3_L.lib(net_addr.o)
    0x08010314   0x08010314   0x000000ac   Code   RO         2099    i.netInitialize     Net_Dbg_CM3_L.lib(net_sys.o)
    0x080103c0   0x080103c0   0x0000008c   Code   RO         2150    i.netMAC_aton       Net_Dbg_CM3_L.lib(net_addr.o)
    0x0801044c   0x0801044c   0x00000004   Code   RO         1783    i.netTCP_GetLocalPort  Net_Dbg_CM3_L.lib(net_tcp.o)
    0x08010450   0x08010450   0x00000020   Code   RO         1785    i.netTCP_GetPeer    Net_Dbg_CM3_L.lib(net_tcp.o)
    0x08010470   0x08010470   0x00000004   Code   RO         1787    i.netTCP_GetState   Net_Dbg_CM3_L.lib(net_tcp.o)
    0x08010474   0x08010474   0x00000004   Code   RO         1788    i.netTCP_GetTimer   Net_Dbg_CM3_L.lib(net_tcp.o)
    0x08010478   0x08010478   0x0000007c   Code   RO         2152    i.net_addr4_aton    Net_Dbg_CM3_L.lib(net_addr.o)
    0x080104f4   0x080104f4   0x0000001e   Code   RO         2154    i.net_addr4_to_mac  Net_Dbg_CM3_L.lib(net_addr.o)
    0x08010512   0x08010512   0x00000002   PAD
    0x08010514   0x08010514   0x000000e6   Code   RO         2155    i.net_addr6_aton    Net_Dbg_CM3_L.lib(net_addr.o)
    0x080105fa   0x080105fa   0x00000028   Code   RO         2156    i.net_addr6_comp    Net_Dbg_CM3_L.lib(net_addr.o)
    0x08010622   0x08010622   0x00000012   Code   RO         2157    i.net_addr6_copy    Net_Dbg_CM3_L.lib(net_addr.o)
    0x08010634   0x08010634   0x0000004c   Code   RO         2158    i.net_addr6_create  Net_Dbg_CM3_L.lib(net_addr.o)
    0x08010680   0x08010680   0x00000028   Code   RO         2159    i.net_addr6_get_solicited  Net_Dbg_CM3_L.lib(net_addr.o)
    0x080106a8   0x080106a8   0x00000018   Code   RO         2160    i.net_addr6_is_linklocal  Net_Dbg_CM3_L.lib(net_addr.o)
    0x080106c0   0x080106c0   0x0000006e   Code   RO         2161    i.net_addr6_is_onlink  Net_Dbg_CM3_L.lib(net_addr.o)
    0x0801072e   0x0801072e   0x00000048   Code   RO         2162    i.net_addr6_is_solicited  Net_Dbg_CM3_L.lib(net_addr.o)
    0x08010776   0x08010776   0x00000018   Code   RO         2163    i.net_addr6_is_unspec  Net_Dbg_CM3_L.lib(net_addr.o)
    0x0801078e   0x0801078e   0x0000000e   Code   RO         2165    i.net_addr6_to_mac  Net_Dbg_CM3_L.lib(net_addr.o)
    0x0801079c   0x0801079c   0x00000026   Code   RO         2167    i.net_addr_copy     Net_Dbg_CM3_L.lib(net_addr.o)
    0x080107c2   0x080107c2   0x0000001a   Code   RO         2168    i.net_addr_find_route  Net_Dbg_CM3_L.lib(net_addr.o)
    0x080107dc   0x080107dc   0x00000020   Code   RO         2170    i.net_addr_get_local  Net_Dbg_CM3_L.lib(net_addr.o)
    0x080107fc   0x080107fc   0x00000022   Code   RO         2171    i.net_addr_is_unspec  Net_Dbg_CM3_L.lib(net_addr.o)
    0x0801081e   0x0801081e   0x00000002   PAD
    0x08010820   0x08010820   0x0000011c   Code   RO         1613    i.net_arp_cache_add  Net_Dbg_CM3_L.lib(net_arp.o)
    0x0801093c   0x0801093c   0x000000bc   Code   RO         1614    i.net_arp_cache_early  Net_Dbg_CM3_L.lib(net_arp.o)
    0x080109f8   0x080109f8   0x000000ec   Code   RO         1615    i.net_arp_cache_find  Net_Dbg_CM3_L.lib(net_arp.o)
    0x08010ae4   0x08010ae4   0x00000048   Code   RO         1616    i.net_arp_cache_init  Net_Dbg_CM3_L.lib(net_arp.o)
    0x08010b2c   0x08010b2c   0x0000001c   Code   RO         1617    i.net_arp_cache_run  Net_Dbg_CM3_L.lib(net_arp.o)
    0x08010b48   0x08010b48   0x00000078   Code   RO         1619    i.net_arp_enqueue   Net_Dbg_CM3_L.lib(net_arp.o)
    0x08010bc0   0x08010bc0   0x00000020   Code   RO         1621    i.net_arp_notify    Net_Dbg_CM3_L.lib(net_arp.o)
    0x08010be0   0x08010be0   0x00000224   Code   RO         1623    i.net_arp_process   Net_Dbg_CM3_L.lib(net_arp.o)
    0x08010e04   0x08010e04   0x00000042   Code   RO         2406    i.net_atoi          Net_Dbg_CM3_L.lib(net_common.o)
    0x08010e46   0x08010e46   0x00000002   PAD
    0x08010e48   0x08010e48   0x00000078   Code   RO         2472    i.net_base64_decode  Net_Dbg_CM3_L.lib(net_base64.o)
    0x08010ec0   0x08010ec0   0x00000030   Code   RO         2408    i.net_chksum_buf    Net_Dbg_CM3_L.lib(net_common.o)
    0x08010ef0   0x08010ef0   0x0000001e   Code   RO         2409    i.net_crc_buf       Net_Dbg_CM3_L.lib(net_common.o)
    0x08010f0e   0x08010f0e   0x0000000e   Code   RO         1554    i.net_eth_callback  Net_Dbg_CM3_L.lib(net_eth.o)
    0x08010f1c   0x08010f1c   0x00000068   Code   RO         1555    i.net_eth_config_mcast  Net_Dbg_CM3_L.lib(net_eth.o)
    0x08010f84   0x08010f84   0x000000ea   Code   RO         1557    i.net_eth_get_option  Net_Dbg_CM3_L.lib(net_eth.o)
    0x0801106e   0x0801106e   0x00000002   PAD
    0x08011070   0x08011070   0x0000001c   Code   RO         1558    i.net_eth_iface_init  Net_Dbg_CM3_L.lib(net_eth.o)
    0x0801108c   0x0801108c   0x0000001c   Code   RO         1559    i.net_eth_iface_run  Net_Dbg_CM3_L.lib(net_eth.o)
    0x080110a8   0x080110a8   0x000000a8   Code   RO         1561    i.net_eth_output    Net_Dbg_CM3_L.lib(net_eth.o)
    0x08011150   0x08011150   0x000001e0   Code   RO         1562    i.net_eth_send_frame  Net_Dbg_CM3_L.lib(net_eth.o)
    0x08011330   0x08011330   0x00000270   Code   RO         1563    i.net_eth_set_option  Net_Dbg_CM3_L.lib(net_eth.o)
    0x080115a0   0x080115a0   0x000000e8   Code   RO         1965    i.net_http_server_init  Net_Dbg_CM3_L.lib(net_http_server.o)
    0x08011688   0x08011688   0x00000028   Code   RO         1966    i.net_http_server_run  Net_Dbg_CM3_L.lib(net_http_server.o)
    0x080116b0   0x080116b0   0x00000018   Code   RO         2354    i.net_icmp6_init    Net_Dbg_CM3_L.lib(net_icmp6.o)
    0x080116c8   0x080116c8   0x00000238   Code   RO         2355    i.net_icmp6_process  Net_Dbg_CM3_L.lib(net_icmp6.o)
    0x08011900   0x08011900   0x00000084   Code   RO         2356    i.net_icmp6_send    Net_Dbg_CM3_L.lib(net_icmp6.o)
    0x08011984   0x08011984   0x00000058   Code   RO         2357    i.net_icmp6_send_echo  Net_Dbg_CM3_L.lib(net_icmp6.o)
    0x080119dc   0x080119dc   0x00000018   Code   RO         1702    i.net_icmp_init     Net_Dbg_CM3_L.lib(net_icmp.o)
    0x080119f4   0x080119f4   0x000001c8   Code   RO         1703    i.net_icmp_process  Net_Dbg_CM3_L.lib(net_icmp.o)
    0x08011bbc   0x08011bbc   0x000000a0   Code   RO         1704    i.net_icmp_send_echo  Net_Dbg_CM3_L.lib(net_icmp.o)
    0x08011c5c   0x08011c5c   0x0000000c   Code   RO         2103    i.net_if_map_all    Net_Dbg_CM3_L.lib(net_sys.o)
    0x08011c68   0x08011c68   0x0000018c   Code   RO         2284    i.net_ip4_chk_frame  Net_Dbg_CM3_L.lib(net_ip4.o)
    0x08011df4   0x08011df4   0x0000002c   Code   RO         2285    i.net_ip4_chksum    Net_Dbg_CM3_L.lib(net_ip4.o)
    0x08011e20   0x08011e20   0x00000006   Code   RO         2286    i.net_ip4_chksum_buf  Net_Dbg_CM3_L.lib(net_ip4.o)
    0x08011e26   0x08011e26   0x00000002   PAD
    0x08011e28   0x08011e28   0x00000080   Code   RO         2288    i.net_ip4_find_route  Net_Dbg_CM3_L.lib(net_ip4.o)
    0x08011ea8   0x08011ea8   0x00000124   Code   RO         1681    i.net_ip4_frag_add  Net_Dbg_CM3_L.lib(net_ip4_frag.o)
    0x08011fcc   0x08011fcc   0x000000ac   Code   RO         1682    i.net_ip4_frag_get  Net_Dbg_CM3_L.lib(net_ip4_frag.o)
    0x08012078   0x08012078   0x00000010   Code   RO         1683    i.net_ip4_frag_init  Net_Dbg_CM3_L.lib(net_ip4_frag.o)
    0x08012088   0x08012088   0x0000003c   Code   RO         1684    i.net_ip4_frag_run  Net_Dbg_CM3_L.lib(net_ip4_frag.o)
    0x080120c4   0x080120c4   0x0000002c   Code   RO         2289    i.net_ip4_get_local  Net_Dbg_CM3_L.lib(net_ip4.o)
    0x080120f0   0x080120f0   0x00000024   Code   RO         2290    i.net_ip4_init      Net_Dbg_CM3_L.lib(net_ip4.o)
    0x08012114   0x08012114   0x00000020   Code   RO         2291    i.net_ip4_is_onlink  Net_Dbg_CM3_L.lib(net_ip4.o)
    0x08012134   0x08012134   0x00000026   Code   RO         2292    i.net_ip4_is_subcast  Net_Dbg_CM3_L.lib(net_ip4.o)
    0x0801215a   0x0801215a   0x0000000e   Code   RO         2293    i.net_ip4_reass_frame  Net_Dbg_CM3_L.lib(net_ip4.o)
    0x08012168   0x08012168   0x00000164   Code   RO         2294    i.net_ip4_send_frame  Net_Dbg_CM3_L.lib(net_ip4.o)
    0x080122cc   0x080122cc   0x0000002a   Code   RO         2296    i.net_ip4_tx_offl_hl  Net_Dbg_CM3_L.lib(net_ip4.o)
    0x080122f6   0x080122f6   0x00000002   PAD
    0x080122f8   0x080122f8   0x00000100   Code   RO         2322    i.net_ip6_chk_frame  Net_Dbg_CM3_L.lib(net_ip6.o)
    0x080123f8   0x080123f8   0x00000032   Code   RO         2323    i.net_ip6_chksum    Net_Dbg_CM3_L.lib(net_ip6.o)
    0x0801242a   0x0801242a   0x00000002   PAD
    0x0801242c   0x0801242c   0x0000007c   Code   RO         2324    i.net_ip6_collect_mcast  Net_Dbg_CM3_L.lib(net_ip6.o)
    0x080124a8   0x080124a8   0x00000048   Code   RO         2326    i.net_ip6_find_route  Net_Dbg_CM3_L.lib(net_ip6.o)
    0x080124f0   0x080124f0   0x00000054   Code   RO         2327    i.net_ip6_get_local  Net_Dbg_CM3_L.lib(net_ip6.o)
    0x08012544   0x08012544   0x0000001c   Code   RO         2328    i.net_ip6_init      Net_Dbg_CM3_L.lib(net_ip6.o)
    0x08012560   0x08012560   0x000000cc   Code   RO         2329    i.net_ip6_send_frame  Net_Dbg_CM3_L.lib(net_ip6.o)
    0x0801262c   0x0801262c   0x0000001e   Code   RO         2331    i.net_ip6_tx_offl_hl  Net_Dbg_CM3_L.lib(net_ip6.o)
    0x0801264a   0x0801264a   0x00000008   Code   RO         2410    i.net_itoa          Net_Dbg_CM3_L.lib(net_common.o)
    0x08012652   0x08012652   0x00000006   Code   RO         2412    i.net_itoa_n0       Net_Dbg_CM3_L.lib(net_common.o)
    0x08012658   0x08012658   0x00000030   Code   RO         1663    i.net_loop_iface_init  Net_Dbg_CM3_L.lib(net_loopback.o)
    0x08012688   0x08012688   0x000000bc   Code   RO         1664    i.net_loop_iface_run  Net_Dbg_CM3_L.lib(net_loopback.o)
    0x08012744   0x08012744   0x00000070   Code   RO         1666    i.net_loop_send_frame  Net_Dbg_CM3_L.lib(net_loopback.o)
    0x080127b4   0x080127b4   0x000000c0   Code   RO         2383    i.net_mem_alloc     Net_Dbg_CM3_L.lib(net_mem.o)
    0x08012874   0x08012874   0x0000001c   Code   RO         2384    i.net_mem_avail     Net_Dbg_CM3_L.lib(net_mem.o)
    0x08012890   0x08012890   0x000000a4   Code   RO         2385    i.net_mem_free      Net_Dbg_CM3_L.lib(net_mem.o)
    0x08012934   0x08012934   0x00000070   Code   RO         2386    i.net_mem_init      Net_Dbg_CM3_L.lib(net_mem.o)
    0x080129a4   0x080129a4   0x00000048   Code   RO         2387    i.net_mem_shrink    Net_Dbg_CM3_L.lib(net_mem.o)
    0x080129ec   0x080129ec   0x00000064   Code   RO         1903    i.net_nbns_client_init  Net_Dbg_CM3_L.lib(net_nbns_client.o)
    0x08012a50   0x08012a50   0x000001c4   Code   RO         2233    i.net_ndp_cache_find  Net_Dbg_CM3_L.lib(net_ndp.o)
    0x08012c14   0x08012c14   0x00000078   Code   RO         2236    i.net_ndp_cache_refresh  Net_Dbg_CM3_L.lib(net_ndp.o)
    0x08012c8c   0x08012c8c   0x00000070   Code   RO         2239    i.net_ndp_enqueue   Net_Dbg_CM3_L.lib(net_ndp.o)
    0x08012cfc   0x08012cfc   0x00000374   Code   RO         2241    i.net_ndp_process   Net_Dbg_CM3_L.lib(net_ndp.o)
    0x08013070   0x08013070   0x00000038   Code   RO         2105    i.net_path          Net_Dbg_CM3_L.lib(net_sys.o)
    0x080130a8   0x080130a8   0x00000020   Code   RO         2076    i.net_ping_client_init  Net_Dbg_CM3_L.lib(net_ping_core.o)
    0x080130c8   0x080130c8   0x00000080   Code   RO         2077    i.net_ping_client_run  Net_Dbg_CM3_L.lib(net_ping_core.o)
    0x08013148   0x08013148   0x0000001c   Code   RO         2106    i.net_rand32        Net_Dbg_CM3_L.lib(net_sys.o)
    0x08013164   0x08013164   0x0000002e   Code   RO         2413    i.net_strcasecmp    Net_Dbg_CM3_L.lib(net_common.o)
    0x08013192   0x08013192   0x00000016   Code   RO         2414    i.net_strchr        Net_Dbg_CM3_L.lib(net_common.o)
    0x080131a8   0x080131a8   0x0000001a   Code   RO         2415    i.net_strcmp        Net_Dbg_CM3_L.lib(net_common.o)
    0x080131c2   0x080131c2   0x00000012   Code   RO         2416    i.net_strcpy        Net_Dbg_CM3_L.lib(net_common.o)
    0x080131d4   0x080131d4   0x0000001c   Code   RO         2418    i.net_strnchr       Net_Dbg_CM3_L.lib(net_common.o)
    0x080131f0   0x080131f0   0x0000001a   Code   RO         2419    i.net_strncpy       Net_Dbg_CM3_L.lib(net_common.o)
    0x0801320a   0x0801320a   0x00000020   Code   RO         2420    i.net_strtoupper    Net_Dbg_CM3_L.lib(net_common.o)
    0x0801322a   0x0801322a   0x00000002   PAD
    0x0801322c   0x0801322c   0x0000000c   Code   RO         2107    i.net_sys_lock      Net_Dbg_CM3_L.lib(net_sys.o)
    0x08013238   0x08013238   0x00000016   Code   RO         2108    i.net_sys_resume    Net_Dbg_CM3_L.lib(net_sys.o)
    0x0801324e   0x0801324e   0x00000002   PAD
    0x08013250   0x08013250   0x00000014   Code   RO         2110    i.net_sys_tick      Net_Dbg_CM3_L.lib(net_sys.o)
    0x08013264   0x08013264   0x0000000c   Code   RO         2111    i.net_sys_unlock    Net_Dbg_CM3_L.lib(net_sys.o)
    0x08013270   0x08013270   0x00000020   Code   RO         2113    i.net_sys_wakeup    Net_Dbg_CM3_L.lib(net_sys.o)
    0x08013290   0x08013290   0x00000084   Code   RO         1795    i.net_tcp_abort     Net_Dbg_CM3_L.lib(net_tcp.o)
    0x08013314   0x08013314   0x000000e4   Code   RO         1798    i.net_tcp_close     Net_Dbg_CM3_L.lib(net_tcp.o)
    0x080133f8   0x080133f8   0x0000002e   Code   RO         1801    i.net_tcp_get_buf   Net_Dbg_CM3_L.lib(net_tcp.o)
    0x08013426   0x08013426   0x00000002   PAD
    0x08013428   0x08013428   0x00000034   Code   RO         1803    i.net_tcp_get_local_port  Net_Dbg_CM3_L.lib(net_tcp.o)
    0x0801345c   0x0801345c   0x00000028   Code   RO         1804    i.net_tcp_get_mss   Net_Dbg_CM3_L.lib(net_tcp.o)
    0x08013484   0x08013484   0x00000054   Code   RO         1806    i.net_tcp_get_peer  Net_Dbg_CM3_L.lib(net_tcp.o)
    0x080134d8   0x080134d8   0x00000070   Code   RO         1808    i.net_tcp_get_socket  Net_Dbg_CM3_L.lib(net_tcp.o)
    0x08013548   0x08013548   0x0000002c   Code   RO         1809    i.net_tcp_get_state  Net_Dbg_CM3_L.lib(net_tcp.o)
    0x08013574   0x08013574   0x00000034   Code   RO         1810    i.net_tcp_get_timer  Net_Dbg_CM3_L.lib(net_tcp.o)
    0x080135a8   0x080135a8   0x000000b0   Code   RO         1811    i.net_tcp_listen    Net_Dbg_CM3_L.lib(net_tcp.o)
    0x08013658   0x08013658   0x000007a8   Code   RO         1813    i.net_tcp_process   Net_Dbg_CM3_L.lib(net_tcp.o)
    0x08013e00   0x08013e00   0x0000015c   Code   RO         1817    i.net_tcp_send      Net_Dbg_CM3_L.lib(net_tcp.o)
    0x08013f5c   0x08013f5c   0x0000012c   Code   RO         1819    i.net_tcp_set_option  Net_Dbg_CM3_L.lib(net_tcp.o)
    0x08014088   0x08014088   0x00000028   Code   RO         1820    i.net_tcp_socket_init  Net_Dbg_CM3_L.lib(net_tcp.o)
    0x080140b0   0x080140b0   0x000003c0   Code   RO         1821    i.net_tcp_socket_run  Net_Dbg_CM3_L.lib(net_tcp.o)
    0x08014470   0x08014470   0x0000002e   Code   RO         1732    i.net_udp_get_buf   Net_Dbg_CM3_L.lib(net_udp.o)
    0x0801449e   0x0801449e   0x00000002   PAD
    0x080144a0   0x080144a0   0x00000070   Code   RO         1735    i.net_udp_get_socket  Net_Dbg_CM3_L.lib(net_udp.o)
    0x08014510   0x08014510   0x000000ac   Code   RO         1737    i.net_udp_open      Net_Dbg_CM3_L.lib(net_udp.o)
    0x080145bc   0x080145bc   0x00000158   Code   RO         1738    i.net_udp_process   Net_Dbg_CM3_L.lib(net_udp.o)
    0x08014714   0x08014714   0x0000022c   Code   RO         1741    i.net_udp_send_if   Net_Dbg_CM3_L.lib(net_udp.o)
    0x08014940   0x08014940   0x00000024   Code   RO         1743    i.net_udp_socket_init  Net_Dbg_CM3_L.lib(net_udp.o)
    0x08014964   0x08014964   0x00000008   Code   RO         2421    i.net_ultoa         Net_Dbg_CM3_L.lib(net_common.o)
    0x0801496c   0x0801496c   0x00000030   Code   RO         2424    i.net_ultox         Net_Dbg_CM3_L.lib(net_common.o)
    0x0801499c   0x0801499c   0x0000004c   Code   RO         2425    i.net_xtoul         Net_Dbg_CM3_L.lib(net_common.o)
    0x080149e8   0x080149e8   0x0000001c   Code   RO         2080    i.ping_send_req     Net_Dbg_CM3_L.lib(net_ping_core.o)
    0x08014a04   0x08014a04   0x00000058   Code   RO         1969    i.proc_req_line     Net_Dbg_CM3_L.lib(net_http_server.o)
    0x08014a5c   0x08014a5c   0x0000001a   Code   RO         1686    i.que_free_list     Net_Dbg_CM3_L.lib(net_ip4_frag.o)
    0x08014a76   0x08014a76   0x000000a0   Code   RO         1970    i.read_script_line  Net_Dbg_CM3_L.lib(net_http_server.o)
    0x08014b16   0x08014b16   0x00000048   Code   RO         1971    i.search_delim      Net_Dbg_CM3_L.lib(net_http_server.o)
    0x08014b5e   0x08014b5e   0x00000018   Code   RO         2114    i.sys_map_if        Net_Dbg_CM3_L.lib(net_sys.o)
    0x08014b76   0x08014b76   0x00000002   PAD
    0x08014b78   0x08014b78   0x0000004c   Code   RO         2115    i.sys_proc_tick     Net_Dbg_CM3_L.lib(net_sys.o)
    0x08014bc4   0x08014bc4   0x00000110   Code   RO         1823    i.tcp_map_socket    Net_Dbg_CM3_L.lib(net_tcp.o)
    0x08014cd4   0x08014cd4   0x00000084   Code   RO         1824    i.tcp_parse_opt     Net_Dbg_CM3_L.lib(net_tcp.o)
    0x08014d58   0x08014d58   0x0000011c   Code   RO         1825    i.tcp_proc_acknr    Net_Dbg_CM3_L.lib(net_tcp.o)
    0x08014e74   0x08014e74   0x000000ac   Code   RO         1826    i.tcp_proc_dupack   Net_Dbg_CM3_L.lib(net_tcp.o)
    0x08014f20   0x08014f20   0x0000001a   Code   RO         1827    i.tcp_que_free      Net_Dbg_CM3_L.lib(net_tcp.o)
    0x08014f3a   0x08014f3a   0x0000001a   Code   RO         1828    i.tcp_que_init      Net_Dbg_CM3_L.lib(net_tcp.o)
    0x08014f54   0x08014f54   0x000000ac   Code   RO         1829    i.tcp_que_resend    Net_Dbg_CM3_L.lib(net_tcp.o)
    0x08015000   0x08015000   0x00000090   Code   RO         1830    i.tcp_send_ctrl     Net_Dbg_CM3_L.lib(net_tcp.o)
    0x08015090   0x08015090   0x0000007c   Code   RO         1831    i.tcp_send_data     Net_Dbg_CM3_L.lib(net_tcp.o)
    0x0801510c   0x0801510c   0x00000090   Code   RO         1832    i.tcp_send_reset    Net_Dbg_CM3_L.lib(net_tcp.o)
    0x0801519c   0x0801519c   0x00000044   Code   RO         1833    i.tcp_set_cwnd      Net_Dbg_CM3_L.lib(net_tcp.o)
    0x080151e0   0x080151e0   0x00000074   Code   RO         1834    i.tcp_transit       Net_Dbg_CM3_L.lib(net_tcp.o)
    0x08015254   0x08015254   0x0000010c   Code   RO         1835    i.tcp_write         Net_Dbg_CM3_L.lib(net_tcp.o)
    0x08015360   0x08015360   0x0000002c   Code   RO         1745    i.udp_port_in_use   Net_Dbg_CM3_L.lib(net_udp.o)
    0x0801538c   0x0801538c   0x00000044   Code   RO         2426    i.ul2str            Net_Dbg_CM3_L.lib(net_common.o)
    0x080153d0   0x080153d0   0x00000124   Code   RO         1972    i.utc_to_http       Net_Dbg_CM3_L.lib(net_http_server.o)
    0x080154f4   0x080154f4   0x00000024   Data   RO          150    .constdata          http_server.o
    0x08015518   0x08015518   0x00000004   Data   RO          233    .constdata          web.o
    0x0801551c   0x0801551c   0x00006561   Data   RO          234    .constdata          web.o
    0x0801ba7d   0x0801ba7d   0x00000003   PAD
    0x0801ba80   0x0801ba80   0x000000a0   Data   RO          235    .constdata          web.o
    0x0801bb20   0x0801bb20   0x00000960   Data   RO          279    .constdata          lcd.o
    0x0801c480   0x0801c480   0x00000024   Data   RO          505    .constdata          rtx_lib.o
    0x0801c4a4   0x0801c4a4   0x00000024   Data   RO          506    .constdata          rtx_lib.o
    0x0801c4c8   0x0801c4c8   0x00000018   Data   RO          507    .constdata          rtx_lib.o
    0x0801c4e0   0x0801c4e0   0x00000004   Data   RO          509    .constdata          rtx_lib.o
    0x0801c4e4   0x0801c4e4   0x00000004   Data   RO          850    .constdata          phy_lan8742a.o
    0x0801c4e8   0x0801c4e8   0x00000020   Data   RO          851    .constdata          phy_lan8742a.o
    0x0801c508   0x0801c508   0x00000050   Data   RO          878    .constdata          emac_stm32f4xx.o
    0x0801c558   0x0801c558   0x00000044   Data   RO          879    .constdata          emac_stm32f4xx.o
    0x0801c59c   0x0801c59c   0x00000034   Data   RO          921    .constdata          spi_stm32f4xx.o
    0x0801c5d0   0x0801c5d0   0x00000010   Data   RO          922    .constdata          spi_stm32f4xx.o
    0x0801c5e0   0x0801c5e0   0x00000010   Data   RO          923    .constdata          spi_stm32f4xx.o
    0x0801c5f0   0x0801c5f0   0x0000002c   Data   RO          924    .constdata          spi_stm32f4xx.o
    0x0801c61c   0x0801c61c   0x00000018   Data   RO          960    .constdata          eventrecorder.o
    0x0801c634   0x0801c634   0x00000008   Data   RO         1099    .constdata          stm32f4xx_hal_dma.o
    0x0801c63c   0x0801c63c   0x00000010   Data   RO         1395    .constdata          system_stm32f4xx_1.o
    0x0801c64c   0x0801c64c   0x00000008   Data   RO         1396    .constdata          system_stm32f4xx_1.o
    0x0801c654   0x0801c654   0x000000a8   Data   RO         1439    .constdata          net_config.o
    0x0801c6fc   0x0801c6fc   0x0000001c   Data   RO         1440    .constdata          net_config.o
    0x0801c718   0x0801c718   0x00000014   Data   RO         1441    .constdata          net_config.o
    0x0801c72c   0x0801c72c   0x0000000c   Data   RO         1442    .constdata          net_config.o
    0x0801c738   0x0801c738   0x00000028   Data   RO         1443    .constdata          net_config.o
    0x0801c760   0x0801c760   0x0000002c   Data   RO         1444    .constdata          net_config.o
    0x0801c78c   0x0801c78c   0x00000008   Data   RO         1445    .constdata          net_config.o
    0x0801c794   0x0801c794   0x00000008   Data   RO         1446    .constdata          net_config.o
    0x0801c79c   0x0801c79c   0x00000008   Data   RO         1447    .constdata          net_config.o
    0x0801c7a4   0x0801c7a4   0x00000008   Data   RO         1448    .constdata          net_config.o
    0x0801c7ac   0x0801c7ac   0x00000008   Data   RO         1449    .constdata          net_config.o
    0x0801c7b4   0x0801c7b4   0x00000008   Data   RO         1450    .constdata          net_config.o
    0x0801c7bc   0x0801c7bc   0x00000008   Data   RO         1451    .constdata          net_config.o
    0x0801c7c4   0x0801c7c4   0x00000004   Data   RO         1453    .constdata          net_config.o
    0x0801c7c8   0x0801c7c8   0x00000008   Data   RO         1454    .constdata          net_config.o
    0x0801c7d0   0x0801c7d0   0x0000000c   Data   RO         1455    .constdata          net_config.o
    0x0801c7dc   0x0801c7dc   0x00000018   Data   RO         1456    .constdata          net_config.o
    0x0801c7f4   0x0801c7f4   0x00000034   Data   RO         1457    .constdata          net_config.o
    0x0801c828   0x0801c828   0x00000028   Data   RO         1458    .constdata          net_config.o
    0x0801c850   0x0801c850   0x00000020   Data   RO         1459    .constdata          net_config.o
    0x0801c870   0x0801c870   0x00000010   Data   RO         1461    .constdata          net_config.o
    0x0801c880   0x0801c880   0x00000010   Data   RO         1462    .constdata          net_config.o
    0x0801c890   0x0801c890   0x0000002c   Data   RO         1667    .constdata          Net_Dbg_CM3_L.lib(net_loopback.o)
    0x0801c8bc   0x0801c8bc   0x0000000c   Data   RO         1668    .constdata          Net_Dbg_CM3_L.lib(net_loopback.o)
    0x0801c8c8   0x0801c8c8   0x00000008   Data   RO         1905    .constdata          Net_Dbg_CM3_L.lib(net_nbns_client.o)
    0x0801c8d0   0x0801c8d0   0x000000fa   Data   RO         1974    .constdata          Net_Dbg_CM3_L.lib(net_http_server.o)
    0x0801c9ca   0x0801c9ca   0x00000002   PAD
    0x0801c9cc   0x0801c9cc   0x00000018   Data   RO         2053    .constdata          Net_Dbg_CM3_L.lib(net_http_server_auth.o)
    0x0801c9e4   0x0801c9e4   0x00000012   Data   RO         2082    .constdata          Net_Dbg_CM3_L.lib(net_ping_core.o)
    0x0801c9f6   0x0801c9f6   0x00000010   Data   RO         2175    .constdata          Net_Dbg_CM3_L.lib(net_addr.o)
    0x0801ca06   0x0801ca06   0x00000006   Data   RO         2176    .constdata          Net_Dbg_CM3_L.lib(net_addr.o)
    0x0801ca0c   0x0801ca0c   0x00000004   Data   RO         2298    .constdata          Net_Dbg_CM3_L.lib(net_ip4.o)
    0x0801ca10   0x0801ca10   0x00000020   Data   RO         2333    .constdata          Net_Dbg_CM3_L.lib(net_ip6.o)
    0x0801ca30   0x0801ca30   0x00000018   Data   RO         2373    .constdata          Net_Dbg_CM3_L.lib(net_http_server_err.o)
    0x0801ca48   0x0801ca48   0x00000010   Data   RO         2427    .constdata          Net_Dbg_CM3_L.lib(net_common.o)
    0x0801ca58   0x0801ca58   0x00000090   Data   RO         2474    .constdata          Net_Dbg_CM3_L.lib(net_base64.o)
    0x0801cae8   0x0801cae8   0x00000004   Data   RO         2483    .constdata          Net_Dbg_CM3_L.lib(net_version.o)
    0x0801caec   0x0801caec   0x000000da   Data   RO          199    .conststring        http_server_cgi.o
    0x0801cbc6   0x0801cbc6   0x00000002   PAD
    0x0801cbc8   0x0801cbc8   0x00000078   Data   RO         1463    .conststring        net_config.o
    0x0801cc40   0x0801cc40   0x0000000d   Data   RO         1464    .conststring        net_config.o
    0x0801cc4d   0x0801cc4d   0x00000003   PAD
    0x0801cc50   0x0801cc50   0x00000038   Data   RO         1465    .conststring        net_config.o
    0x0801cc88   0x0801cc88   0x0000001d   Data   RO         1466    .conststring        net_config.o
    0x0801cca5   0x0801cca5   0x00000003   PAD
    0x0801cca8   0x0801cca8   0x00000203   Data   RO         2374    .conststring        Net_Dbg_CM3_L.lib(net_http_server_err.o)
    0x0801ceab   0x0801ceab   0x00000001   PAD
    0x0801ceac   0x0801ceac   0x0000000b   Data   RO          449    .conststrlit        rtx_kernel.o
    0x0801ceb7   0x0801ceb7   0x00000001   PAD
    0x0801ceb8   0x0801ceb8   0x000000a8   Data   RO          510    .rodata             rtx_lib.o
    0x0801cf60   0x0801cf60   0x00000030   Data   RO         2818    Region$$Table       anon$$obj.o


    Execution Region RW_IRAM2 (Exec base: 0x10000000, Load base: 0x0801d0cc, Size: 0x000004a4, Max: 0x00010000, ABSOLUTE)

    Exec Addr    Load Addr    Size         Type   Attr      Idx    E Section Name        Object

    0x10000000        -       0x000004a4   Zero   RW          959    .bss.noinit         eventrecorder.o


    Execution Region RW_IRAM1 (Exec base: 0x20000000, Load base: 0x0801cf90, Size: 0x0000f5a8, Max: 0x00030000, ABSOLUTE, COMPRESSED[0x0000013c])

    Exec Addr    Load Addr    Size         Type   Attr      Idx    E Section Name        Object

    0x20000000   COMPRESSED   0x00008000   Data   RW          497    .bss.os             rtx_lib.o
    0x20008000   COMPRESSED   0x00000040   Data   RW          498    .bss.os             rtx_lib.o
    0x20008040   COMPRESSED   0x00000001   Data   RW          802    .bss.os             os_systick.o
    0x20008041   COMPRESSED   0x00000003   PAD
    0x20008044   COMPRESSED   0x00000034   Data   RW          499    .bss.os.msgqueue.cb  rtx_lib.o
    0x20008078   COMPRESSED   0x00000050   Data   RW          500    .bss.os.msgqueue.mem  rtx_lib.o
    0x200080c8   COMPRESSED   0x0000001c   Data   RW         1433    .bss.os.mutex.cb    net_config.o
    0x200080e4   COMPRESSED   0x0000001c   Data   RW         1434    .bss.os.mutex.cb    net_config.o
    0x20008100   COMPRESSED   0x00000010   Data   RW         1435    .bss.os.semaphore.cb  net_config.o
    0x20008110   COMPRESSED   0x00000044   Data   RW          501    .bss.os.thread.cb   rtx_lib.o
    0x20008154   COMPRESSED   0x00000044   Data   RW          502    .bss.os.thread.cb   rtx_lib.o
    0x20008198   COMPRESSED   0x00000044   Data   RW         1436    .bss.os.thread.cb   net_config.o
    0x200081dc   COMPRESSED   0x00000044   Data   RW         1437    .bss.os.thread.cb   net_config.o
    0x20008220   COMPRESSED   0x00000200   Data   RW          503    .bss.os.thread.idle.stack  rtx_lib.o
    0x20008420   COMPRESSED   0x00000200   Data   RW          504    .bss.os.thread.timer.stack  rtx_lib.o
    0x20008620   COMPRESSED   0x00000020   Data   RW         1438    .bss.os.timer.cb    net_config.o
    0x20008640   COMPRESSED   0x00000004   Data   RW            5    .data               main.o
    0x20008644   COMPRESSED   0x00000036   Data   RW          151    .data               http_server.o
    0x2000867a   COMPRESSED   0x00000002   PAD
    0x2000867c   COMPRESSED   0x00000008   Data   RW          200    .data               http_server_cgi.o
    0x20008684   COMPRESSED   0x0000000c   Data   RW          280    .data               lcd.o
    0x20008690   COMPRESSED   0x0000000c   Data   RW          993    .data               stm32f4xx_hal.o
    0x2000869c   COMPRESSED   0x00000004   Data   RW         1397    .data               system_stm32f4xx_1.o
    0x200086a0   COMPRESSED   0x00000004   Data   RW         1467    .data               net_config.o
    0x200086a4   COMPRESSED   0x00000006   Data   RW         1468    .data               net_config.o
    0x200086aa   COMPRESSED   0x00000004   Data   RW         1469    .data               net_config.o
    0x200086ae   COMPRESSED   0x00000002   PAD
    0x200086b0   COMPRESSED   0x00000004   Data   RW         1669    .data               Net_Dbg_CM3_L.lib(net_loopback.o)
    0x200086b4   COMPRESSED   0x00000004   Data   RW         1687    .data               Net_Dbg_CM3_L.lib(net_ip4_frag.o)
    0x200086b8   COMPRESSED   0x00000001   Data   RW         1705    .data               Net_Dbg_CM3_L.lib(net_icmp.o)
    0x200086b9   COMPRESSED   0x00000001   PAD
    0x200086ba   COMPRESSED   0x00000002   Data   RW         1747    .data               Net_Dbg_CM3_L.lib(net_udp.o)
    0x200086bc   COMPRESSED   0x00000004   Data   RW         1838    .data               Net_Dbg_CM3_L.lib(net_tcp.o)
    0x200086c0   COMPRESSED   0x00000001   Data   RW         1906    .data               Net_Dbg_CM3_L.lib(net_nbns_client.o)
    0x200086c1   COMPRESSED   0x00000003   PAD
    0x200086c4   COMPRESSED   0x0000000c   Data   RW         1975    .data               Net_Dbg_CM3_L.lib(net_http_server.o)
    0x200086d0   COMPRESSED   0x00000008   Data   RW         2299    .data               Net_Dbg_CM3_L.lib(net_ip4.o)
    0x200086d8   COMPRESSED   0x00000004   Data   RW         2335    .data               Net_Dbg_CM3_L.lib(net_ip6.o)
    0x200086dc   COMPRESSED   0x000000a4   Data   RW          450    .data.os            rtx_kernel.o
    0x20008780        -       0x00000068   Zero   RW          148    .bss                http_server.o
    0x200087e8        -       0x00000400   Zero   RW          149    .bss                http_server.o
    0x20008be8        -       0x00000038   Zero   RW          198    .bss                http_server_cgi.o
    0x20008c20        -       0x00000014   Zero   RW          253    .bss                conf.o
    0x20008c34        -       0x00000254   Zero   RW          278    .bss                lcd.o
    0x20008e88        -       0x0000000c   Zero   RW          849    .bss                phy_lan8742a.o
    0x20008e94        -       0x000024cc   Zero   RW          877    .bss                emac_stm32f4xx.o
    0x2000b360        -       0x00000010   Zero   RW          919    .bss                spi_stm32f4xx.o
    0x2000b370        -       0x0000001c   Zero   RW          920    .bss                spi_stm32f4xx.o
    0x2000b38c   COMPRESSED   0x00000004   PAD
    0x2000b390        -       0x00000400   Zero   RW         1424    .bss                net_config.o
    0x2000b790        -       0x00000400   Zero   RW         1425    .bss                net_config.o
    0x2000bb90        -       0x00002ee0   Zero   RW         1426    .bss                net_config.o
    0x2000ea70        -       0x000000c8   Zero   RW         1427    .bss                net_config.o
    0x2000eb38        -       0x00000018   Zero   RW         1428    .bss                net_config.o
    0x2000eb50        -       0x00000028   Zero   RW         1429    .bss                net_config.o
    0x2000eb78        -       0x00000050   Zero   RW         1430    .bss                net_config.o
    0x2000ebc8        -       0x00000228   Zero   RW         1431    .bss                net_config.o
    0x2000edf0        -       0x00000150   Zero   RW         1432    .bss                net_config.o
    0x2000ef40        -       0x000000a0   Zero   RW         1564    .bss                Net_Dbg_CM3_L.lib(net_eth.o)
    0x2000efe0        -       0x00000018   Zero   RW         1624    .bss                Net_Dbg_CM3_L.lib(net_arp.o)
    0x2000eff8        -       0x0000001c   Zero   RW         1746    .bss                Net_Dbg_CM3_L.lib(net_udp.o)
    0x2000f014        -       0x00000098   Zero   RW         1973    .bss                Net_Dbg_CM3_L.lib(net_http_server.o)
    0x2000f0ac        -       0x0000002c   Zero   RW         2081    .bss                Net_Dbg_CM3_L.lib(net_ping_core.o)
    0x2000f0d8        -       0x00000038   Zero   RW         2116    .bss                Net_Dbg_CM3_L.lib(net_sys.o)
    0x2000f110        -       0x00000024   Zero   RW         2117    .bss                Net_Dbg_CM3_L.lib(net_sys.o)
    0x2000f134        -       0x0000005c   Zero   RW         2174    .bss                Net_Dbg_CM3_L.lib(net_addr.o)
    0x2000f190        -       0x00000014   Zero   RW         2389    .bss                Net_Dbg_CM3_L.lib(net_mem.o)
    0x2000f1a4   COMPRESSED   0x00000004   PAD
    0x2000f1a8        -       0x00000400   Zero   RW         1384    STACK               startup_stm32f429xx.o


==============================================================================

Image component sizes


      Code (inc. data)   RO Data    RW Data    ZI Data      Debug   Object Name

       220         18          0          0         20       1011   conf.o
      2536        156        148          0       9420      47426   emac_stm32f4xx.o
      1452         40         24          0       1188      17420   eventrecorder.o
       276         38         36         54       1128      11024   http_server.o
      1912        354        218          8         56       7649   http_server_cgi.o
       148          8          0          0          0        604   irq_armv7m.o
       924         36       2400         12        596       8603   lcd.o
       288         30          0          4          0     748663   main.o
       376         24        790        254      15280      32606   net_config.o
       338          0          0          0          0        878   net_debug.o
       196         12          0          1          0       1980   os_systick.o
       428         10         36          0         12       6766   phy_lan8742a.o
         4          0          0          0          0        595   rtx_config.o
       260         14          0          0          0      17734   rtx_delay.o
      2392         88          0          0          0      45149   rtx_evr.o
      1740         96         11        164          0      27820   rtx_kernel.o
        24          0        268      34124          0       9715   rtx_lib.o
       292          0          0          0          0       3807   rtx_memory.o
      1984         48          0          0          0      15052   rtx_mempool.o
      2820         58          0          0          0      23576   rtx_msgqueue.o
      1368         30          0          0          0      10042   rtx_mutex.o
      1432         34          0          0          0      11780   rtx_semaphore.o
       668         18          0          0          0       8345   rtx_system.o
      4908        126          0          0          0      33709   rtx_thread.o
      1152         34          0          0          0      10145   rtx_timer.o
      3164         98        128          0         44      44763   spi_stm32f4xx.o
        36          8        428          0       1024        840   startup_stm32f429xx.o
       456         38          0         12          0      11463   stm32f4xx_hal.o
       664         10          0          0          0      36306   stm32f4xx_hal_cortex.o
      1816         28          8          0          0       7821   stm32f4xx_hal_dma.o
       868         54          0          0          0       4175   stm32f4xx_hal_gpio.o
      1888         66          0          0          0       6375   stm32f4xx_hal_rcc.o
      9170        166          0          0          0      37824   stm32f4xx_hal_tim.o
      2992         62          0          0          0      13840   stm32f4xx_hal_tim_ex.o
       160         20         24          4          0       1749   system_stm32f4xx_1.o
       120         10      26117          0          0       1628   web.o

    ----------------------------------------------------------------------
     49474       1832      30696      34644      28772    1268883   Object Totals
         0          0         48          0          0          0   (incl. Generated)
         2          0         12          7          4          0   (incl. Padding)

    ----------------------------------------------------------------------

      Code (inc. data)   RO Data    RW Data    ZI Data      Debug   Library Member Name

      1414         18         22          0         92       1556   net_addr.o
      2874        144          0          0         24       1548   net_arp.o
       120          6        144          0          0         84   net_base64.o
       622         10         16          0          0       1340   net_common.o
      3664        138          0          0        160       1600   net_eth.o
      6834       1268        250         12        152       2852   net_http_server.o
       266         66         24          0          0        368   net_http_server_auth.o
         0          0        539          0          0          0   net_http_server_err.o
       640         48          0          1          0        236   net_icmp.o
       812         60          0          0          0        332   net_icmp6.o
      1188         82          4          8          0        956   net_ip4.o
       690         30          0          4          0        476   net_ip4_frag.o
       848         72         32          4          0        644   net_ip6.o
       348         28         56          4          0        256   net_loopback.o
       592         64          0          0         20        564   net_mem.o
       520         44          8          1          0        188   net_nbns_client.o
      3058        106          0          0          0       1404   net_ndp.o
       188         32         18          0         44        220   net_ping_core.o
       834         84          0          0         92       1012   net_sys.o
      6566        282          0          4          0       2728   net_tcp.o
      1310         70          0          2         28        620   net_udp.o
         0          0          4          0          0          0   net_version.o
        86          0          0          0          0          0   __dczerorl2.o
         0          0          0          0          0          0   entry.o
         0          0          0          0          0          0   entry10a.o
         0          0          0          0          0          0   entry11a.o
         4          0          0          0          0          0   entry12b.o
         8          4          0          0          0          0   entry2.o
         4          0          0          0          0          0   entry5.o
         0          0          0          0          0          0   entry7b.o
         0          0          0          0          0          0   entry8b.o
         8          4          0          0          0          0   entry9a.o
        30          0          0          0          0          0   handlers.o
        36          8          0          0          0         68   init.o
         0          0          0          0          0          0   iusefp.o
        30          0          0          0          0         68   llshl.o
        36          0          0          0          0         68   llsshr.o
        32          0          0          0          0         68   llushr.o
        26          0          0          0          0         80   memcmp.o
        36          0          0          0          0         68   memcpya.o
        36          0          0          0          0        108   memseta.o
      2236         86          0          0          0        532   printfa.o
        28          0          0          0          0         76   strcmp.o
        18          0          0          0          0         68   strcpy.o
        14          0          0          0          0         68   strlen.o
        30          0          0          0          0         80   strncmp.o
        44          0          0          0          0         80   uidiv.o
        98          0          0          0          0         92   uldiv.o
        48          0          0          0          0         68   cdrcmple.o
       334          0          0          0          0        148   dadd.o
       222          0          0          0          0        100   ddiv.o
       186          0          0          0          0        176   depilogue.o
        48          0          0          0          0         68   dfixul.o
       228          0          0          0          0         96   dmul.o
        38          0          0          0          0         68   f2d.o

    ----------------------------------------------------------------------
     37382       2754       1120         44        616      21232   Library Totals
        50          0          3          4          4          0   (incl. Padding)

    ----------------------------------------------------------------------

      Code (inc. data)   RO Data    RW Data    ZI Data      Debug   Library Name

     33388       2652       1117         40        612      18984   Net_Dbg_CM3_L.lib
      2840        102          0          0          0       1524   mc_w.l
      1104          0          0          0          0        724   mf_w.l

    ----------------------------------------------------------------------
     37382       2754       1120         44        616      21232   Library Totals

    ----------------------------------------------------------------------

==============================================================================


      Code (inc. data)   RO Data    RW Data    ZI Data      Debug   

     86856       4586      31816      34688      29388    1270591   Grand Totals
     86856       4586      31816        316      29388    1270591   ELF Image Totals (compressed)
     86856       4586      31816        316          0          0   ROM Totals

==============================================================================

    Total RO  Size (Code + RO Data)               118672 ( 115.89kB)
    Total RW  Size (RW Data + ZI Data)             64076 (  62.57kB)
    Total ROM Size (Code + RO Data + RW Data)     118988 ( 116.20kB)

==============================================================================

