Component: ARM Compiler 5.06 update 7 (build 960) Tool: armlink [4d3601]

==============================================================================

Section Cross References

    main.o(i.HAL_GetTick) refers to rtx_kernel.o(.text.osKernelGetState) for osKernelGetState
    main.o(i.HAL_GetTick) refers to rtx_kernel.o(.text.osKernelGetTickCount) for osKernelGetTickCount
    main.o(i.HAL_GetTick) refers to system_stm32f4xx.o(.data) for SystemCoreClock
    main.o(i.HAL_GetTick) refers to main.o(.data) for ticks
    main.o(i.SystemClock_Config) refers to stm32f4xx_hal_rcc.o(i.HAL_RCC_OscConfig) for HAL_RCC_OscConfig
    main.o(i.SystemClock_Config) refers to main.o(i.Error_Handler) for Error_Handler
    main.o(i.SystemClock_Config) refers to stm32f4xx_hal_rcc.o(i.HAL_RCC_ClockConfig) for HAL_RCC_ClockConfig
    main.o(i.SystemClock_Config) refers to stm32f4xx_hal.o(i.HAL_GetREVID) for HAL_GetREVID
    main.o(i.main) refers to stm32f4xx_hal.o(i.HAL_Init) for HAL_Init
    main.o(i.main) refers to main.o(i.SystemClock_Config) for SystemClock_Config
    main.o(i.main) refers to system_stm32f4xx.o(i.SystemCoreClockUpdate) for SystemCoreClockUpdate
    main.o(i.main) refers to rtc.o(i.init_RTC) for init_RTC
    main.o(i.main) refers to rtc.o(i.get_tiempo_fecha) for get_tiempo_fecha
    main.o(i.main) refers to lcd.o(i.LCD_reset) for LCD_reset
    main.o(i.main) refers to lcd.o(i.LCD_Init) for LCD_Init
    main.o(i.main) refers to lcd.o(i.LCD_update) for LCD_update
    main.o(i.main) refers to conf_leds.o(i.LED_Initialize) for LED_Initialize
    main.o(i.main) refers to rtx_kernel.o(.text.osKernelInitialize) for osKernelInitialize
    main.o(i.main) refers to thlcd.o(i.Init_ThLCD) for Init_ThLCD
    main.o(i.main) refers to thalarm.o(i.Init_ThAlarm) for Init_ThAlarm
    main.o(i.main) refers to rtx_kernel.o(.text.osKernelStart) for osKernelStart
    lcd.o(i.LCD_Init) refers to lcd.o(i.LCD_wr_cmd) for LCD_wr_cmd
    lcd.o(i.LCD_escribir_linea) refers to lcd.o(i.LCD_symbolToLocalBuffer_L1) for LCD_symbolToLocalBuffer_L1
    lcd.o(i.LCD_escribir_linea) refers to strlen.o(.text) for strlen
    lcd.o(i.LCD_escribir_linea) refers to lcd.o(i.LCD_symbolToLocalBuffer_L2) for LCD_symbolToLocalBuffer_L2
    lcd.o(i.LCD_escribir_linea) refers to lcd.o(.data) for positionL1
    lcd.o(i.LCD_reset) refers to stm32f4xx_hal_gpio.o(i.HAL_GPIO_Init) for HAL_GPIO_Init
    lcd.o(i.LCD_reset) refers to stm32f4xx_hal_gpio.o(i.HAL_GPIO_WritePin) for HAL_GPIO_WritePin
    lcd.o(i.LCD_reset) refers to lcd.o(i.delay) for delay
    lcd.o(i.LCD_reset) refers to lcd.o(.data) for SPIdrv
    lcd.o(i.LCD_reset) refers to lcd.o(.bss) for GPIO_InitStruct
    lcd.o(i.LCD_symbolToLocalBuffer) refers to lcd.o(i.LCD_symbolToLocalBuffer_L1) for LCD_symbolToLocalBuffer_L1
    lcd.o(i.LCD_symbolToLocalBuffer) refers to lcd.o(i.LCD_symbolToLocalBuffer_L2) for LCD_symbolToLocalBuffer_L2
    lcd.o(i.LCD_symbolToLocalBuffer_L1) refers to lcd.o(.constdata) for Arial12x12
    lcd.o(i.LCD_symbolToLocalBuffer_L1) refers to lcd.o(.data) for positionL1
    lcd.o(i.LCD_symbolToLocalBuffer_L1) refers to lcd.o(.bss) for buffer
    lcd.o(i.LCD_symbolToLocalBuffer_L2) refers to lcd.o(.constdata) for Arial12x12
    lcd.o(i.LCD_symbolToLocalBuffer_L2) refers to lcd.o(.data) for positionL2
    lcd.o(i.LCD_symbolToLocalBuffer_L2) refers to lcd.o(.bss) for buffer
    lcd.o(i.LCD_update) refers to lcd.o(i.LCD_wr_cmd) for LCD_wr_cmd
    lcd.o(i.LCD_update) refers to lcd.o(i.LCD_wr_data) for LCD_wr_data
    lcd.o(i.LCD_update) refers to lcd.o(.bss) for buffer
    lcd.o(i.LCD_wr_cmd) refers to stm32f4xx_hal_gpio.o(i.HAL_GPIO_WritePin) for HAL_GPIO_WritePin
    lcd.o(i.LCD_wr_cmd) refers to lcd.o(i.delay) for delay
    lcd.o(i.LCD_wr_cmd) refers to lcd.o(.data) for SPIdrv
    lcd.o(i.LCD_wr_data) refers to stm32f4xx_hal_gpio.o(i.HAL_GPIO_WritePin) for HAL_GPIO_WritePin
    lcd.o(i.LCD_wr_data) refers to lcd.o(i.delay) for delay
    lcd.o(i.LCD_wr_data) refers to lcd.o(.data) for SPIdrv
    lcd.o(i.delay) refers to stm32f4xx_hal_tim.o(i.HAL_TIM_Base_Init) for HAL_TIM_Base_Init
    lcd.o(i.delay) refers to stm32f4xx_hal_tim.o(i.HAL_TIM_Base_Start) for HAL_TIM_Base_Start
    lcd.o(i.delay) refers to stm32f4xx_hal_tim.o(i.HAL_TIM_Base_Stop) for HAL_TIM_Base_Stop
    lcd.o(i.delay) refers to stm32f4xx_hal_tim.o(i.HAL_TIM_Base_DeInit) for HAL_TIM_Base_DeInit
    lcd.o(i.delay) refers to lcd.o(.bss) for htim7
    lcd.o(.data) refers to spi_stm32f4xx.o(.constdata) for Driver_SPI1
    conf_leds.o(i.LED_Initialize) refers to stm32f4xx_hal_gpio.o(i.HAL_GPIO_Init) for HAL_GPIO_Init
    conf_leds.o(i.LED_Initialize) refers to stm32f4xx_hal_gpio.o(i.HAL_GPIO_WritePin) for HAL_GPIO_WritePin
    conf_leds.o(i.LED_Off) refers to stm32f4xx_hal_gpio.o(i.HAL_GPIO_WritePin) for HAL_GPIO_WritePin
    conf_leds.o(i.LED_Off) refers to conf_leds.o(.constdata) for LED_PIN
    conf_leds.o(i.LED_On) refers to stm32f4xx_hal_gpio.o(i.HAL_GPIO_WritePin) for HAL_GPIO_WritePin
[...]
    __rt_lib_init_return                     0x0800025d   Thumb Code     0  libinit2.o(.ARM.Collect$$libinit$$00000033)
    __rt_lib_init_stdio_1                    0x0800025d   Thumb Code     0  libinit2.o(.ARM.Collect$$libinit$$00000025)
    __rt_lib_shutdown                        0x0800025f   Thumb Code     0  libshutdown.o(.ARM.Collect$$libshutdown$$00000000)
    __rt_lib_shutdown_cpp_1                  0x08000261   Thumb Code     0  libshutdown2.o(.ARM.Collect$$libshutdown$$00000004)
    __rt_lib_shutdown_fini_1                 0x08000261   Thumb Code     0  libshutdown2.o(.ARM.Collect$$libshutdown$$00000002)
    __rt_lib_shutdown_stdio_2                0x08000261   Thumb Code     0  libshutdown2.o(.ARM.Collect$$libshutdown$$00000005)
    __rt_lib_shutdown_fp_trap_1              0x08000265   Thumb Code     0  libshutdown2.o(.ARM.Collect$$libshutdown$$00000009)
    __rt_lib_shutdown_heap_2                 0x08000265   Thumb Code     0  libshutdown2.o(.ARM.Collect$$libshutdown$$0000000F)
    __rt_lib_shutdown_signal_1               0x08000265   Thumb Code     0  libshutdown2.o(.ARM.Collect$$libshutdown$$0000000C)
    __rt_lib_shutdown_stdio_1                0x08000265   Thumb Code     0  libshutdown2.o(.ARM.Collect$$libshutdown$$00000006)
    __rt_lib_shutdown_user_alloc_1           0x08000265   Thumb Code     0  libshutdown2.o(.ARM.Collect$$libshutdown$$0000000E)
    __rt_lib_shutdown_heap_1                 0x08000269   Thumb Code     0  libshutdown2.o(.ARM.Collect$$libshutdown$$00000011)
    __rt_lib_shutdown_return                 0x08000269   Thumb Code     0  libshutdown2.o(.ARM.Collect$$libshutdown$$00000012)
    __rt_entry                               0x0800026b   Thumb Code     0  __rtentry.o(.ARM.Collect$$rtentry$$00000000)
    __rt_entry_presh_1                       0x0800026b   Thumb Code     0  __rtentry2.o(.ARM.Collect$$rtentry$$00000002)
    __rt_entry_sh                            0x0800026b   Thumb Code     0  __rtentry4.o(.ARM.Collect$$rtentry$$00000004)
    __rt_entry_postsh_1                      0x08000271   Thumb Code     0  __rtentry2.o(.ARM.Collect$$rtentry$$00000008)
    __rt_entry_li                            0x08000279   Thumb Code     0  __rtentry2.o(.ARM.Collect$$rtentry$$0000000A)
    __rt_entry_main                          0x0800027d   Thumb Code     0  __rtentry2.o(.ARM.Collect$$rtentry$$0000000D)
    __rt_entry_postli_1                      0x0800027d   Thumb Code     0  __rtentry2.o(.ARM.Collect$$rtentry$$0000000C)
    __rt_exit                                0x08000285   Thumb Code     0  rtexit.o(.ARM.Collect$$rtexit$$00000000)
    __rt_exit_ls                             0x08000287   Thumb Code     0  rtexit2.o(.ARM.Collect$$rtexit$$00000003)
    __rt_exit_prels_1                        0x08000287   Thumb Code     0  rtexit2.o(.ARM.Collect$$rtexit$$00000002)
    __rt_exit_exit                           0x0800028b   Thumb Code     0  rtexit2.o(.ARM.Collect$$rtexit$$00000004)
    Reset_Handler                            0x08000291   Thumb Code     8  startup_stm32f429xx.o(.text)
    _maybe_terminate_alloc                   0x08000291   Thumb Code     0  maybetermalloc2.o(.emb_text)
    NMI_Handler                              0x08000299   Thumb Code     2  startup_stm32f429xx.o(.text)
    HardFault_Handler                        0x0800029b   Thumb Code     2  startup_stm32f429xx.o(.text)
    MemManage_Handler                        0x0800029d   Thumb Code     2  startup_stm32f429xx.o(.text)
    BusFault_Handler                         0x0800029f   Thumb Code     2  startup_stm32f429xx.o(.text)
    UsageFault_Handler                       0x080002a1   Thumb Code     2  startup_stm32f429xx.o(.text)
    DebugMon_Handler                         0x080002a5   Thumb Code     2  startup_stm32f429xx.o(.text)
    ADC_IRQHandler                           0x080002ab   Thumb Code     0  startup_stm32f429xx.o(.text)
    CAN1_RX0_IRQHandler                      0x080002ab   Thumb Code     0  startup_stm32f429xx.o(.text)
    CAN1_RX1_IRQHandler                      0x080002ab   Thumb Code     0  startup_stm32f429xx.o(.text)
    CAN1_SCE_IRQHandler                      0x080002ab   Thumb Code     0  startup_stm32f429xx.o(.text)
    CAN1_TX_IRQHandler                       0x080002ab   Thumb Code     0  startup_stm32f429xx.o(.text)
    CAN2_RX0_IRQHandler                      0x080002ab   Thumb Code     0  startup_stm32f429xx.o(.text)
    CAN2_RX1_IRQHandler                      0x080002ab   Thumb Code     0  startup_stm32f429xx.o(.text)
    CAN2_SCE_IRQHandler                      0x080002ab   Thumb Code     0  startup_stm32f429xx.o(.text)
    CAN2_TX_IRQHandler                       0x080002ab   Thumb Code     0  startup_stm32f429xx.o(.text)
    DCMI_IRQHandler                          0x080002ab   Thumb Code     0  startup_stm32f429xx.o(.text)
    DMA1_Stream0_IRQHandler                  0x080002ab   Thumb Code     0  startup_stm32f429xx.o(.text)
    DMA1_Stream1_IRQHandler                  0x080002ab   Thumb Code     0  startup_stm32f429xx.o(.text)
    DMA1_Stream2_IRQHandler                  0x080002ab   Thumb Code     0  startup_stm32f429xx.o(.text)
    DMA1_Stream3_IRQHandler                  0x080002ab   Thumb Code     0  startup_stm32f429xx.o(.text)
    DMA1_Stream4_IRQHandler                  0x080002ab   Thumb Code     0  startup_stm32f429xx.o(.text)
    DMA1_Stream5_IRQHandler                  0x080002ab   Thumb Code     0  startup_stm32f429xx.o(.text)
    DMA1_Stream6_IRQHandler                  0x080002ab   Thumb Code     0  startup_stm32f429xx.o(.text)
    DMA1_Stream7_IRQHandler                  0x080002ab   Thumb Code     0  startup_stm32f429xx.o(.text)
    DMA2D_IRQHandler                         0x080002ab   Thumb Code     0  startup_stm32f429xx.o(.text)
    DMA2_Stream0_IRQHandler                  0x080002ab   Thumb Code     0  startup_stm32f429xx.o(.text)
    DMA2_Stream1_IRQHandler                  0x080002ab   Thumb Code     0  startup_stm32f429xx.o(.text)
    DMA2_Stream2_IRQHandler                  0x080002ab   Thumb Code     0  startup_stm32f429xx.o(.text)
    DMA2_Stream3_IRQHandler                  0x080002ab   Thumb Code     0  startup_stm32f429xx.o(.text)
    DMA2_Stream4_IRQHandler                  0x080002ab   Thumb Code     0  startup_stm32f429xx.o(.text)
    DMA2_Stream5_IRQHandler                  0x080002ab   Thumb Code     0  startup_stm32f429xx.o(.text)
    DMA2_Stream6_IRQHandler                  0x080002ab   Thumb Code     0  startup_stm32f429xx.o(.text)
    DMA2_Stream7_IRQHandler                  0x080002ab   Thumb Code     0  startup_stm32f429xx.o(.text)
    ETH_IRQHandler                           0x080002ab   Thumb Code     0  startup_stm32f429xx.o(.text)
    ETH_WKUP_IRQHandler                      0x080002ab   Thumb Code     0  startup_stm32f429xx.o(.text)
    EXTI0_IRQHandler                         0x080002ab   Thumb Code     0  startup_stm32f429xx.o(.text)
    EXTI15_10_IRQHandler                     0x080002ab   Thumb Code     0  startup_stm32f429xx.o(.text)
    EXTI1_IRQHandler                         0x080002ab   Thumb Code     0  startup_stm32f429xx.o(.text)
    EXTI2_IRQHandler                         0x080002ab   Thumb Code     0  startup_stm32f429xx.o(.text)
    EXTI3_IRQHandler                         0x080002ab   Thumb Code     0  startup_stm32f429xx.o(.text)
    EXTI4_IRQHandler                         0x080002ab   Thumb Code     0  startup_stm32f429xx.o(.text)
    EXTI9_5_IRQHandler                       0x080002ab   Thumb Code     0  startup_stm32f429xx.o(.text)
    FLASH_IRQHandler                         0x080002ab   Thumb Code     0  startup_stm32f429xx.o(.text)
    FMC_IRQHandler                           0x080002ab   Thumb Code     0  startup_stm32f429xx.o(.text)
    FPU_IRQHandler                           0x080002ab   Thumb Code     0  startup_stm32f429xx.o(.text)
    HASH_RNG_IRQHandler                      0x080002ab   Thumb Code     0  startup_stm32f429xx.o(.text)
    I2C1_ER_IRQHandler                       0x080002ab   Thumb Code     0  startup_stm32f429xx.o(.text)
    I2C1_EV_IRQHandler                       0x080002ab   Thumb Code     0  startup_stm32f429xx.o(.text)
    I2C2_ER_IRQHandler                       0x080002ab   Thumb Code     0  startup_stm32f429xx.o(.text)
    I2C2_EV_IRQHandler                       0x080002ab   Thumb Code     0  startup_stm32f429xx.o(.text)
    I2C3_ER_IRQHandler                       0x080002ab   Thumb Code     0  startup_stm32f429xx.o(.text)
    I2C3_EV_IRQHandler                       0x080002ab   Thumb Code     0  startup_stm32f429xx.o(.text)
    LTDC_ER_IRQHandler                       0x080002ab   Thumb Code     0  startup_stm32f429xx.o(.text)
    LTDC_IRQHandler                          0x080002ab   Thumb Code     0  startup_stm32f429xx.o(.text)
    OTG_FS_IRQHandler                        0x080002ab   Thumb Code     0  startup_stm32f429xx.o(.text)
    OTG_FS_WKUP_IRQHandler                   0x080002ab   Thumb Code     0  startup_stm32f429xx.o(.text)
    OTG_HS_EP1_IN_IRQHandler                 0x080002ab   Thumb Code     0  startup_stm32f429xx.o(.text)
    OTG_HS_EP1_OUT_IRQHandler                0x080002ab   Thumb Code     0  startup_stm32f429xx.o(.text)
    OTG_HS_IRQHandler                        0x080002ab   Thumb Code     0  startup_stm32f429xx.o(.text)
    OTG_HS_WKUP_IRQHandler                   0x080002ab   Thumb Code     0  startup_stm32f429xx.o(.text)
    PVD_IRQHandler                           0x080002ab   Thumb Code     0  startup_stm32f429xx.o(.text)
    RCC_IRQHandler                           0x080002ab   Thumb Code     0  startup_stm32f429xx.o(.text)
    RTC_WKUP_IRQHandler                      0x080002ab   Thumb Code     0  startup_stm32f429xx.o(.text)
    SAI1_IRQHandler                          0x080002ab   Thumb Code     0  startup_stm32f429xx.o(.text)
    SDIO_IRQHandler                          0x080002ab   Thumb Code     0  startup_stm32f429xx.o(.text)
    SPI2_IRQHandler                          0x080002ab   Thumb Code     0  startup_stm32f429xx.o(.text)
    SPI3_IRQHandler                          0x080002ab   Thumb Code     0  startup_stm32f429xx.o(.text)
    SPI4_IRQHandler                          0x080002ab   Thumb Code     0  startup_stm32f429xx.o(.text)
    SPI5_IRQHandler                          0x080002ab   Thumb Code     0  startup_stm32f429xx.o(.text)
    SPI6_IRQHandler                          0x080002ab   Thumb Code     0  startup_stm32f429xx.o(.text)
    TAMP_STAMP_IRQHandler                    0x080002ab   Thumb Code     0  startup_stm32f429xx.o(.text)
    TIM1_BRK_TIM9_IRQHandler                 0x080002ab   Thumb Code     0  startup_stm32f429xx.o(.text)
    TIM1_CC_IRQHandler                       0x080002ab   Thumb Code     0  startup_stm32f429xx.o(.text)
    TIM1_TRG_COM_TIM11_IRQHandler            0x080002ab   Thumb Code     0  startup_stm32f429xx.o(.text)
    TIM1_UP_TIM10_IRQHandler                 0x080002ab   Thumb Code     0  startup_stm32f429xx.o(.text)
    TIM2_IRQHandler                          0x080002ab   Thumb Code     0  startup_stm32f429xx.o(.text)
    TIM3_IRQHandler                          0x080002ab   Thumb Code     0  startup_stm32f429xx.o(.text)
    TIM4_IRQHandler                          0x080002ab   Thumb Code     0  startup_stm32f429xx.o(.text)
    TIM5_IRQHandler                          0x080002ab   Thumb Code     0  startup_stm32f429xx.o(.text)
    TIM6_DAC_IRQHandler                      0x080002ab   Thumb Code     0  startup_stm32f429xx.o(.text)
    TIM7_IRQHandler                          0x080002ab   Thumb Code     0  startup_stm32f429xx.o(.text)
    TIM8_BRK_TIM12_IRQHandler                0x080002ab   Thumb Code     0  startup_stm32f429xx.o(.text)
    TIM8_CC_IRQHandler                       0x080002ab   Thumb Code     0  startup_stm32f429xx.o(.text)
    TIM8_TRG_COM_TIM14_IRQHandler            0x080002ab   Thumb Code     0  startup_stm32f429xx.o(.text)
    TIM8_UP_TIM13_IRQHandler                 0x080002ab   Thumb Code     0  startup_stm32f429xx.o(.text)
    UART4_IRQHandler                         0x080002ab   Thumb Code     0  startup_stm32f429xx.o(.text)
    UART5_IRQHandler                         0x080002ab   Thumb Code     0  startup_stm32f429xx.o(.text)
    UART7_IRQHandler                         0x080002ab   Thumb Code     0  startup_stm32f429xx.o(.text)
    UART8_IRQHandler                         0x080002ab   Thumb Code     0  startup_stm32f429xx.o(.text)
    USART1_IRQHandler                        0x080002ab   Thumb Code     0  startup_stm32f429xx.o(.text)
    USART2_IRQHandler                        0x080002ab   Thumb Code     0  startup_stm32f429xx.o(.text)
    USART3_IRQHandler                        0x080002ab   Thumb Code     0  startup_stm32f429xx.o(.text)
    USART6_IRQHandler                        0x080002ab   Thumb Code     0  startup_stm32f429xx.o(.text)
    WWDG_IRQHandler                          0x080002ab   Thumb Code     0  startup_stm32f429xx.o(.text)
    __user_initial_stackheap                 0x080002ad   Thumb Code     0  startup_stm32f429xx.o(.text)
    SVC_Handler                              0x080002d1   Thumb Code   154  irq_armv7m.o(.text)
    PendSV_Handler                           0x0800036b   Thumb Code    16  irq_armv7m.o(.text)
    SysTick_Handler                          0x0800037b   Thumb Code    16  irq_armv7m.o(.text)
    __aeabi_uldivmod                         0x08000399   Thumb Code     0  lludivv7m.o(.text)
    _ll_udiv                                 0x08000399   Thumb Code   238  lludivv7m.o(.text)
    __2printf                                0x08000489   Thumb Code    20  noretval__2printf.o(.text)
    __2sprintf                               0x080004a1   Thumb Code    34  noretval__2sprintf.o(.text)
    _printf_pre_padding                      0x080004c9   Thumb Code    44  _printf_pad.o(.text)
    _printf_post_padding                     0x080004f5   Thumb Code    34  _printf_pad.o(.text)
    _printf_int_dec                          0x08000519   Thumb Code   104  _printf_dec.o(.text)
    __printf                                 0x08000591   Thumb Code   308  __printf_flags_wp.o(.text)
    strlen                                   0x080006c9   Thumb Code    62  strlen.o(.text)
    __aeabi_memcpy                           0x08000707   Thumb Code     0  rt_memcpy_v6.o(.text)
    __rt_memcpy                              0x08000707   Thumb Code   138  rt_memcpy_v6.o(.text)
    _memcpy_lastbytes                        0x0800076d   Thumb Code     0  rt_memcpy_v6.o(.text)
    __aeabi_memcpy4                          0x08000791   Thumb Code     0  rt_memcpy_w.o(.text)
    __aeabi_memcpy8                          0x08000791   Thumb Code     0  rt_memcpy_w.o(.text)
    __rt_memcpy_w                            0x08000791   Thumb Code   100  rt_memcpy_w.o(.text)
    _memcpy_lastbytes_aligned                0x080007d9   Thumb Code     0  rt_memcpy_w.o(.text)
    __aeabi_memclr                           0x080007f5   Thumb Code     0  rt_memclr.o(.text)
    __rt_memclr                              0x080007f5   Thumb Code    68  rt_memclr.o(.text)
    _memset                                  0x080007f9   Thumb Code     0  rt_memclr.o(.text)
    __aeabi_memclr4                          0x08000839   Thumb Code     0  rt_memclr_w.o(.text)
    __aeabi_memclr8                          0x08000839   Thumb Code     0  rt_memclr_w.o(.text)
    __rt_memclr_w                            0x08000839   Thumb Code    78  rt_memclr_w.o(.text)
    _memset_w                                0x0800083d   Thumb Code     0  rt_memclr_w.o(.text)
    strcmp                                   0x08000889   Thumb Code   128  strcmpv7m.o(.text)
    __use_two_region_memory                  0x08000909   Thumb Code     2  heapauxi.o(.text)
    __rt_heap_escrow                         0x0800090b   Thumb Code     2  heapauxi.o(.text)
    __rt_heap_expand                         0x0800090d   Thumb Code     2  heapauxi.o(.text)
    _printf_int_common                       0x0800090f   Thumb Code   178  _printf_intcommon.o(.text)
    _printf_char_common                      0x080009cb   Thumb Code    32  _printf_char_common.o(.text)
    _sputc                                   0x080009f1   Thumb Code    10  _sputc.o(.text)
    _initio                                  0x080009fd   Thumb Code   240  initio_locked.o(.text)
    _terminateio                             0x08000aed   Thumb Code   168  initio_locked.o(.text)
    __user_setup_stackheap                   0x08000bc5   Thumb Code    74  sys_stackheap_outer.o(.text)
    _free_internal                           0x08000c0f   Thumb Code    98  h1_free_mt.o(.text)
    free                                     0x08000c71   Thumb Code    20  h1_free_mt.o(.text)
    __flsbuf                                 0x08000c85   Thumb Code   470  flsbuf.o(.text)
    __flsbuf_byte                            0x08000c85   Thumb Code     0  flsbuf.o(.text)
    __flsbuf_wide                            0x08000c85   Thumb Code     0  flsbuf.o(.text)
    _fclose_internal                         0x08000e5b   Thumb Code    76  fclose.o(.text)
    fclose                                   0x08000e5b   Thumb Code     0  fclose.o(.text)
    setvbuf                                  0x08000ea7   Thumb Code   104  setvbuf_locked.o(.text)
    freopen                                  0x08000fbf   Thumb Code    42  fopen_locked.o(.text)
    _fopen$locked                            0x08000fe9   Thumb Code   100  fopen_locked.o(.text)
    exit                                     0x08001055   Thumb Code    18  exit.o(.text)
    __rt_SIGRTRED                            0x08001067   Thumb Code    14  defsig_rtred_outer.o(.text)
    __user_libspace                          0x08001075   Thumb Code     8  libspace.o(.text)
    __user_perproc_libspace                  0x08001075   Thumb Code     0  libspace.o(.text)
    __rt_heap_descriptor                     0x0800107d   Thumb Code    10  rt_heap_descriptor_twolibspace.o(.text)
    __use_no_heap                            0x08001087   Thumb Code     2  hguard.o(.text)
    __heap$guard                             0x08001089   Thumb Code     2  hguard.o(.text)
    _terminate_user_alloc                    0x0800108b   Thumb Code     2  init_alloc.o(.text)
    _init_user_alloc                         0x0800108d   Thumb Code     2  init_alloc.o(.text)
    __Heap_Full                              0x0800108f   Thumb Code    34  init_alloc.o(.text)
    __Heap_Broken                            0x080010b1   Thumb Code     6  init_alloc.o(.text)
    _init_alloc                              0x080010b7   Thumb Code    94  init_alloc.o(.text)
    _malloc_internal                         0x0800111d   Thumb Code   130  h1_alloc_mt.o(.text)
    malloc                                   0x0800119f   Thumb Code    20  h1_alloc_mt.o(.text)
    _printf_char_file                        0x080011b5   Thumb Code    58  _printf_char_file_locked.o(.text)
    _fseek                                   0x080011f5   Thumb Code   242  fseek.o(.text)
    fseek                                    0x080011f5   Thumb Code     0  fseek.o(.text)
    _seterr                                  0x080012ed   Thumb Code    20  stdio.o(.text)
    _writebuf                                0x08001301   Thumb Code    84  stdio.o(.text)
    _fflush                                  0x08001355   Thumb Code    70  stdio.o(.text)
    _deferredlazyseek                        0x0800139b   Thumb Code    60  stdio.o(.text)
    __sig_exit                               0x080013dd   Thumb Code    10  defsig_exit.o(.text)
    __rt_SIGRTRED_inner                      0x080013e9   Thumb Code    14  defsig_rtred_inner.o(.text)
    _sys_exit                                0x0800141d   Thumb Code     8  sys_exit.o(.text)
    __Heap_Initialize                        0x08001429   Thumb Code    14  h1_init_mt.o(.text)
    __Heap_DescSize                          0x08001437   Thumb Code     4  h1_init_mt.o(.text)
    __Heap_ProvideMemory                     0x0800143b   Thumb Code    62  h1_extend_mt.o(.text)
    _ftell_internal                          0x08001479   Thumb Code    66  ftell.o(.text)
    ftell                                    0x08001479   Thumb Code     0  ftell.o(.text)
    __default_signal_display                 0x080014bb   Thumb Code    50  defsig_general.o(.text)
    __rt_SIGRTMEM                            0x080014ed   Thumb Code    14  defsig_rtmem_outer.o(.text)
    _ttywrch                                 0x080014fb   Thumb Code    14  sys_wrch.o(.text)
    __I$use$semihosting                      0x08001509   Thumb Code     0  use_no_semi.o(.text)
    __use_no_semihosting_swi                 0x08001509   Thumb Code     2  use_no_semi.o(.text)
    __aeabi_errno_addr                       0x0800150b   Thumb Code     4  rt_errno_addr_twolibspace.o(.text)
    __errno$twolibspace                      0x0800150b   Thumb Code     0  rt_errno_addr_twolibspace.o(.text)
    __rt_errno_addr$twolibspace              0x0800150b   Thumb Code     0  rt_errno_addr_twolibspace.o(.text)
    __semihosting_library_function           0x0800150b   Thumb Code     0  indicate_semi.o(.text)
    _terminate_alloc                         0x0800150f   Thumb Code    16  term_alloc.o(.text)
    __rt_SIGRTMEM_inner                      0x08001521   Thumb Code    22  defsig_rtmem_inner.o(.text)
    __Heap_Finalize                          0x08001571   Thumb Code    10  h1_final_mt.o(.text)
    OS_Tick_AcknowledgeIRQ                   0x08001631   Thumb Code     8  os_systick.o(.text.OS_Tick_AcknowledgeIRQ)
    OS_Tick_Enable                           0x0800163d   Thumb Code    32  os_systick.o(.text.OS_Tick_Enable)
    OS_Tick_GetIRQn                          0x08001669   Thumb Code     6  os_systick.o(.text.OS_Tick_GetIRQn)
    OS_Tick_Setup                            0x08001671   Thumb Code    48  os_systick.o(.text.OS_Tick_Setup)
    osDelay                                  0x080017a9   Thumb Code    32  rtx_delay.o(.text.osDelay)
    osKernelGetState                         0x080017cd   Thumb Code    40  rtx_kernel.o(.text.osKernelGetState)
    osKernelGetTickCount                     0x080017fd   Thumb Code    32  rtx_kernel.o(.text.osKernelGetTickCount)
    osKernelInitialize                       0x08001825   Thumb Code    40  rtx_kernel.o(.text.osKernelInitialize)
    osKernelStart                            0x08001851   Thumb Code    32  rtx_kernel.o(.text.osKernelStart)
    osMessageQueueGet                        0x08001875   Thumb Code   108  rtx_msgqueue.o(.text.osMessageQueueGet)
    osMessageQueuePut                        0x080018e5   Thumb Code   124  rtx_msgqueue.o(.text.osMessageQueuePut)
    osMutexAcquire                           0x08001965   Thumb Code    32  rtx_mutex.o(.text.osMutexAcquire)
    osMutexDelete                            0x08001989   Thumb Code    32  rtx_mutex.o(.text.osMutexDelete)
    osMutexNew                               0x080019ad   Thumb Code    32  rtx_mutex.o(.text.osMutexNew)
    osMutexRelease                           0x080019d1   Thumb Code    32  rtx_mutex.o(.text.osMutexRelease)
    osRtxKernelErrorNotify                   0x080019f5   Thumb Code     4  rtx_kernel.o(.text.osRtxKernelErrorNotify)
    osRtxKernelPreInit                       0x080019f9   Thumb Code     2  rtx_kernel.o(.text.osRtxKernelPreInit)
    osRtxMemoryAlloc                         0x080019fb   Thumb Code   108  rtx_memory.o(.text.osRtxMemoryAlloc)
    osRtxMemoryFree                          0x08001a67   Thumb Code    66  rtx_memory.o(.text.osRtxMemoryFree)
    osRtxMemoryInit                          0x08001aa9   Thumb Code    54  rtx_memory.o(.text.osRtxMemoryInit)
    osRtxMemoryPoolAlloc                     0x08001adf   Thumb Code    58  rtx_mempool.o(.text.osRtxMemoryPoolAlloc)
    osRtxMemoryPoolFree                      0x08001b19   Thumb Code    74  rtx_mempool.o(.text.osRtxMemoryPoolFree)
    osRtxMemoryPoolInit                      0x08001b63   Thumb Code    56  rtx_mempool.o(.text.osRtxMemoryPoolInit)
    osRtxMessageQueueTimerSetup              0x08001c45   Thumb Code    32  rtx_msgqueue.o(.text.osRtxMessageQueueTimerSetup)
    osRtxMutexOwnerRelease                   0x08001c6d   Thumb Code    72  rtx_mutex.o(.text.osRtxMutexOwnerRelease)
    osRtxMutexOwnerRestore                   0x08001cb5   Thumb Code    66  rtx_mutex.o(.text.osRtxMutexOwnerRestore)
    osRtxPendSV_Handler                      0x08001cf9   Thumb Code   136  rtx_system.o(.text.osRtxPendSV_Handler)
    osRtxPostProcess                         0x08001d85   Thumb Code   108  rtx_system.o(.text.osRtxPostProcess)
    osRtxThreadDelayTick                     0x08001ef1   Thumb Code    72  rtx_thread.o(.text.osRtxThreadDelayTick)
    osRtxThreadDispatch                      0x08001f61   Thumb Code    80  rtx_thread.o(.text.osRtxThreadDispatch)
    osRtxThreadListGet                       0x0800202b   Thumb Code    18  rtx_thread.o(.text.osRtxThreadListGet)
    osRtxThreadListPut                       0x0800203d   Thumb Code    44  rtx_thread.o(.text.osRtxThreadListPut)
    osRtxThreadListRemove                    0x08002069   Thumb Code    20  rtx_thread.o(.text.osRtxThreadListRemove)
    osRtxThreadListSort                      0x08002089   Thumb Code    38  rtx_thread.o(.text.osRtxThreadListSort)
    osRtxThreadReadyPut                      0x080020d9   Thumb Code    16  rtx_thread.o(.text.osRtxThreadReadyPut)
    osRtxThreadRegPtr                        0x080020ed   Thumb Code    20  rtx_thread.o(.text.osRtxThreadRegPtr)
    osRtxThreadStartup                       0x08002101   Thumb Code    48  rtx_thread.o(.text.osRtxThreadStartup)
    osRtxThreadSwitch                        0x0800213d   Thumb Code    12  rtx_thread.o(.text.osRtxThreadSwitch)
    osRtxThreadWaitEnter                     0x0800214d   Thumb Code    56  rtx_thread.o(.text.osRtxThreadWaitEnter)
    osRtxThreadWaitExit                      0x08002189   Thumb Code    48  rtx_thread.o(.text.osRtxThreadWaitExit)
    osRtxTick_Handler                        0x080021b9   Thumb Code   116  rtx_system.o(.text.osRtxTick_Handler)
    osRtxTimerSetup                          0x08002231   Thumb Code    24  rtx_timer.o(.text.osRtxTimerSetup)
    osRtxTimerThread                         0x08002251   Thumb Code    32  rtx_timer.o(.text.osRtxTimerThread)
    osThreadExit                             0x080022e1   Thumb Code     8  rtx_thread.o(.text.osThreadExit)
    osThreadFlagsSet                         0x080022ed   Thumb Code    84  rtx_thread.o(.text.osThreadFlagsSet)
    osThreadFlagsWait                        0x08002345   Thumb Code    32  rtx_thread.o(.text.osThreadFlagsWait)
    osThreadGetId                            0x08002369   Thumb Code    32  rtx_thread.o(.text.osThreadGetId)
    osThreadNew                              0x08002391   Thumb Code    32  rtx_thread.o(.text.osThreadNew)
    osThreadYield                            0x080023b5   Thumb Code    32  rtx_thread.o(.text.osThreadYield)
    osTimerNew                               0x080023d9   Thumb Code    32  rtx_timer.o(.text.osTimerNew)
    osTimerStart                             0x080023fd   Thumb Code    32  rtx_timer.o(.text.osTimerStart)
    osTimerStop                              0x08002421   Thumb Code    32  rtx_timer.o(.text.osTimerStop)
    HAL_DMA_Abort_IT                         0x08003299   Thumb Code    40  stm32f4xx_hal_dma.o(i.HAL_DMA_Abort_IT)
    HAL_GPIO_DeInit                          0x080032c1   Thumb Code   336  stm32f4xx_hal_gpio.o(i.HAL_GPIO_DeInit)
    HAL_GPIO_Init                            0x08003441   Thumb Code   486  stm32f4xx_hal_gpio.o(i.HAL_GPIO_Init)
    HAL_GPIO_TogglePin                       0x0800365d   Thumb Code    18  stm32f4xx_hal_gpio.o(i.HAL_GPIO_TogglePin)
    HAL_GPIO_WritePin                        0x0800366f   Thumb Code    12  stm32f4xx_hal_gpio.o(i.HAL_GPIO_WritePin)
    HAL_GetREVID                             0x0800367d   Thumb Code     8  stm32f4xx_hal.o(i.HAL_GetREVID)
    HAL_GetTick                              0x08003689   Thumb Code    66  main.o(i.HAL_GetTick)
    HAL_Init                                 0x080036d5   Thumb Code    44  stm32f4xx_hal.o(i.HAL_Init)
    HAL_InitTick                             0x08003705   Thumb Code    64  stm32f4xx_hal.o(i.HAL_InitTick)
    HAL_MspInit                              0x08003751   Thumb Code     2  stm32f4xx_hal.o(i.HAL_MspInit)
    HAL_NVIC_DisableIRQ                      0x08003755   Thumb Code    38  stm32f4xx_hal_cortex.o(i.HAL_NVIC_DisableIRQ)
    HAL_NVIC_EnableIRQ                       0x08003781   Thumb Code    40  stm32f4xx_hal_cortex.o(i.HAL_NVIC_EnableIRQ)
    HAL_NVIC_SetPriority                     0x080037a9   Thumb Code   124  stm32f4xx_hal_cortex.o(i.HAL_NVIC_SetPriority)
    HAL_NVIC_SetPriorityGrouping             0x08003825   Thumb Code    32  stm32f4xx_hal_cortex.o(i.HAL_NVIC_SetPriorityGrouping)
    HAL_PWR_EnableBkUpAccess                 0x0800384d   Thumb Code     8  stm32f4xx_hal_pwr.o(i.HAL_PWR_EnableBkUpAccess)
    HAL_RCC_ClockConfig                      0x08003859   Thumb Code   368  stm32f4xx_hal_rcc.o(i.HAL_RCC_ClockConfig)
    HAL_RCC_GetHCLKFreq                      0x080039dd   Thumb Code     6  stm32f4xx_hal_rcc.o(i.HAL_RCC_GetHCLKFreq)
    HAL_RCC_GetPCLK2Freq                     0x080039e9   Thumb Code    22  stm32f4xx_hal_rcc.o(i.HAL_RCC_GetPCLK2Freq)
    HAL_RCC_GetSysClockFreq                  0x08003a09   Thumb Code   162  stm32f4xx_hal_rcc.o(i.HAL_RCC_GetSysClockFreq)
    HAL_RCC_OscConfig                        0x08003ab9   Thumb Code  1152  stm32f4xx_hal_rcc.o(i.HAL_RCC_OscConfig)
    HAL_RTCEx_AlarmBEventCallback            0x08003f41   Thumb Code     2  stm32f4xx_hal_rtc_ex.o(i.HAL_RTCEx_AlarmBEventCallback)
    HAL_RTC_AlarmAEventCallback              0x08003f43   Thumb Code     2  stm32f4xx_hal_rtc.o(i.HAL_RTC_AlarmAEventCallback)
    HAL_RTC_AlarmIRQHandler                  0x08003f45   Thumb Code   102  stm32f4xx_hal_rtc.o(i.HAL_RTC_AlarmIRQHandler)
    HAL_RTC_GetDate                          0x08003fb1   Thumb Code    72  stm32f4xx_hal_rtc.o(i.HAL_RTC_GetDate)
    HAL_RTC_GetTime                          0x08003ffd   Thumb Code    92  stm32f4xx_hal_rtc.o(i.HAL_RTC_GetTime)
    HAL_RTC_Init                             0x0800405d   Thumb Code   212  stm32f4xx_hal_rtc.o(i.HAL_RTC_Init)
    HAL_RTC_MspInit                          0x08004135   Thumb Code     2  stm32f4xx_hal_rtc.o(i.HAL_RTC_MspInit)
    HAL_RTC_SetAlarm_IT                      0x08004139   Thumb Code   512  stm32f4xx_hal_rtc.o(i.HAL_RTC_SetAlarm_IT)
    HAL_RTC_SetDate                          0x08004341   Thumb Code   254  stm32f4xx_hal_rtc.o(i.HAL_RTC_SetDate)
    HAL_RTC_SetTime                          0x08004445   Thumb Code   296  stm32f4xx_hal_rtc.o(i.HAL_RTC_SetTime)
    HAL_RTC_WaitForSynchro                   0x08004571   Thumb Code    58  stm32f4xx_hal_rtc.o(i.HAL_RTC_WaitForSynchro)
    HAL_SYSTICK_Config                       0x080045ab   Thumb Code    52  stm32f4xx_hal_cortex.o(i.HAL_SYSTICK_Config)
    HAL_TIM_Base_DeInit                      0x080045df   Thumb Code    70  stm32f4xx_hal_tim.o(i.HAL_TIM_Base_DeInit)
    HAL_TIM_Base_Init                        0x08004625   Thumb Code    52  stm32f4xx_hal_tim.o(i.HAL_TIM_Base_Init)
    HAL_TIM_Base_MspDeInit                   0x08004659   Thumb Code     2  stm32f4xx_hal_tim.o(i.HAL_TIM_Base_MspDeInit)
    HAL_TIM_Base_MspInit                     0x0800465b   Thumb Code     2  stm32f4xx_hal_tim.o(i.HAL_TIM_Base_MspInit)
    HAL_TIM_Base_Start                       0x0800465d   Thumb Code    42  stm32f4xx_hal_tim.o(i.HAL_TIM_Base_Start)
    HAL_TIM_Base_Stop                        0x08004687   Thumb Code    56  stm32f4xx_hal_tim.o(i.HAL_TIM_Base_Stop)
    ITM_SendChar                             0x080046c1   Thumb Code    42  retarget_io.o(i.ITM_SendChar)
    Init_ThAlarm                             0x080046f1   Thumb Code    32  thalarm.o(i.Init_ThAlarm)
    Init_ThLCD                               0x08004719   Thumb Code    32  thlcd.o(i.Init_ThLCD)
    Init_Timer5                              0x08004741   Thumb Code    28  rtc.o(i.Init_Timer5)
    Init_Timer_500                           0x08004769   Thumb Code    28  rtc.o(i.Init_Timer_500)
    LCD_Init                                 0x08004791   Thumb Code    76  lcd.o(i.LCD_Init)
    LCD_escribir_linea                       0x080047dd   Thumb Code    80  lcd.o(i.LCD_escribir_linea)
    LCD_reset                                0x08004835   Thumb Code   256  lcd.o(i.LCD_reset)
    LCD_symbolToLocalBuffer_L1               0x08004951   Thumb Code    90  lcd.o(i.LCD_symbolToLocalBuffer_L1)
    LCD_symbolToLocalBuffer_L2               0x080049b9   Thumb Code    90  lcd.o(i.LCD_symbolToLocalBuffer_L2)
    LCD_update                               0x08004a21   Thumb Code   156  lcd.o(i.LCD_update)
    LCD_wr_cmd                               0x08004ac1   Thumb Code    80  lcd.o(i.LCD_wr_cmd)
    LCD_wr_data                              0x08004b1d   Thumb Code    78  lcd.o(i.LCD_wr_data)
    LED_Initialize                           0x08004b79   Thumb Code   224  conf_leds.o(i.LED_Initialize)
    RTC_Alarm_IRQHandler                     0x08004c65   Thumb Code    24  rtc.o(i.RTC_Alarm_IRQHandler)
    RTC_Bcd2ToByte                           0x08004c85   Thumb Code    22  stm32f4xx_hal_rtc.o(i.RTC_Bcd2ToByte)
    RTC_ByteToBcd2                           0x08004c9b   Thumb Code    26  stm32f4xx_hal_rtc.o(i.RTC_ByteToBcd2)
    RTC_EnterInitMode                        0x08004cb5   Thumb Code    62  stm32f4xx_hal_rtc.o(i.RTC_EnterInitMode)
    SPI1_IRQHandler                          0x08004d2d   Thumb Code    10  spi_stm32f4xx.o(i.SPI1_IRQHandler)
    SystemCoreClockUpdate                    0x08005a75   Thumb Code   170  system_stm32f4xx.o(i.SystemCoreClockUpdate)
    SystemInit                               0x08005b35   Thumb Code    24  system_stm32f4xx.o(i.SystemInit)
    TIM_Base_SetConfig                       0x08005b51   Thumb Code   170  stm32f4xx_hal_tim.o(i.TIM_Base_SetConfig)
    ThAlarm                                  0x08005c29   Thumb Code    52  thalarm.o(i.ThAlarm)
    ThLCD                                    0x08005c65   Thumb Code    58  thlcd.o(i.ThLCD)
    __user_perthread_libspace                0x08005d01   Thumb Code    80  rtx_lib.o(i.__user_perthread_libspace)
    _is_digit                                0x08005d59   Thumb Code    14  __printf_wp.o(i._is_digit)
    _mutex_acquire                           0x08005d67   Thumb Code    22  rtx_lib.o(i._mutex_acquire)
    _mutex_free                              0x08005d7d   Thumb Code    12  rtx_lib.o(i._mutex_free)
    _mutex_initialize                        0x08005d89   Thumb Code    34  rtx_lib.o(i._mutex_initialize)
    _mutex_release                           0x08005dab   Thumb Code    18  rtx_lib.o(i._mutex_release)
    _platform_post_stackheap_init            0x08005dbd   Thumb Code     8  rtx_lib.o(i._platform_post_stackheap_init)
    _sys_close                               0x08005dc5   Thumb Code    38  retarget_io.o(i._sys_close)
    _sys_flen                                0x08005deb   Thumb Code    36  retarget_io.o(i._sys_flen)
    _sys_istty                               0x08005e0f   Thumb Code    36  retarget_io.o(i._sys_istty)
    _sys_open                                0x08005e35   Thumb Code    80  retarget_io.o(i._sys_open)
    _sys_seek                                0x08005e9d   Thumb Code    44  retarget_io.o(i._sys_seek)
    _sys_write                               0x08005ec9   Thumb Code    88  retarget_io.o(i._sys_write)
    delay                                    0x08005f21   Thumb Code   108  lcd.o(i.delay)
    _fputc$unlocked                          0x08005f99   Thumb Code    26  fputc.o(i.fputc)
    get_tiempo_fecha                         0x08005fb5   Thumb Code    82  rtc.o(i.get_tiempo_fecha)
    init_RTC                                 0x08006049   Thumb Code   130  rtc.o(i.init_RTC)
    main                                     0x08006105   Thumb Code    62  main.o(i.main)
    osRtxErrorNotify                         0x08006143   Thumb Code    32  rtx_config.o(i.osRtxErrorNotify)
    osRtxIdleThread                          0x08006163   Thumb Code     4  rtx_config.o(i.osRtxIdleThread)
    set_alarm                                0x08006189   Thumb Code   132  rtc.o(i.set_alarm)
    set_dia_hora                             0x08006255   Thumb Code    90  rtc.o(i.set_dia_hora)
    _fp_init                                 0x08006341   Thumb Code    10  fpinit.o(x$fpl$fpinit)
    __fplib_config_fpu_vfp                   0x08006349   Thumb Code     0  fpinit.o(x$fpl$fpinit)
    __fplib_config_pureend_doubles           0x08006349   Thumb Code     0  fpinit.o(x$fpl$fpinit)
    Arial12x12                               0x0800634a   Data        2400  lcd.o(.constdata)
    irqRtxLibRef                             0x08006d0c   Data           4  rtx_lib.o(.constdata)
    osRtxUserSVC                             0x08006d10   Data           4  rtx_lib.o(.constdata)
    Driver_SPI1                              0x08006d68   Data          44  spi_stm32f4xx.o(.constdata)
    __stdin_name                             0x08006d94   Data           7  retarget_io.o(.constdata)
    __stdout_name                            0x08006d9b   Data           8  retarget_io.o(.constdata)
    __stderr_name                            0x08006da3   Data           8  retarget_io.o(.constdata)
    AHBPrescTable                            0x08006dab   Data          16  system_stm32f4xx.o(.constdata)
    APBPrescTable                            0x08006dbb   Data           8  system_stm32f4xx.o(.constdata)
    osRtxConfig                              0x08006dd4   Data         112  rtx_lib.o(.rodata)
    os_cb_sections                           0x08006e44   Data          56  rtx_lib.o(.rodata)
    irqRtxLib                                0x08006e7c   Number         0  irq_armv7m.o(.rodata)
    Region$$Table$$Base                      0x08006e8c   Number         0  anon$$obj.o(Region$$Table)
    Region$$Table$$Limit                     0x08006eac   Number         0  anon$$obj.o(Region$$Table)
    .bss.os.msgqueue.cb$$Base                0x20008230   Number         0  rtx_lib.o(.bss.os.msgqueue.cb)
    .bss.os.msgqueue.cb$$Limit               0x20008264   Number         0  rtx_lib.o(.bss.os.msgqueue.cb)
    .bss.os.thread.cb$$Base                  0x200082b4   Number         0  rtx_lib.o(.bss.os.thread.cb)
    .bss.os.thread.cb$$Limit                 0x2000833c   Number         0  rtx_lib.o(.bss.os.thread.cb)
    positionL1                               0x20008744   Data           4  lcd.o(.data)
    positionL2                               0x20008748   Data           4  lcd.o(.data)
    SPIdrv                                   0x2000874c   Data           4  lcd.o(.data)
    sdatestructure                           0x20008750   Data           4  rtc.o(.data)
    tim_500ms                                0x20008754   Data           4  rtc.o(.data)
    tim_5s                                   0x2000875c   Data           4  rtc.o(.data)
    tid_ThLCD                                0x20008764   Data           4  thlcd.o(.data)
    tid_ThAlarm                              0x20008768   Data           4  thalarm.o(.data)
    uwTick                                   0x20008770   Data           4  stm32f4xx_hal.o(.data)
    uwTickPrio                               0x20008774   Data           4  stm32f4xx_hal.o(.data)
    uwTickFreq                               0x20008778   Data           1  stm32f4xx_hal.o(.data)
    SystemCoreClock                          0x2000877c   Data           4  system_stm32f4xx.o(.data)
    __aeabi_stdin                            0x20008780   Data           4  stdio_streams.o(.data)
    __aeabi_stdout                           0x20008784   Data           4  stdio_streams.o(.data)
    __aeabi_stderr                           0x20008788   Data           4  stdio_streams.o(.data)
    _stream_list_lock                        0x2000878c   Data           4  streamlock.o(.data)
    osRtxInfo                                0x20008790   Data         164  rtx_kernel.o(.data.os)
    GPIO_InitStruct                          0x20008834   Data          20  lcd.o(.bss)
    htim7                                    0x20008848   Data          64  lcd.o(.bss)
    buffer                                   0x20008888   Data         512  lcd.o(.bss)
    RtcHandle                                0x20008a88   Data          32  rtc.o(.bss)
    stimestructure                           0x20008aa8   Data          20  rtc.o(.bss)
    alarmRtc                                 0x20008abc   Data          40  rtc.o(.bss)
    __stdin                                  0x20008b10   Data          84  stdio_streams.o(.bss)
    __stdout                                 0x20008b64   Data          84  stdio_streams.o(.bss)
    __stderr                                 0x20008bb8   Data          84  stdio_streams.o(.bss)
    __libspace_start                         0x20008c0c   Data          96  libspace.o(.bss)
    __temporary_stack_top$libspace           0x20008c6c   Data           0  libspace.o(.bss)



==============================================================================

Memory Map of the image

  Image Entry point : 0x080001ad

  Load Region LR_IROM1 (Base: 0x08000000, Size: 0x0000f6e0, Max: 0x00200000, ABSOLUTE, COMPRESSED[0x00006fd8])

    Execution Region ER_IROM1 (Exec base: 0x08000000, Load base: 0x08000000, Size: 0x00006eac, Max: 0x00200000, ABSOLUTE)

    Exec Addr    Load Addr    Size         Type   Attr      Idx    E Section Name        Object

    0x08000000   0x08000000   0x000001ac   Data   RO         3425    RESET               startup_stm32f429xx.o
    0x080001ac   0x080001ac   0x00000008   Code   RO         4007  * !!!main             c_w.l(__main.o)
    0x080001b4   0x080001b4   0x00000034   Code   RO         4361    !!!scatter          c_w.l(__scatter.o)
    0x080001e8   0x080001e8   0x0000003a   Code   RO         4359    !!dczerorl          c_w.l(__dczerorl.o)
    0x08000222   0x08000222   0x00000002   PAD
    0x08000224   0x08000224   0x0000001c   Code   RO         4363    !!handler_zi        c_w.l(__scatter_zi.o)
    0x08000240   0x08000240   0x00000000   Code   RO         3992    .ARM.Collect$$_printf_percent$$00000000  c_w.l(_printf_percent.o)
    0x08000240   0x08000240   0x00000006   Code   RO         3991    .ARM.Collect$$_printf_percent$$00000009  c_w.l(_printf_d.o)
    0x08000246   0x08000246   0x00000004   Code   RO         4022    .ARM.Collect$$_printf_percent$$00000017  c_w.l(_printf_percent_end.o)
    0x0800024a   0x0800024a   0x00000002   Code   RO         4146    .ARM.Collect$$libinit$$00000000  c_w.l(libinit.o)
    0x0800024c   0x0800024c   0x00000004   Code   RO         4147    .ARM.Collect$$libinit$$00000001  c_w.l(libinit2.o)
    0x08000250   0x08000250   0x00000000   Code   RO         4150    .ARM.Collect$$libinit$$00000004  c_w.l(libinit2.o)
    0x08000250   0x08000250   0x00000008   Code   RO         4151    .ARM.Collect$$libinit$$00000005  c_w.l(libinit2.o)
    0x08000258   0x08000258   0x00000000   Code   RO         4153    .ARM.Collect$$libinit$$0000000A  c_w.l(libinit2.o)
    0x08000258   0x08000258   0x00000000   Code   RO         4155    .ARM.Collect$$libinit$$0000000C  c_w.l(libinit2.o)
    0x08000258   0x08000258   0x00000000   Code   RO         4157    .ARM.Collect$$libinit$$0000000E  c_w.l(libinit2.o)
    0x08000258   0x08000258   0x00000000   Code   RO         4160    .ARM.Collect$$libinit$$00000011  c_w.l(libinit2.o)
    0x08000258   0x08000258   0x00000000   Code   RO         4162    .ARM.Collect$$libinit$$00000013  c_w.l(libinit2.o)
    0x08000258   0x08000258   0x00000000   Code   RO         4164    .ARM.Collect$$libinit$$00000015  c_w.l(libinit2.o)
    0x08000258   0x08000258   0x00000000   Code   RO         4166    .ARM.Collect$$libinit$$00000017  c_w.l(libinit2.o)
    0x08000258   0x08000258   0x00000000   Code   RO         4168    .ARM.Collect$$libinit$$00000019  c_w.l(libinit2.o)
    0x08000258   0x08000258   0x00000000   Code   RO         4170    .ARM.Collect$$libinit$$0000001B  c_w.l(libinit2.o)
    0x08000258   0x08000258   0x00000000   Code   RO         4172    .ARM.Collect$$libinit$$0000001D  c_w.l(libinit2.o)
    0x08000258   0x08000258   0x00000000   Code   RO         4174    .ARM.Collect$$libinit$$0000001F  c_w.l(libinit2.o)
    0x08000258   0x08000258   0x00000000   Code   RO         4176    .ARM.Collect$$libinit$$00000021  c_w.l(libinit2.o)
    0x08000258   0x08000258   0x00000000   Code   RO         4178    .ARM.Collect$$libinit$$00000023  c_w.l(libinit2.o)
    0x08000258   0x08000258   0x00000004   Code   RO         4179    .ARM.Collect$$libinit$$00000024  c_w.l(libinit2.o)
    0x0800025c   0x0800025c   0x00000000   Code   RO         4180    .ARM.Collect$$libinit$$00000025  c_w.l(libinit2.o)
    0x0800025c   0x0800025c   0x00000000   Code   RO         4184    .ARM.Collect$$libinit$$0000002C  c_w.l(libinit2.o)
    0x0800025c   0x0800025c   0x00000000   Code   RO         4186    .ARM.Collect$$libinit$$0000002E  c_w.l(libinit2.o)
    0x0800025c   0x0800025c   0x00000000   Code   RO         4188    .ARM.Collect$$libinit$$00000030  c_w.l(libinit2.o)
    0x0800025c   0x0800025c   0x00000000   Code   RO         4190    .ARM.Collect$$libinit$$00000032  c_w.l(libinit2.o)
    0x0800025c   0x0800025c   0x00000002   Code   RO         4191    .ARM.Collect$$libinit$$00000033  c_w.l(libinit2.o)
    0x0800025e   0x0800025e   0x00000002   Code   RO         4340    .ARM.Collect$$libshutdown$$00000000  c_w.l(libshutdown.o)
    0x08000260   0x08000260   0x00000000   Code   RO         4193    .ARM.Collect$$libshutdown$$00000002  c_w.l(libshutdown2.o)
    0x08000260   0x08000260   0x00000000   Code   RO         4195    .ARM.Collect$$libshutdown$$00000004  c_w.l(libshutdown2.o)
    0x08000260   0x08000260   0x00000004   Code   RO         4196    .ARM.Collect$$libshutdown$$00000005  c_w.l(libshutdown2.o)
    0x08000264   0x08000264   0x00000000   Code   RO         4197    .ARM.Collect$$libshutdown$$00000006  c_w.l(libshutdown2.o)
    0x08000264   0x08000264   0x00000000   Code   RO         4200    .ARM.Collect$$libshutdown$$00000009  c_w.l(libshutdown2.o)
    0x08000264   0x08000264   0x00000000   Code   RO         4203    .ARM.Collect$$libshutdown$$0000000C  c_w.l(libshutdown2.o)
    0x08000264   0x08000264   0x00000000   Code   RO         4205    .ARM.Collect$$libshutdown$$0000000E  c_w.l(libshutdown2.o)
    0x08000264   0x08000264   0x00000004   Code   RO         4206    .ARM.Collect$$libshutdown$$0000000F  c_w.l(libshutdown2.o)
    0x08000268   0x08000268   0x00000000   Code   RO         4208    .ARM.Collect$$libshutdown$$00000011  c_w.l(libshutdown2.o)
    0x08000268   0x08000268   0x00000002   Code   RO         4209    .ARM.Collect$$libshutdown$$00000012  c_w.l(libshutdown2.o)
    0x0800026a   0x0800026a   0x00000000   Code   RO         4009    .ARM.Collect$$rtentry$$00000000  c_w.l(__rtentry.o)
    0x0800026a   0x0800026a   0x00000000   Code   RO         4030    .ARM.Collect$$rtentry$$00000002  c_w.l(__rtentry2.o)
    0x0800026a   0x0800026a   0x00000006   Code   RO         4042    .ARM.Collect$$rtentry$$00000004  c_w.l(__rtentry4.o)
    0x08000270   0x08000270   0x00000008   Code   RO         4031    .ARM.Collect$$rtentry$$00000008  c_w.l(__rtentry2.o)
    0x08000278   0x08000278   0x00000004   Code   RO         4033    .ARM.Collect$$rtentry$$0000000A  c_w.l(__rtentry2.o)
    0x0800027c   0x0800027c   0x00000000   Code   RO         4035    .ARM.Collect$$rtentry$$0000000C  c_w.l(__rtentry2.o)
    0x0800027c   0x0800027c   0x00000008   Code   RO         4036    .ARM.Collect$$rtentry$$0000000D  c_w.l(__rtentry2.o)
    0x08000284   0x08000284   0x00000002   Code   RO         4215    .ARM.Collect$$rtexit$$00000000  c_w.l(rtexit.o)
    0x08000286   0x08000286   0x00000000   Code   RO         4273    .ARM.Collect$$rtexit$$00000002  c_w.l(rtexit2.o)
    0x08000286   0x08000286   0x00000004   Code   RO         4274    .ARM.Collect$$rtexit$$00000003  c_w.l(rtexit2.o)
    0x0800028a   0x0800028a   0x00000006   Code   RO         4275    .ARM.Collect$$rtexit$$00000004  c_w.l(rtexit2.o)
    0x08000290   0x08000290   0x00000000   Code   RO         4280    .emb_text           c_w.l(maybetermalloc2.o)
    0x08000290   0x08000290   0x00000040   Code   RO         3426    .text               startup_stm32f429xx.o
    0x080002d0   0x080002d0   0x000000c8   Code   RO         3779    .text               RTX_CM4F.lib(irq_armv7m.o)
    0x08000398   0x08000398   0x000000ee   Code   RO         3955    .text               c_w.l(lludivv7m.o)
    0x08000486   0x08000486   0x00000002   PAD
    0x08000488   0x08000488   0x00000018   Code   RO         3961    .text               c_w.l(noretval__2printf.o)
    0x080004a0   0x080004a0   0x00000028   Code   RO         3963    .text               c_w.l(noretval__2sprintf.o)
    0x080004c8   0x080004c8   0x0000004e   Code   RO         3967    .text               c_w.l(_printf_pad.o)
    0x08000516   0x08000516   0x00000002   PAD
    0x08000518   0x08000518   0x00000078   Code   RO         3969    .text               c_w.l(_printf_dec.o)
    0x08000590   0x08000590   0x00000138   Code   RO         3983    .text               c_w.l(__printf_flags_wp.o)
    0x080006c8   0x080006c8   0x0000003e   Code   RO         3993    .text               c_w.l(strlen.o)
    0x08000706   0x08000706   0x0000008a   Code   RO         3995    .text               c_w.l(rt_memcpy_v6.o)
    0x08000790   0x08000790   0x00000064   Code   RO         3997    .text               c_w.l(rt_memcpy_w.o)
    0x080007f4   0x080007f4   0x00000044   Code   RO         3999    .text               c_w.l(rt_memclr.o)
    0x08000838   0x08000838   0x0000004e   Code   RO         4001    .text               c_w.l(rt_memclr_w.o)
    0x08000886   0x08000886   0x00000002   PAD
    0x08000888   0x08000888   0x00000080   Code   RO         4003    .text               c_w.l(strcmpv7m.o)
    0x08000908   0x08000908   0x00000006   Code   RO         4005    .text               c_w.l(heapauxi.o)
    0x0800090e   0x0800090e   0x000000b2   Code   RO         4014    .text               c_w.l(_printf_intcommon.o)
    0x080009c0   0x080009c0   0x00000030   Code   RO         4016    .text               c_w.l(_printf_char_common.o)
    0x080009f0   0x080009f0   0x0000000a   Code   RO         4018    .text               c_w.l(_sputc.o)
    0x080009fa   0x080009fa   0x00000002   PAD
    0x080009fc   0x080009fc   0x000001c8   Code   RO         4060    .text               c_w.l(initio_locked.o)
    0x08000bc4   0x08000bc4   0x0000004a   Code   RO         4062    .text               c_w.l(sys_stackheap_outer.o)
    0x08000c0e   0x08000c0e   0x00000076   Code   RO         4068    .text               c_w.l(h1_free_mt.o)
    0x08000c84   0x08000c84   0x000001d6   Code   RO         4120    .text               c_w.l(flsbuf.o)
    0x08000e5a   0x08000e5a   0x0000004c   Code   RO         4127    .text               c_w.l(fclose.o)
    0x08000ea6   0x08000ea6   0x00000068   Code   RO         4129    .text               c_w.l(setvbuf_locked.o)
    0x08000f0e   0x08000f0e   0x00000002   PAD
    0x08000f10   0x08000f10   0x00000144   Code   RO         4131    .text               c_w.l(fopen_locked.o)
    0x08001054   0x08001054   0x00000012   Code   RO         4133    .text               c_w.l(exit.o)
    0x08001066   0x08001066   0x0000000e   Code   RO         4139    .text               c_w.l(defsig_rtred_outer.o)
    0x08001074   0x08001074   0x00000008   Code   RO         4212    .text               c_w.l(libspace.o)
    0x0800107c   0x0800107c   0x0000000a   Code   RO         4224    .text               c_w.l(rt_heap_descriptor_twolibspace.o)
    0x08001086   0x08001086   0x00000004   Code   RO         4226    .text               c_w.l(hguard.o)
    0x0800108a   0x0800108a   0x0000008a   Code   RO         4228    .text               c_w.l(init_alloc.o)
    0x08001114   0x08001114   0x0000009e   Code   RO         4236    .text               c_w.l(h1_alloc_mt.o)
    0x080011b2   0x080011b2   0x00000002   PAD
    0x080011b4   0x080011b4   0x00000040   Code   RO         4248    .text               c_w.l(_printf_char_file_locked.o)
    0x080011f4   0x080011f4   0x000000f8   Code   RO         4250    .text               c_w.l(fseek.o)
    0x080012ec   0x080012ec   0x000000f0   Code   RO         4252    .text               c_w.l(stdio.o)
    0x080013dc   0x080013dc   0x0000000a   Code   RO         4258    .text               c_w.l(defsig_exit.o)
    0x080013e6   0x080013e6   0x00000002   PAD
    0x080013e8   0x080013e8   0x00000034   Code   RO         4262    .text               c_w.l(defsig_rtred_inner.o)
    0x0800141c   0x0800141c   0x0000000c   Code   RO         4270    .text               c_w.l(sys_exit.o)
    0x08001428   0x08001428   0x00000012   Code   RO         4285    .text               c_w.l(h1_init_mt.o)
    0x0800143a   0x0800143a   0x0000003e   Code   RO         4287    .text               c_w.l(h1_extend_mt.o)
    0x08001478   0x08001478   0x00000042   Code   RO         4293    .text               c_w.l(ftell.o)
    0x080014ba   0x080014ba   0x00000032   Code   RO         4301    .text               c_w.l(defsig_general.o)
    0x080014ec   0x080014ec   0x0000000e   Code   RO         4303    .text               c_w.l(defsig_rtmem_outer.o)
    0x080014fa   0x080014fa   0x0000000e   Code   RO         4316    .text               c_w.l(sys_wrch.o)
    0x08001508   0x08001508   0x00000002   Code   RO         4320    .text               c_w.l(use_no_semi.o)
    0x0800150a   0x0800150a   0x00000000   Code   RO         4322    .text               c_w.l(indicate_semi.o)
    0x0800150a   0x0800150a   0x00000004   Code   RO         4328    .text               c_w.l(rt_errno_addr_twolibspace.o)
    0x0800150e   0x0800150e   0x00000010   Code   RO         4332    .text               c_w.l(term_alloc.o)
    0x0800151e   0x0800151e   0x00000002   PAD
    0x08001520   0x08001520   0x00000050   Code   RO         4334    .text               c_w.l(defsig_rtmem_inner.o)
    0x08001570   0x08001570   0x0000000a   Code   RO         4343    .text               c_w.l(h1_final_mt.o)
    0x0800157a   0x0800157a   0x00000040   Code   RO         3895    .text.MessageQueueGet  RTX_CM4F.lib(rtx_msgqueue.o)
    0x080015ba   0x080015ba   0x00000058   Code   RO         3889    .text.MessageQueuePut  RTX_CM4F.lib(rtx_msgqueue.o)
    0x08001612   0x08001612   0x0000001c   Code   RO         3887    .text.MessageQueueRemove  RTX_CM4F.lib(rtx_msgqueue.o)
    0x0800162e   0x0800162e   0x00000002   PAD
    0x08001630   0x08001630   0x0000000c   Code   RO         3933    .text.OS_Tick_AcknowledgeIRQ  RTX_CM4F.lib(os_systick.o)
    0x0800163c   0x0800163c   0x0000002c   Code   RO         3929    .text.OS_Tick_Enable  RTX_CM4F.lib(os_systick.o)
    0x08001668   0x08001668   0x00000006   Code   RO         3935    .text.OS_Tick_GetIRQn  RTX_CM4F.lib(os_systick.o)
    0x0800166e   0x0800166e   0x00000002   PAD
    0x08001670   0x08001670   0x00000040   Code   RO         3927    .text.OS_Tick_Setup  RTX_CM4F.lib(os_systick.o)
    0x080016b0   0x080016b0   0x0000000c   Code   RO         3526    .text.OUTLINED_FUNCTION_0  RTX_CM4F.lib(rtx_kernel.o)
    0x080016bc   0x080016bc   0x00000006   Code   RO         3668    .text.OUTLINED_FUNCTION_0  RTX_CM4F.lib(rtx_thread.o)
    0x080016c2   0x080016c2   0x0000000c   Code   RO         3903    .text.OUTLINED_FUNCTION_0  RTX_CM4F.lib(rtx_msgqueue.o)
    0x080016ce   0x080016ce   0x00000006   Code   RO         3528    .text.OUTLINED_FUNCTION_1  RTX_CM4F.lib(rtx_kernel.o)
    0x080016d4   0x080016d4   0x00000064   Code   RO         3620    .text.ThreadFlagsCheck  RTX_CM4F.lib(rtx_thread.o)
    0x08001738   0x08001738   0x00000048   Code   RO         3720    .text.TimerInsert   RTX_CM4F.lib(rtx_timer.o)
    0x08001780   0x08001780   0x00000028   Code   RO         3728    .text.TimerRemove   RTX_CM4F.lib(rtx_timer.o)
    0x080017a8   0x080017a8   0x00000024   Code   RO         3686    .text.osDelay       RTX_CM4F.lib(rtx_delay.o)
    0x080017cc   0x080017cc   0x00000030   Code   RO         3478    .text.osKernelGetState  RTX_CM4F.lib(rtx_kernel.o)
    0x080017fc   0x080017fc   0x00000028   Code   RO         3494    .text.osKernelGetTickCount  RTX_CM4F.lib(rtx_kernel.o)
    0x08001824   0x08001824   0x0000002c   Code   RO         3472    .text.osKernelInitialize  RTX_CM4F.lib(rtx_kernel.o)
    0x08001850   0x08001850   0x00000024   Code   RO         3482    .text.osKernelStart  RTX_CM4F.lib(rtx_kernel.o)
    0x08001874   0x08001874   0x00000070   Code   RO         3863    .text.osMessageQueueGet  RTX_CM4F.lib(rtx_msgqueue.o)
    0x080018e4   0x080018e4   0x00000080   Code   RO         3861    .text.osMessageQueuePut  RTX_CM4F.lib(rtx_msgqueue.o)
    0x08001964   0x08001964   0x00000024   Code   RO         3752    .text.osMutexAcquire  RTX_CM4F.lib(rtx_mutex.o)
    0x08001988   0x08001988   0x00000024   Code   RO         3758    .text.osMutexDelete  RTX_CM4F.lib(rtx_mutex.o)
    0x080019ac   0x080019ac   0x00000024   Code   RO         3748    .text.osMutexNew    RTX_CM4F.lib(rtx_mutex.o)
    0x080019d0   0x080019d0   0x00000024   Code   RO         3754    .text.osMutexRelease  RTX_CM4F.lib(rtx_mutex.o)
    0x080019f4   0x080019f4   0x00000004   Code   RO         3470    .text.osRtxKernelErrorNotify  RTX_CM4F.lib(rtx_kernel.o)
    0x080019f8   0x080019f8   0x00000002   Code   RO         3468    .text.osRtxKernelPreInit  RTX_CM4F.lib(rtx_kernel.o)
    0x080019fa   0x080019fa   0x0000006c   Code   RO         3789    .text.osRtxMemoryAlloc  RTX_CM4F.lib(rtx_memory.o)
    0x08001a66   0x08001a66   0x00000042   Code   RO         3791    .text.osRtxMemoryFree  RTX_CM4F.lib(rtx_memory.o)
    0x08001aa8   0x08001aa8   0x00000036   Code   RO         3787    .text.osRtxMemoryInit  RTX_CM4F.lib(rtx_memory.o)
    0x08001ade   0x08001ade   0x0000003a   Code   RO         3803    .text.osRtxMemoryPoolAlloc  RTX_CM4F.lib(rtx_mempool.o)
    0x08001b18   0x08001b18   0x0000004a   Code   RO         3805    .text.osRtxMemoryPoolFree  RTX_CM4F.lib(rtx_mempool.o)
    0x08001b62   0x08001b62   0x00000038   Code   RO         3801    .text.osRtxMemoryPoolInit  RTX_CM4F.lib(rtx_mempool.o)
    0x08001b9a   0x08001b9a   0x000000aa   Code   RO         3885    .text.osRtxMessageQueuePostProcess  RTX_CM4F.lib(rtx_msgqueue.o)
    0x08001c44   0x08001c44   0x00000028   Code   RO         3853    .text.osRtxMessageQueueTimerSetup  RTX_CM4F.lib(rtx_msgqueue.o)
    0x08001c6c   0x08001c6c   0x00000048   Code   RO         3744    .text.osRtxMutexOwnerRelease  RTX_CM4F.lib(rtx_mutex.o)
    0x08001cb4   0x08001cb4   0x00000042   Code   RO         3746    .text.osRtxMutexOwnerRestore  RTX_CM4F.lib(rtx_mutex.o)
    0x08001cf6   0x08001cf6   0x00000002   PAD
    0x08001cf8   0x08001cf8   0x0000008c   Code   RO         3915    .text.osRtxPendSV_Handler  RTX_CM4F.lib(rtx_system.o)
    0x08001d84   0x08001d84   0x00000074   Code   RO         3917    .text.osRtxPostProcess  RTX_CM4F.lib(rtx_system.o)
    0x08001df8   0x08001df8   0x00000038   Code   RO         3560    .text.osRtxThreadBlock  RTX_CM4F.lib(rtx_thread.o)
    0x08001e30   0x08001e30   0x00000080   Code   RO         3568    .text.osRtxThreadDelayInsert  RTX_CM4F.lib(rtx_thread.o)
    0x08001eb0   0x08001eb0   0x00000040   Code   RO         3564    .text.osRtxThreadDelayRemove  RTX_CM4F.lib(rtx_thread.o)
    0x08001ef0   0x08001ef0   0x0000004c   Code   RO         3550    .text.osRtxThreadDelayTick  RTX_CM4F.lib(rtx_thread.o)
    0x08001f3c   0x08001f3c   0x00000024   Code   RO         3652    .text.osRtxThreadDestroy  RTX_CM4F.lib(rtx_thread.o)
    0x08001f60   0x08001f60   0x00000054   Code   RO         3558    .text.osRtxThreadDispatch  RTX_CM4F.lib(rtx_thread.o)
    0x08001fb4   0x08001fb4   0x00000058   Code   RO         3644    .text.osRtxThreadFree  RTX_CM4F.lib(rtx_thread.o)
    0x0800200c   0x0800200c   0x0000001e   Code   RO         3650    .text.osRtxThreadJoinWakeup  RTX_CM4F.lib(rtx_thread.o)
    0x0800202a   0x0800202a   0x00000012   Code   RO         3542    .text.osRtxThreadListGet  RTX_CM4F.lib(rtx_thread.o)
    0x0800203c   0x0800203c   0x0000002c   Code   RO         3540    .text.osRtxThreadListPut  RTX_CM4F.lib(rtx_thread.o)
    0x08002068   0x08002068   0x00000014   Code   RO         3546    .text.osRtxThreadListRemove  RTX_CM4F.lib(rtx_thread.o)
    0x0800207c   0x0800207c   0x0000000c   Code   RO         3552    .text.osRtxThreadListRoot  RTX_CM4F.lib(rtx_thread.o)
    0x08002088   0x08002088   0x00000026   Code   RO         3544    .text.osRtxThreadListSort  RTX_CM4F.lib(rtx_thread.o)
    0x080020ae   0x080020ae   0x00000028   Code   RO         3618    .text.osRtxThreadPostProcess  RTX_CM4F.lib(rtx_thread.o)
    0x080020d6   0x080020d6   0x00000002   PAD
    0x080020d8   0x080020d8   0x00000014   Code   RO         3548    .text.osRtxThreadReadyPut  RTX_CM4F.lib(rtx_thread.o)
    0x080020ec   0x080020ec   0x00000014   Code   RO         3554    .text.osRtxThreadRegPtr  RTX_CM4F.lib(rtx_thread.o)
    0x08002100   0x08002100   0x0000003c   Code   RO         3570    .text.osRtxThreadStartup  RTX_CM4F.lib(rtx_thread.o)
    0x0800213c   0x0800213c   0x00000010   Code   RO         3556    .text.osRtxThreadSwitch  RTX_CM4F.lib(rtx_thread.o)
    0x0800214c   0x0800214c   0x0000003c   Code   RO         3566    .text.osRtxThreadWaitEnter  RTX_CM4F.lib(rtx_thread.o)
    0x08002188   0x08002188   0x00000030   Code   RO         3562    .text.osRtxThreadWaitExit  RTX_CM4F.lib(rtx_thread.o)
    0x080021b8   0x080021b8   0x00000078   Code   RO         3913    .text.osRtxTick_Handler  RTX_CM4F.lib(rtx_system.o)
    0x08002230   0x08002230   0x00000020   Code   RO         3702    .text.osRtxTimerSetup  RTX_CM4F.lib(rtx_timer.o)
    0x08002250   0x08002250   0x00000020   Code   RO         3706    .text.osRtxTimerThread  RTX_CM4F.lib(rtx_timer.o)
    0x08002270   0x08002270   0x00000070   Code   RO         3704    .text.osRtxTimerTick  RTX_CM4F.lib(rtx_timer.o)
    0x080022e0   0x080022e0   0x0000000c   Code   RO         3602    .text.osThreadExit  RTX_CM4F.lib(rtx_thread.o)
    0x080022ec   0x080022ec   0x00000058   Code   RO         3610    .text.osThreadFlagsSet  RTX_CM4F.lib(rtx_thread.o)
    0x08002344   0x08002344   0x00000024   Code   RO         3616    .text.osThreadFlagsWait  RTX_CM4F.lib(rtx_thread.o)
    0x08002368   0x08002368   0x00000028   Code   RO         3578    .text.osThreadGetId  RTX_CM4F.lib(rtx_thread.o)
    0x08002390   0x08002390   0x00000024   Code   RO         3574    .text.osThreadNew   RTX_CM4F.lib(rtx_thread.o)
    0x080023b4   0x080023b4   0x00000024   Code   RO         3592    .text.osThreadYield  RTX_CM4F.lib(rtx_thread.o)
    0x080023d8   0x080023d8   0x00000024   Code   RO         3708    .text.osTimerNew    RTX_CM4F.lib(rtx_timer.o)
    0x080023fc   0x080023fc   0x00000024   Code   RO         3712    .text.osTimerStart  RTX_CM4F.lib(rtx_timer.o)
    0x08002420   0x08002420   0x00000024   Code   RO         3714    .text.osTimerStop   RTX_CM4F.lib(rtx_timer.o)
    0x08002444   0x08002444   0x00000016   Code   RO         3690    .text.svcRtxDelay   RTX_CM4F.lib(rtx_delay.o)
    0x0800245a   0x0800245a   0x00000002   PAD
    0x0800245c   0x0800245c   0x0000000c   Code   RO         3480    .text.svcRtxKernelGetState  RTX_CM4F.lib(rtx_kernel.o)
    0x08002468   0x08002468   0x0000000c   Code   RO         3496    .text.svcRtxKernelGetTickCount  RTX_CM4F.lib(rtx_kernel.o)
    0x08002474   0x08002474   0x00000100   Code   RO         3510    .text.svcRtxKernelInitialize  RTX_CM4F.lib(rtx_kernel.o)
    0x08002574   0x08002574   0x00000088   Code   RO         3512    .text.svcRtxKernelStart  RTX_CM4F.lib(rtx_kernel.o)
    0x080025fc   0x080025fc   0x000000d8   Code   RO         3897    .text.svcRtxMessageQueueGet  RTX_CM4F.lib(rtx_msgqueue.o)
    0x080026d4   0x080026d4   0x00000118   Code   RO         3855    .text.svcRtxMessageQueueNew  RTX_CM4F.lib(rtx_msgqueue.o)
    0x080027ec   0x080027ec   0x000000b4   Code   RO         3893    .text.svcRtxMessageQueuePut  RTX_CM4F.lib(rtx_msgqueue.o)
    0x080028a0   0x080028a0   0x00000090   Code   RO         3764    .text.svcRtxMutexAcquire  RTX_CM4F.lib(rtx_mutex.o)
    0x08002930   0x08002930   0x000000b0   Code   RO         3770    .text.svcRtxMutexDelete  RTX_CM4F.lib(rtx_mutex.o)
    0x080029e0   0x080029e0   0x00000068   Code   RO         3760    .text.svcRtxMutexNew  RTX_CM4F.lib(rtx_mutex.o)
    0x08002a48   0x08002a48   0x000000b4   Code   RO         3766    .text.svcRtxMutexRelease  RTX_CM4F.lib(rtx_mutex.o)
    0x08002afc   0x08002afc   0x0000004c   Code   RO         3648    .text.svcRtxThreadExit  RTX_CM4F.lib(rtx_thread.o)
    0x08002b48   0x08002b48   0x00000066   Code   RO         3660    .text.svcRtxThreadFlagsSet  RTX_CM4F.lib(rtx_thread.o)
    0x08002bae   0x08002bae   0x00000002   PAD
    0x08002bb0   0x08002bb0   0x0000004c   Code   RO         3666    .text.svcRtxThreadFlagsWait  RTX_CM4F.lib(rtx_thread.o)
    0x08002bfc   0x08002bfc   0x0000000c   Code   RO         3580    .text.svcRtxThreadGetId  RTX_CM4F.lib(rtx_thread.o)
    0x08002c08   0x08002c08   0x000001ec   Code   RO         3572    .text.svcRtxThreadNew  RTX_CM4F.lib(rtx_thread.o)
    0x08002df4   0x08002df4   0x00000038   Code   RO         3634    .text.svcRtxThreadYield  RTX_CM4F.lib(rtx_thread.o)
    0x08002e2c   0x08002e2c   0x00000078   Code   RO         3722    .text.svcRtxTimerNew  RTX_CM4F.lib(rtx_timer.o)
    0x08002ea4   0x08002ea4   0x00000048   Code   RO         3726    .text.svcRtxTimerStart  RTX_CM4F.lib(rtx_timer.o)
    0x08002eec   0x08002eec   0x00000028   Code   RO         3730    .text.svcRtxTimerStop  RTX_CM4F.lib(rtx_timer.o)
    0x08002f14   0x08002f14   0x0000009c   Code   RO          597    i.Disable_SPI_Clock  spi_stm32f4xx.o
    0x08002fb0   0x08002fb0   0x000001d8   Code   RO          598    i.Enable_GPIO_Clock  spi_stm32f4xx.o
    0x08003188   0x08003188   0x0000010c   Code   RO          599    i.Enable_SPI_Clock  spi_stm32f4xx.o
    0x08003294   0x08003294   0x00000004   Code   RO            4    i.Error_Handler     main.o
    0x08003298   0x08003298   0x00000028   Code   RO         1210    i.HAL_DMA_Abort_IT  stm32f4xx_hal_dma.o
    0x080032c0   0x080032c0   0x00000180   Code   RO         1353    i.HAL_GPIO_DeInit   stm32f4xx_hal_gpio.o
    0x08003440   0x08003440   0x0000021c   Code   RO         1356    i.HAL_GPIO_Init     stm32f4xx_hal_gpio.o
    0x0800365c   0x0800365c   0x00000012   Code   RO         1359    i.HAL_GPIO_TogglePin  stm32f4xx_hal_gpio.o
    0x0800366e   0x0800366e   0x0000000c   Code   RO         1360    i.HAL_GPIO_WritePin  stm32f4xx_hal_gpio.o
    0x0800367a   0x0800367a   0x00000002   PAD
    0x0800367c   0x0800367c   0x0000000c   Code   RO          882    i.HAL_GetREVID      stm32f4xx_hal.o
    0x08003688   0x08003688   0x0000004c   Code   RO            5    i.HAL_GetTick       main.o
    0x080036d4   0x080036d4   0x00000030   Code   RO          890    i.HAL_Init          stm32f4xx_hal.o
    0x08003704   0x08003704   0x0000004c   Code   RO          891    i.HAL_InitTick      stm32f4xx_hal.o
    0x08003750   0x08003750   0x00000002   Code   RO          893    i.HAL_MspInit       stm32f4xx_hal.o
    0x08003752   0x08003752   0x00000002   PAD
    0x08003754   0x08003754   0x0000002c   Code   RO         1070    i.HAL_NVIC_DisableIRQ  stm32f4xx_hal_cortex.o
    0x08003780   0x08003780   0x00000028   Code   RO         1071    i.HAL_NVIC_EnableIRQ  stm32f4xx_hal_cortex.o
    0x080037a8   0x080037a8   0x0000007c   Code   RO         1077    i.HAL_NVIC_SetPriority  stm32f4xx_hal_cortex.o
    0x08003824   0x08003824   0x00000028   Code   RO         1078    i.HAL_NVIC_SetPriorityGrouping  stm32f4xx_hal_cortex.o
    0x0800384c   0x0800384c   0x0000000c   Code   RO         1426    i.HAL_PWR_EnableBkUpAccess  stm32f4xx_hal_pwr.o
    0x08003858   0x08003858   0x00000184   Code   RO         1612    i.HAL_RCC_ClockConfig  stm32f4xx_hal_rcc.o
    0x080039dc   0x080039dc   0x0000000c   Code   RO         1617    i.HAL_RCC_GetHCLKFreq  stm32f4xx_hal_rcc.o
    0x080039e8   0x080039e8   0x00000020   Code   RO         1620    i.HAL_RCC_GetPCLK2Freq  stm32f4xx_hal_rcc.o
    0x08003a08   0x08003a08   0x000000b0   Code   RO         1621    i.HAL_RCC_GetSysClockFreq  stm32f4xx_hal_rcc.o
    0x08003ab8   0x08003ab8   0x00000488   Code   RO         1624    i.HAL_RCC_OscConfig  stm32f4xx_hal_rcc.o
    0x08003f40   0x08003f40   0x00000002   Code   RO         1917    i.HAL_RTCEx_AlarmBEventCallback  stm32f4xx_hal_rtc_ex.o
    0x08003f42   0x08003f42   0x00000002   Code   RO         1779    i.HAL_RTC_AlarmAEventCallback  stm32f4xx_hal_rtc.o
    0x08003f44   0x08003f44   0x0000006c   Code   RO         1780    i.HAL_RTC_AlarmIRQHandler  stm32f4xx_hal_rtc.o
    0x08003fb0   0x08003fb0   0x0000004c   Code   RO         1784    i.HAL_RTC_GetDate   stm32f4xx_hal_rtc.o
    0x08003ffc   0x08003ffc   0x00000060   Code   RO         1786    i.HAL_RTC_GetTime   stm32f4xx_hal_rtc.o
    0x0800405c   0x0800405c   0x000000d8   Code   RO         1787    i.HAL_RTC_Init      stm32f4xx_hal_rtc.o
    0x08004134   0x08004134   0x00000002   Code   RO         1789    i.HAL_RTC_MspInit   stm32f4xx_hal_rtc.o
    0x08004136   0x08004136   0x00000002   PAD
    0x08004138   0x08004138   0x00000208   Code   RO         1792    i.HAL_RTC_SetAlarm_IT  stm32f4xx_hal_rtc.o
    0x08004340   0x08004340   0x00000104   Code   RO         1793    i.HAL_RTC_SetDate   stm32f4xx_hal_rtc.o
    0x08004444   0x08004444   0x0000012c   Code   RO         1794    i.HAL_RTC_SetTime   stm32f4xx_hal_rtc.o
    0x08004570   0x08004570   0x0000003a   Code   RO         1795    i.HAL_RTC_WaitForSynchro  stm32f4xx_hal_rtc.o
    0x080045aa   0x080045aa   0x00000034   Code   RO         1082    i.HAL_SYSTICK_Config  stm32f4xx_hal_cortex.o
    0x080045de   0x080045de   0x00000046   Code   RO         2487    i.HAL_TIM_Base_DeInit  stm32f4xx_hal_tim.o
    0x08004624   0x08004624   0x00000034   Code   RO         2489    i.HAL_TIM_Base_Init  stm32f4xx_hal_tim.o
    0x08004658   0x08004658   0x00000002   Code   RO         2490    i.HAL_TIM_Base_MspDeInit  stm32f4xx_hal_tim.o
    0x0800465a   0x0800465a   0x00000002   Code   RO         2491    i.HAL_TIM_Base_MspInit  stm32f4xx_hal_tim.o
    0x0800465c   0x0800465c   0x0000002a   Code   RO         2492    i.HAL_TIM_Base_Start  stm32f4xx_hal_tim.o
    0x08004686   0x08004686   0x00000038   Code   RO         2495    i.HAL_TIM_Base_Stop  stm32f4xx_hal_tim.o
    0x080046be   0x080046be   0x00000002   PAD
    0x080046c0   0x080046c0   0x00000030   Code   RO          774    i.ITM_SendChar      retarget_io.o
    0x080046f0   0x080046f0   0x00000028   Code   RO          441    i.Init_ThAlarm      thalarm.o
    0x08004718   0x08004718   0x00000028   Code   RO          402    i.Init_ThLCD        thlcd.o
    0x08004740   0x08004740   0x00000028   Code   RO          320    i.Init_Timer5       rtc.o
    0x08004768   0x08004768   0x00000028   Code   RO          321    i.Init_Timer_500    rtc.o
    0x08004790   0x08004790   0x0000004c   Code   RO          168    i.LCD_Init          lcd.o
    0x080047dc   0x080047dc   0x00000058   Code   RO          169    i.LCD_escribir_linea  lcd.o
    0x08004834   0x08004834   0x0000011c   Code   RO          170    i.LCD_reset         lcd.o
    0x08004950   0x08004950   0x00000068   Code   RO          172    i.LCD_symbolToLocalBuffer_L1  lcd.o
    0x080049b8   0x080049b8   0x00000068   Code   RO          173    i.LCD_symbolToLocalBuffer_L2  lcd.o
    0x08004a20   0x08004a20   0x000000a0   Code   RO          174    i.LCD_update        lcd.o
    0x08004ac0   0x08004ac0   0x0000005c   Code   RO          175    i.LCD_wr_cmd        lcd.o
    0x08004b1c   0x08004b1c   0x0000005c   Code   RO          176    i.LCD_wr_data       lcd.o
    0x08004b78   0x08004b78   0x000000ec   Code   RO          265    i.LED_Initialize    conf_leds.o
    0x08004c64   0x08004c64   0x00000020   Code   RO          322    i.RTC_Alarm_IRQHandler  rtc.o
    0x08004c84   0x08004c84   0x00000016   Code   RO         1796    i.RTC_Bcd2ToByte    stm32f4xx_hal_rtc.o
    0x08004c9a   0x08004c9a   0x0000001a   Code   RO         1797    i.RTC_ByteToBcd2    stm32f4xx_hal_rtc.o
    0x08004cb4   0x08004cb4   0x0000003e   Code   RO         1798    i.RTC_EnterInitMode  stm32f4xx_hal_rtc.o
    0x08004cf2   0x08004cf2   0x00000002   PAD
    0x08004cf4   0x08004cf4   0x00000018   Code   RO          600    i.SPI1_Control      spi_stm32f4xx.o
    0x08004d0c   0x08004d0c   0x00000010   Code   RO          601    i.SPI1_GetDataCount  spi_stm32f4xx.o
    0x08004d1c   0x08004d1c   0x00000010   Code   RO          602    i.SPI1_GetStatus    spi_stm32f4xx.o
    0x08004d2c   0x08004d2c   0x00000010   Code   RO          603    i.SPI1_IRQHandler   spi_stm32f4xx.o
    0x08004d3c   0x08004d3c   0x00000014   Code   RO          604    i.SPI1_Initialize   spi_stm32f4xx.o
    0x08004d50   0x08004d50   0x00000014   Code   RO          605    i.SPI1_PowerControl  spi_stm32f4xx.o
    0x08004d64   0x08004d64   0x00000018   Code   RO          606    i.SPI1_Receive      spi_stm32f4xx.o
    0x08004d7c   0x08004d7c   0x00000018   Code   RO          607    i.SPI1_Send         spi_stm32f4xx.o
    0x08004d94   0x08004d94   0x0000001c   Code   RO          608    i.SPI1_Transfer     spi_stm32f4xx.o
    0x08004db0   0x08004db0   0x00000010   Code   RO          609    i.SPI1_Uninitialize  spi_stm32f4xx.o
    0x08004dc0   0x08004dc0   0x0000000c   Code   RO          610    i.SPIX_GetCapabilities  spi_stm32f4xx.o
    0x08004dcc   0x08004dcc   0x00000010   Code   RO          611    i.SPIX_GetVersion   spi_stm32f4xx.o
    0x08004ddc   0x08004ddc   0x0000050a   Code   RO          612    i.SPI_Control       spi_stm32f4xx.o
    0x080052e6   0x080052e6   0x00000008   Code   RO          613    i.SPI_GetDataCount  spi_stm32f4xx.o
    0x080052ee   0x080052ee   0x0000002c   Code   RO          614    i.SPI_GetStatus     spi_stm32f4xx.o
    0x0800531a   0x0800531a   0x00000106   Code   RO          615    i.SPI_IRQHandler    spi_stm32f4xx.o
    0x08005420   0x08005420   0x000000d4   Code   RO          616    i.SPI_Initialize    spi_stm32f4xx.o
    0x080054f4   0x080054f4   0x00000124   Code   RO          617    i.SPI_PeripheralReset  spi_stm32f4xx.o
    0x08005618   0x08005618   0x00000104   Code   RO          618    i.SPI_PowerControl  spi_stm32f4xx.o
    0x0800571c   0x0800571c   0x00000088   Code   RO          619    i.SPI_Receive       spi_stm32f4xx.o
    0x080057a4   0x080057a4   0x00000056   Code   RO          620    i.SPI_RxData        spi_stm32f4xx.o
    0x080057fa   0x080057fa   0x00000088   Code   RO          621    i.SPI_Send          spi_stm32f4xx.o
    0x08005882   0x08005882   0x00000076   Code   RO          622    i.SPI_Transfer      spi_stm32f4xx.o
    0x080058f8   0x080058f8   0x00000054   Code   RO          623    i.SPI_TxData        spi_stm32f4xx.o
    0x0800594c   0x0800594c   0x00000066   Code   RO          624    i.SPI_Uninitialize  spi_stm32f4xx.o
    0x080059b2   0x080059b2   0x00000002   PAD
    0x080059b4   0x080059b4   0x000000c0   Code   RO            6    i.SystemClock_Config  main.o
    0x08005a74   0x08005a74   0x000000c0   Code   RO         3433    i.SystemCoreClockUpdate  system_stm32f4xx.o
    0x08005b34   0x08005b34   0x0000001c   Code   RO         3434    i.SystemInit        system_stm32f4xx.o
    0x08005b50   0x08005b50   0x000000d8   Code   RO         2577    i.TIM_Base_SetConfig  stm32f4xx_hal_tim.o
    0x08005c28   0x08005c28   0x0000003c   Code   RO          442    i.ThAlarm           thalarm.o
    0x08005c64   0x08005c64   0x0000003a   Code   RO          403    i.ThLCD             thlcd.o
    0x08005c9e   0x08005c9e   0x00000002   PAD
    0x08005ca0   0x08005ca0   0x00000014   Code   RO          323    i.Timer500_Callback  rtc.o
    0x08005cb4   0x08005cb4   0x00000014   Code   RO          324    i.Timer5_Callback   rtc.o
    0x08005cc8   0x08005cc8   0x00000010   Code   RO         1084    i.__NVIC_GetPriorityGrouping  stm32f4xx_hal_cortex.o
    0x08005cd8   0x08005cd8   0x00000028   Code   RO         1085    i.__NVIC_SetPriority  stm32f4xx_hal_cortex.o
    0x08005d00   0x08005d00   0x00000058   Code   RO          475    i.__user_perthread_libspace  rtx_lib.o
    0x08005d58   0x08005d58   0x0000000e   Code   RO         3981    i._is_digit         c_w.l(__printf_wp.o)
    0x08005d66   0x08005d66   0x00000016   Code   RO          476    i._mutex_acquire    rtx_lib.o
    0x08005d7c   0x08005d7c   0x0000000c   Code   RO          477    i._mutex_free       rtx_lib.o
    0x08005d88   0x08005d88   0x00000022   Code   RO          478    i._mutex_initialize  rtx_lib.o
    0x08005daa   0x08005daa   0x00000012   Code   RO          479    i._mutex_release    rtx_lib.o
    0x08005dbc   0x08005dbc   0x00000008   Code   RO          480    i._platform_post_stackheap_init  rtx_lib.o
    0x08005dc4   0x08005dc4   0x00000026   Code   RO          775    i._sys_close        retarget_io.o
    0x08005dea   0x08005dea   0x00000024   Code   RO          776    i._sys_flen         retarget_io.o
    0x08005e0e   0x08005e0e   0x00000024   Code   RO          777    i._sys_istty        retarget_io.o
    0x08005e32   0x08005e32   0x00000002   PAD
    0x08005e34   0x08005e34   0x00000068   Code   RO          778    i._sys_open         retarget_io.o
    0x08005e9c   0x08005e9c   0x0000002c   Code   RO          780    i._sys_seek         retarget_io.o
    0x08005ec8   0x08005ec8   0x00000058   Code   RO          781    i._sys_write        retarget_io.o
    0x08005f20   0x08005f20   0x00000078   Code   RO          177    i.delay             lcd.o
    0x08005f98   0x08005f98   0x0000001a   Code   RO         4051    i.fputc             c_w.l(fputc.o)
    0x08005fb2   0x08005fb2   0x00000002   PAD
    0x08005fb4   0x08005fb4   0x00000094   Code   RO          325    i.get_tiempo_fecha  rtc.o
    0x08006048   0x08006048   0x000000bc   Code   RO          326    i.init_RTC          rtc.o
    0x08006104   0x08006104   0x0000003e   Code   RO            7    i.main              main.o
    0x08006142   0x08006142   0x00000020   Code   RO          563    i.osRtxErrorNotify  rtx_config.o
    0x08006162   0x08006162   0x00000004   Code   RO          564    i.osRtxIdleThread   rtx_config.o
    0x08006166   0x08006166   0x00000002   PAD
    0x08006168   0x08006168   0x00000020   Code   RO          481    i.os_kernel_is_active  rtx_lib.o
    0x08006188   0x08006188   0x000000cc   Code   RO          327    i.set_alarm         rtc.o
    0x08006254   0x08006254   0x000000d4   Code   RO          328    i.set_dia_hora      rtc.o
    0x08006328   0x08006328   0x0000000c   Code   RO          782    i.stderr_putchar    retarget_io.o
    0x08006334   0x08006334   0x0000000c   Code   RO          784    i.stdout_putchar    retarget_io.o
    0x08006340   0x08006340   0x0000000a   Code   RO         4268    x$fpl$fpinit        fz_wm.l(fpinit.o)
    0x0800634a   0x0800634a   0x00000960   Data   RO          179    .constdata          lcd.o
    0x08006caa   0x08006caa   0x00000002   PAD
    0x08006cac   0x08006cac   0x00000068   Data   RO          489    .constdata          rtx_lib.o
    0x08006d14   0x08006d14   0x00000080   Data   RO          626    .constdata          spi_stm32f4xx.o
    0x08006d94   0x08006d94   0x00000017   Data   RO          785    .constdata          retarget_io.o
    0x08006dab   0x08006dab   0x00000018   Data   RO         3435    .constdata          system_stm32f4xx.o
    0x08006dc3   0x08006dc3   0x00000011   Data   RO         3984    .constdata          c_w.l(__printf_flags_wp.o)
    0x08006dd4   0x08006dd4   0x000000a8   Data   RO          491    .rodata             rtx_lib.o
    0x08006e7c   0x08006e7c   0x00000001   Data   RO         3780    .rodata             RTX_CM4F.lib(irq_armv7m.o)
    0x08006e7d   0x08006e7d   0x00000003   PAD
    0x08006e80   0x08006e80   0x0000000b   Data   RO         3530    .rodata.str1.4      RTX_CM4F.lib(rtx_kernel.o)
    0x08006e8b   0x08006e8b   0x00000001   PAD
    0x08006e8c   0x08006e8c   0x00000020   Data   RO         4357    Region$$Table       anon$$obj.o


    Execution Region RW_IRAM1 (Exec base: 0x20000000, Load base: 0x08006eac, Size: 0x00009270, Max: 0x00030000, ABSOLUTE, COMPRESSED[0x0000012c])

    Exec Addr    Load Addr    Size         Type   Attr      Idx    E Section Name        Object

    0x20000000   COMPRESSED   0x00008040   Data   RW          482    .bss.os             rtx_lib.o
    0x20008040   COMPRESSED   0x000001f0   Data   RW          483    .bss.os.libspace    rtx_lib.o
    0x20008230   COMPRESSED   0x00000034   Data   RW          484    .bss.os.msgqueue.cb  rtx_lib.o
    0x20008264   COMPRESSED   0x00000050   Data   RW          485    .bss.os.msgqueue.mem  rtx_lib.o
    0x200082b4   COMPRESSED   0x00000088   Data   RW          486    .bss.os.thread.cb   rtx_lib.o
    0x2000833c   COMPRESSED   0x00000004   PAD
    0x20008340   COMPRESSED   0x00000200   Data   RW          487    .bss.os.thread.idle.stack  rtx_lib.o
    0x20008540   COMPRESSED   0x00000200   Data   RW          488    .bss.os.thread.timer.stack  rtx_lib.o
    0x20008740   COMPRESSED   0x00000004   Data   RW            8    .data               main.o
    0x20008744   COMPRESSED   0x0000000c   Data   RW          180    .data               lcd.o
    0x20008750   COMPRESSED   0x00000014   Data   RW          330    .data               rtc.o
    0x20008764   COMPRESSED   0x00000004   Data   RW          404    .data               thlcd.o
    0x20008768   COMPRESSED   0x00000004   Data   RW          443    .data               thalarm.o
    0x2000876c   COMPRESSED   0x00000001   Data   RW          490    .data               rtx_lib.o
    0x2000876d   COMPRESSED   0x00000003   PAD
    0x20008770   COMPRESSED   0x00000009   Data   RW          897    .data               stm32f4xx_hal.o
    0x20008779   COMPRESSED   0x00000003   PAD
    0x2000877c   COMPRESSED   0x00000004   Data   RW         3436    .data               system_stm32f4xx.o
    0x20008780   COMPRESSED   0x00000004   Data   RW         4026    .data               c_w.l(stdio_streams.o)
    0x20008784   COMPRESSED   0x00000004   Data   RW         4027    .data               c_w.l(stdio_streams.o)
    0x20008788   COMPRESSED   0x00000004   Data   RW         4028    .data               c_w.l(stdio_streams.o)
    0x2000878c   COMPRESSED   0x00000004   Data   RW         4124    .data               c_w.l(streamlock.o)
    0x20008790   COMPRESSED   0x000000a4   Data   RW         3531    .data.os            RTX_CM4F.lib(rtx_kernel.o)
    0x20008834        -       0x00000254   Zero   RW          178    .bss                lcd.o
    0x20008a88        -       0x0000005c   Zero   RW          329    .bss                rtc.o
    0x20008ae4        -       0x0000002c   Zero   RW          625    .bss                spi_stm32f4xx.o
    0x20008b10        -       0x00000054   Zero   RW         4023    .bss                c_w.l(stdio_streams.o)
    0x20008b64        -       0x00000054   Zero   RW         4024    .bss                c_w.l(stdio_streams.o)
    0x20008bb8        -       0x00000054   Zero   RW         4025    .bss                c_w.l(stdio_streams.o)
    0x20008c0c        -       0x00000060   Zero   RW         4213    .bss                c_w.l(libspace.o)
    0x20008c6c        -       0x00000001   Zero   RW         3945    .bss.os             RTX_CM4F.lib(os_systick.o)
    0x20008c6d   COMPRESSED   0x00000003   PAD
    0x20008c70        -       0x00000200   Zero   RW         3424    HEAP                startup_stm32f429xx.o
    0x20008e70        -       0x00000400   Zero   RW         3423    STACK               startup_stm32f429xx.o


==============================================================================

Image component sizes


      Code (inc. data)   RO Data    RW Data    ZI Data      Debug   Object Name

       236         12          0          0          0       1149   conf_leds.o
      1120        106       2400         12        596      10743   lcd.o
       334         22          0          4          0     767501   main.o
       418         30         23          0          0       7762   retarget_io.o
       904        362          0         20         92       5873   rtc.o
        36          6          0          0          0       1013   rtx_config.o
       214         12        272      34621          0      13706   rtx_lib.o
      4158        212        128          0         44      55667   spi_stm32f4xx.o
        64         26        428          0       1536        840   startup_stm32f429xx.o
       138         20          0          9          0       9462   stm32f4xx_hal.o
       356         28          0          0          0      35881   stm32f4xx_hal_cortex.o
        40          0          0          0          0       1343   stm32f4xx_hal_dma.o
       954        102          0          0          0       4291   stm32f4xx_hal_gpio.o
        12          4          0          0          0        623   stm32f4xx_hal_pwr.o
      1768         74          0          0          0       5565   stm32f4xx_hal_rcc.o
      1748         36          0          0          0      11410   stm32f4xx_hal_rtc.o
         2          0          0          0          0       1204   stm32f4xx_hal_rtc_ex.o
       440         46          0          0          0       5660   stm32f4xx_hal_tim.o
       220         26         24          4          0       1927   system_stm32f4xx.o
       100         16          0          4          0       1143   thalarm.o
        98          8          0          4          0       4881   thlcd.o

    ----------------------------------------------------------------------
     13378       1148       3309      34688       2268     947644   Object Totals
         0          0         32          0          0          0   (incl. Generated)
        18          0          2         10          0          0   (incl. Padding)

    ----------------------------------------------------------------------

      Code (inc. data)   RO Data    RW Data    ZI Data      Debug   Library Member Name

       200         12          1          0          0        634   irq_armv7m.o
       126         32          0          0          1       3200   os_systick.o
        58          4          0          0          0       2791   rtx_delay.o
       608         60         11        164          0      16501   rtx_kernel.o
       228          0          0          0          0       2537   rtx_memory.o
       188          0          0          0          0      16008   rtx_mempool.o
      1318         32          0          0          0      18657   rtx_msgqueue.o
       886         32          0          0          0       9962   rtx_mutex.o
       376         26          0          0          0       5296   rtx_system.o
      2126        116          0          0          0      31847   rtx_thread.o
       628         40          0          0          0      10397   rtx_timer.o
        58          0          0          0          0          0   __dczerorl.o
         8          0          0          0          0         68   __main.o
       312          4         17          0          0         92   __printf_flags_wp.o
        14          0          0          0          0         68   __printf_wp.o
         0          0          0          0          0          0   __rtentry.o
        20          0          0          0          0          0   __rtentry2.o
         6          0          0          0          0          0   __rtentry4.o
        52          8          0          0          0          0   __scatter.o
        28          0          0          0          0          0   __scatter_zi.o
        48          6          0          0          0         96   _printf_char_common.o
        64          6          0          0          0         84   _printf_char_file_locked.o
         6          0          0          0          0          0   _printf_d.o
       120         16          0          0          0         92   _printf_dec.o
       178          0          0          0          0         88   _printf_intcommon.o
        78          0          0          0          0        108   _printf_pad.o
         0          0          0          0          0          0   _printf_percent.o
         4          0          0          0          0          0   _printf_percent_end.o
        10          0          0          0          0         68   _sputc.o
        10          0          0          0          0         68   defsig_exit.o
        50          0          0          0          0         88   defsig_general.o
        80         58          0          0          0         76   defsig_rtmem_inner.o
        14          0          0          0          0         80   defsig_rtmem_outer.o
        52         38          0          0          0         76   defsig_rtred_inner.o
        14          0          0          0          0         80   defsig_rtred_outer.o
        18          0          0          0          0         80   exit.o
        76          0          0          0          0         88   fclose.o
       470          0          0          0          0         88   flsbuf.o
       324          8          0          0          0        152   fopen_locked.o
        26          0          0          0          0         68   fputc.o
       248          6          0          0          0         84   fseek.o
        66          0          0          0          0         76   ftell.o
       158          0          0          0          0        128   h1_alloc_mt.o
        62          0          0          0          0         80   h1_extend_mt.o
        10          0          0          0          0         76   h1_final_mt.o
       118          0          0          0          0        108   h1_free_mt.o
        18          0          0          0          0         84   h1_init_mt.o
         6          0          0          0          0        152   heapauxi.o
         4          0          0          0          0        136   hguard.o
         0          0          0          0          0          0   indicate_semi.o
       138          0          0          0          0        168   init_alloc.o
       456         48          0          0          0        116   initio_locked.o
         2          0          0          0          0          0   libinit.o
        18          0          0          0          0          0   libinit2.o
         2          0          0          0          0          0   libshutdown.o
        10          0          0          0          0          0   libshutdown2.o
         8          4          0          0         96         68   libspace.o
       238          0          0          0          0        100   lludivv7m.o
         0          0          0          0          0          0   maybetermalloc2.o
        24          4          0          0          0         84   noretval__2printf.o
        40          6          0          0          0         84   noretval__2sprintf.o
         4          0          0          0          0         68   rt_errno_addr_twolibspace.o
        10          0          0          0          0         76   rt_heap_descriptor_twolibspace.o
        68          0          0          0          0         68   rt_memclr.o
        78          0          0          0          0         80   rt_memclr_w.o
       138          0          0          0          0         68   rt_memcpy_v6.o
       100          0          0          0          0         80   rt_memcpy_w.o
         2          0          0          0          0          0   rtexit.o
        10          0          0          0          0          0   rtexit2.o
       104          0          0          0          0         88   setvbuf_locked.o
       240          6          0          0          0        156   stdio.o
         0          0          0         12        252          0   stdio_streams.o
       128          0          0          0          0         68   strcmpv7m.o
         0          0          0          4          0          0   streamlock.o
        62          0          0          0          0         76   strlen.o
        12          4          0          0          0         68   sys_exit.o
        74          0          0          0          0         80   sys_stackheap_outer.o
        14          0          0          0          0         76   sys_wrch.o
        16          0          0          0          0         80   term_alloc.o
         2          0          0          0          0         68   use_no_semi.o
        10          0          0          0          0        116   fpinit.o

    ----------------------------------------------------------------------
     11612        576         33        180        352     122398   Library Totals
        32          0          4          0          3          0   (incl. Padding)

    ----------------------------------------------------------------------

      Code (inc. data)   RO Data    RW Data    ZI Data      Debug   Library Name

      6742        354         12        164          1     117830   RTX_CM4F.lib
      4828        222         17         16        348       4452   c_w.l
        10          0          0          0          0        116   fz_wm.l

    ----------------------------------------------------------------------
     11612        576         33        180        352     122398   Library Totals

    ----------------------------------------------------------------------

==============================================================================


      Code (inc. data)   RO Data    RW Data    ZI Data      Debug   

     24990       1724       3342      34868       2620    1056154   Grand Totals
     24990       1724       3342        300       2620    1056154   ELF Image Totals (compressed)
     24990       1724       3342        300          0          0   ROM Totals

==============================================================================

    Total RO  Size (Code + RO Data)                28332 (  27.67kB)
    Total RW  Size (RW Data + ZI Data)             37488 (  36.61kB)
    Total ROM Size (Code + RO Data + RW Data)      28632 (  27.96kB)

==============================================================================

